05-26 05:47:17.092  7469  7469 F DEBUG   :       #436 pc 0000000000184b0d  /data/app/~~6kc7Ms0naIgpoLdQkUJ5EQ==/com.crosshub.idblock-ryZmdItYRQsS938nRn4FDQ==/base.apk!librnworklets.so (offset 0x11bfc000) (RNWorklet::JsiObjectWrapper::setObjectValue(facebook::jsi::Runtime&, facebook::jsi::Object&)+477) (BuildId: 2252ddf45b685a6212df2e27fe9c813f22e6c226)
05-26 05:47:17.092  7469  7469 F DEBUG   :       #437 pc 0000000000181ffc  /data/app/~~6kc7Ms0naIgpoLdQkUJ5EQ==/com.crosshub.idblock-ryZmdItYRQsS938nRn4FDQ==/base.apk!librnworklets.so (offset 0x11bfc000) (RNWorklet::JsiObjectWrapper::setValue(facebook::jsi::Runtime&, facebook::jsi::Value const&)+476) (BuildId: 2252ddf45b685a6212df2e27fe9c813f22e6c226)
05-26 05:47:17.092  7469  7469 F DEBUG   :       #438 pc 00000000001731db  /data/app/~~6kc7Ms0naIgpoLdQkUJ5EQ==/com.crosshub.idblock-ryZmdItYRQsS938nRn4FDQ==/base.apk!librnworklets.so (offset 0x11bfc000) (RNWorklet::JsiWrapper::wrap(facebook::jsi::Runtime&, facebook::jsi::Value const&, RNWorklet::JsiWrapper*, bool)+1067) (BuildId: 2252ddf45b685a6212df2e27fe9c813f22e6c226)
05-26 05:47:17.092  7469  7469 F DEBUG   :       #439 pc 0000000000184b0d  /data/app/~~6kc7Ms0naIgpoLdQkUJ5EQ==/com.crosshub.idblock-ryZmdItYRQsS938nRn4FDQ==/base.apk!librnworklets.so (offset 0x11bfc000) (RNWorklet::JsiObjectWrapper::setObjectValue(facebook::jsi::Runtime&, facebook::jsi::Object&)+477) (BuildId: 2252ddf45b685a6212df2e27fe9c813f22e6c226)
05-26 05:47:17.092  7469  7469 F DEBUG   :       #440 pc 0000000000181ffc  /data/app/~~6kc7Ms0naIgpoLdQkUJ5EQ==/com.crosshub.idblock-ryZmdItYRQsS938nRn4FDQ==/base.apk!librnworklets.so (offset 0x11bfc000) (RNWorklet::JsiObjectWrapper::setValue(facebook::jsi::Runtime&, facebook::jsi::Value const&)+476) (BuildId: 2252ddf45b685a6212df2e27fe9c813f22e6c226)
05-26 05:47:17.092  7469  7469 F DEBUG   :       #441 pc 00000000001731db  /data/app/~~6kc7Ms0naIgpoLdQkUJ5EQ==/com.crosshub.idblock-ryZmdItYRQsS938nRn4FDQ==/base.apk!librnworklets.so (offset 0x11bfc000) (RNWorklet::JsiWrapper::wrap(facebook::jsi::Runtime&, facebook::jsi::Value const&, RNWorklet::JsiWrapper*, bool)+1067) (BuildId: 2252ddf45b685a6212df2e27fe9c813f22e6c226)
05-26 05:47:17.092  7469  7469 F DEBUG   :       #442 pc 0000000000184b0d  /data/app/~~6kc7Ms0naIgpoLdQkUJ5EQ==/com.crosshub.idblock-ryZmdItYRQsS938nRn4FDQ==/base.apk!librnworklets.so (offset 0x11bfc000) (RNWorklet::JsiObjectWrapper::setObjectValue(facebook::jsi::Runtime&, facebook::jsi::Object&)+477) (BuildId: 2252ddf45b685a6212df2e27fe9c813f22e6c226)
05-26 05:47:17.092  7469  7469 F DEBUG   :       #443 pc 0000000000181ffc  /data/app/~~6kc7Ms0naIgpoLdQkUJ5EQ==/com.crosshub.idblock-ryZmdItYRQsS938nRn4FDQ==/base.apk!librnworklets.so (offset 0x11bfc000) (RNWorklet::JsiObjectWrapper::setValue(facebook::jsi::Runtime&, facebook::jsi::Value const&)+476) (BuildId: 2252ddf45b685a6212df2e27fe9c813f22e6c226)
05-26 05:47:17.092  7469  7469 F DEBUG   :       #444 pc 00000000001731db  /data/app/~~6kc7Ms0naIgpoLdQkUJ5EQ==/com.crosshub.idblock-ryZmdItYRQsS938nRn4FDQ==/base.apk!librnworklets.so (offset 0x11bfc000) (RNWorklet::JsiWrapper::wrap(facebook::jsi::Runtime&, facebook::jsi::Value const&, RNWorklet::JsiWrapper*, bool)+1067) (BuildId: 2252ddf45b685a6212df2e27fe9c813f22e6c226)
05-26 05:47:17.092  7469  7469 F DEBUG   :       #445 pc 0000000000184b0d  /data/app/~~6kc7Ms0naIgpoLdQkUJ5EQ==/com.crosshub.idblock-ryZmdItYRQsS938nRn4FDQ==/base.apk!librnworklets.so (offset 0x11bfc000) (RNWorklet::JsiObjectWrapper::setObjectValue(facebook::jsi::Runtime&, facebook::jsi::Object&)+477) (BuildId: 2252ddf45b685a6212df2e27fe9c813f22e6c226)
05-26 05:47:17.092  7469  7469 F DEBUG   :       #446 pc 0000000000181ffc  /data/app/~~6kc7Ms0naIgpoLdQkUJ5EQ==/com.crosshub.idblock-ryZmdItYRQsS938nRn4FDQ==/base.apk!librnworklets.so (offset 0x11bfc000) (RNWorklet::JsiObjectWrapper::setValue(facebook::jsi::Runtime&, facebook::jsi::Value const&)+476) (BuildId: 2252ddf45b685a6212df2e27fe9c813f22e6c226)
05-26 05:47:17.092  7469  7469 F DEBUG   :       #447 pc 00000000001731db  /data/app/~~6kc7Ms0naIgpoLdQkUJ5EQ==/com.crosshub.idblock-ryZmdItYRQsS938nRn4FDQ==/base.apk!librnworklets.so (offset 0x11bfc000) (RNWorklet::JsiWrapper::wrap(facebook::jsi::Runtime&, facebook::jsi::Value const&, RNWorklet::JsiWrapper*, bool)+1067) (BuildId: 2252ddf45b685a6212df2e27fe9c813f22e6c226)
05-26 05:47:17.092  7469  7469 F DEBUG   :       #448 pc 0000000000184b0d  /data/app/~~6kc7Ms0naIgpoLdQkUJ5EQ==/com.crosshub.idblock-ryZmdItYRQsS938nRn4FDQ==/base.apk!librnworklets.so (offset 0x11bfc000) (RNWorklet::JsiObjectWrapper::setObjectValue(facebook::jsi::Runtime&, facebook::jsi::Object&)+477) (BuildId: 2252ddf45b685a6212df2e27fe9c813f22e6c226)
05-26 05:47:17.092  7469  7469 F DEBUG   :       #449 pc 0000000000181ffc  /data/app/~~6kc7Ms0naIgpoLdQkUJ5EQ==/com.crosshub.idblock-ryZmdItYRQsS938nRn4FDQ==/base.apk!librnworklets.so (offset 0x11bfc000) (RNWorklet::JsiObjectWrapper::setValue(facebook::jsi::Runtime&, facebook::jsi::Value const&)+476) (BuildId: 2252ddf45b685a6212df2e27fe9c813f22e6c226)
05-26 05:47:17.093  7469  7469 F DEBUG   :       #450 pc 00000000001731db  /data/app/~~6kc7Ms0naIgpoLdQkUJ5EQ==/com.crosshub.idblock-ryZmdItYRQsS938nRn4FDQ==/base.apk!librnworklets.so (offset 0x11bfc000) (RNWorklet::JsiWrapper::wrap(facebook::jsi::Runtime&, facebook::jsi::Value const&, RNWorklet::JsiWrapper*, bool)+1067) (BuildId: 2252ddf45b685a6212df2e27fe9c813f22e6c226)
05-26 05:47:17.093  7469  7469 F DEBUG   :       #451 pc 0000000000184b0d  /data/app/~~6kc7Ms0naIgpoLdQkUJ5EQ==/com.crosshub.idblock-ryZmdItYRQsS938nRn4FDQ==/base.apk!librnworklets.so (offset 0x11bfc000) (RNWorklet::JsiObjectWrapper::setObjectValue(facebook::jsi::Runtime&, facebook::jsi::Object&)+477) (BuildId: 2252ddf45b685a6212df2e27fe9c813f22e6c226)
05-26 05:47:17.093  7469  7469 F DEBUG   :       #452 pc 0000000000181ffc  /data/app/~~6kc7Ms0naIgpoLdQkUJ5EQ==/com.crosshub.idblock-ryZmdItYRQsS938nRn4FDQ==/base.apk!librnworklets.so (offset 0x11bfc000) (RNWorklet::JsiObjectWrapper::setValue(facebook::jsi::Runtime&, facebook::jsi::Value const&)+476) (BuildId: 2252ddf45b685a6212df2e27fe9c813f22e6c226)
05-26 05:47:17.093  7469  7469 F DEBUG   :       #453 pc 00000000001731db  /data/app/~~6kc7Ms0naIgpoLdQkUJ5EQ==/com.crosshub.idblock-ryZmdItYRQsS938nRn4FDQ==/base.apk!librnworklets.so (offset 0x11bfc000) (RNWorklet::JsiWrapper::wrap(facebook::jsi::Runtime&, facebook::jsi::Value const&, RNWorklet::JsiWrapper*, bool)+1067) (BuildId: 2252ddf45b685a6212df2e27fe9c813f22e6c226)
05-26 05:47:17.093  7469  7469 F DEBUG   :       #454 pc 0000000000184b0d  /data/app/~~6kc7Ms0naIgpoLdQkUJ5EQ==/com.crosshub.idblock-ryZmdItYRQsS938nRn4FDQ==/base.apk!librnworklets.so (offset 0x11bfc000) (RNWorklet::JsiObjectWrapper::setObjectValue(facebook::jsi::Runtime&, facebook::jsi::Object&)+477) (BuildId: 2252ddf45b685a6212df2e27fe9c813f22e6c226)
05-26 05:47:17.093  7469  7469 F DEBUG   :       #455 pc 0000000000181ffc  /data/app/~~6kc7Ms0naIgpoLdQkUJ5EQ==/com.crosshub.idblock-ryZmdItYRQsS938nRn4FDQ==/base.apk!librnworklets.so (offset 0x11bfc000) (RNWorklet::JsiObjectWrapper::setValue(facebook::jsi::Runtime&, facebook::jsi::Value const&)+476) (BuildId: 2252ddf45b685a6212df2e27fe9c813f22e6c226)
05-26 05:47:17.093  7469  7469 F DEBUG   :       #456 pc 00000000001731db  /data/app/~~6kc7Ms0naIgpoLdQkUJ5EQ==/com.crosshub.idblock-ryZmdItYRQsS938nRn4FDQ==/base.apk!librnworklets.so (offset 0x11bfc000) (RNWorklet::JsiWrapper::wrap(facebook::jsi::Runtime&, facebook::jsi::Value const&, RNWorklet::JsiWrapper*, bool)+1067) (BuildId: 2252ddf45b685a6212df2e27fe9c813f22e6c226)
05-26 05:47:17.093  7469  7469 F DEBUG   :       #457 pc 0000000000184b0d  /data/app/~~6kc7Ms0naIgpoLdQkUJ5EQ==/com.crosshub.idblock-ryZmdItYRQsS938nRn4FDQ==/base.apk!librnworklets.so (offset 0x11bfc000) (RNWorklet::JsiObjectWrapper::setObjectValue(facebook::jsi::Runtime&, facebook::jsi::Object&)+477) (BuildId: 2252ddf45b685a6212df2e27fe9c813f22e6c226)
05-26 05:47:17.093  7469  7469 F DEBUG   :       #458 pc 0000000000181ffc  /data/app/~~6kc7Ms0naIgpoLdQkUJ5EQ==/com.crosshub.idblock-ryZmdItYRQsS938nRn4FDQ==/base.apk!librnworklets.so (offset 0x11bfc000) (RNWorklet::JsiObjectWrapper::setValue(facebook::jsi::Runtime&, facebook::jsi::Value const&)+476) (BuildId: 2252ddf45b685a6212df2e27fe9c813f22e6c226)
05-26 05:47:17.093  7469  7469 F DEBUG   :       #459 pc 00000000001731db  /data/app/~~6kc7Ms0naIgpoLdQkUJ5EQ==/com.crosshub.idblock-ryZmdItYRQsS938nRn4FDQ==/base.apk!librnworklets.so (offset 0x11bfc000) (RNWorklet::JsiWrapper::wrap(facebook::jsi::Runtime&, facebook::jsi::Value const&, RNWorklet::JsiWrapper*, bool)+1067) (BuildId: 2252ddf45b685a6212df2e27fe9c813f22e6c226)
05-26 05:47:17.093  7469  7469 F DEBUG   :       #460 pc 0000000000184b0d  /data/app/~~6kc7Ms0naIgpoLdQkUJ5EQ==/com.crosshub.idblock-ryZmdItYRQsS938nRn4FDQ==/base.apk!librnworklets.so (offset 0x11bfc000) (RNWorklet::JsiObjectWrapper::setObjectValue(facebook::jsi::Runtime&, facebook::jsi::Object&)+477) (BuildId: 2252ddf45b685a6212df2e27fe9c813f22e6c226)
05-26 05:47:17.093  7469  7469 F DEBUG   :       #461 pc 0000000000181ffc  /data/app/~~6kc7Ms0naIgpoLdQkUJ5EQ==/com.crosshub.idblock-ryZmdItYRQsS938nRn4FDQ==/base.apk!librnworklets.so (offset 0x11bfc000) (RNWorklet::JsiObjectWrapper::setValue(facebook::jsi::Runtime&, facebook::jsi::Value const&)+476) (BuildId: 2252ddf45b685a6212df2e27fe9c813f22e6c226)
05-26 05:47:17.093  7469  7469 F DEBUG   :       #462 pc 00000000001731db  /data/app/~~6kc7Ms0naIgpoLdQkUJ5EQ==/com.crosshub.idblock-ryZmdItYRQsS938nRn4FDQ==/base.apk!librnworklets.so (offset 0x11bfc000) (RNWorklet::JsiWrapper::wrap(facebook::jsi::Runtime&, facebook::jsi::Value const&, RNWorklet::JsiWrapper*, bool)+1067) (BuildId: 2252ddf45b685a6212df2e27fe9c813f22e6c226)
05-26 05:47:17.093  7469  7469 F DEBUG   :       #463 pc 0000000000184b0d  /data/app/~~6kc7Ms0naIgpoLdQkUJ5EQ==/com.crosshub.idblock-ryZmdItYRQsS938nRn4FDQ==/base.apk!librnworklets.so (offset 0x11bfc000) (RNWorklet::JsiObjectWrapper::setObjectValue(facebook::jsi::Runtime&, facebook::jsi::Object&)+477) (BuildId: 2252ddf45b685a6212df2e27fe9c813f22e6c226)
05-26 05:47:17.093  7469  7469 F DEBUG   :       #464 pc 0000000000181ffc  /data/app/~~6kc7Ms0naIgpoLdQkUJ5EQ==/com.crosshub.idblock-ryZmdItYRQsS938nRn4FDQ==/base.apk!librnworklets.so (offset 0x11bfc000) (RNWorklet::JsiObjectWrapper::setValue(facebook::jsi::Runtime&, facebook::jsi::Value const&)+476) (BuildId: 2252ddf45b685a6212df2e27fe9c813f22e6c226)
05-26 05:47:17.093  7469  7469 F DEBUG   :       #465 pc 00000000001731db  /data/app/~~6kc7Ms0naIgpoLdQkUJ5EQ==/com.crosshub.idblock-ryZmdItYRQsS938nRn4FDQ==/base.apk!librnworklets.so (offset 0x11bfc000) (RNWorklet::JsiWrapper::wrap(facebook::jsi::Runtime&, facebook::jsi::Value const&, RNWorklet::JsiWrapper*, bool)+1067) (BuildId: 2252ddf45b685a6212df2e27fe9c813f22e6c226)
05-26 05:47:17.093  7469  7469 F DEBUG   :       #466 pc 0000000000184b0d  /data/app/~~6kc7Ms0naIgpoLdQkUJ5EQ==/com.crosshub.idblock-ryZmdItYRQsS938nRn4FDQ==/base.apk!librnworklets.so (offset 0x11bfc000) (RNWorklet::JsiObjectWrapper::setObjectValue(facebook::jsi::Runtime&, facebook::jsi::Object&)+477) (BuildId: 2252ddf45b685a6212df2e27fe9c813f22e6c226)
05-26 05:47:17.093  7469  7469 F DEBUG   :       #467 pc 0000000000181ffc  /data/app/~~6kc7Ms0naIgpoLdQkUJ5EQ==/com.crosshub.idblock-ryZmdItYRQsS938nRn4FDQ==/base.apk!librnworklets.so (offset 0x11bfc000) (RNWorklet::JsiObjectWrapper::setValue(facebook::jsi::Runtime&, facebook::jsi::Value const&)+476) (BuildId: 2252ddf45b685a6212df2e27fe9c813f22e6c226)
05-26 05:47:17.093  7469  7469 F DEBUG   :       #468 pc 00000000001731db  /data/app/~~6kc7Ms0naIgpoLdQkUJ5EQ==/com.crosshub.idblock-ryZmdItYRQsS938nRn4FDQ==/base.apk!librnworklets.so (offset 0x11bfc000) (RNWorklet::JsiWrapper::wrap(facebook::jsi::Runtime&, facebook::jsi::Value const&, RNWorklet::JsiWrapper*, bool)+1067) (BuildId: 2252ddf45b685a6212df2e27fe9c813f22e6c226)
05-26 05:47:17.093  7469  7469 F DEBUG   :       #469 pc 0000000000184b0d  /data/app/~~6kc7Ms0naIgpoLdQkUJ5EQ==/com.crosshub.idblock-ryZmdItYRQsS938nRn4FDQ==/base.apk!librnworklets.so (offset 0x11bfc000) (RNWorklet::JsiObjectWrapper::setObjectValue(facebook::jsi::Runtime&, facebook::jsi::Object&)+477) (BuildId: 2252ddf45b685a6212df2e27fe9c813f22e6c226)
05-26 05:47:17.093  7469  7469 F DEBUG   :       #470 pc 0000000000181ffc  /data/app/~~6kc7Ms0naIgpoLdQkUJ5EQ==/com.crosshub.idblock-ryZmdItYRQsS938nRn4FDQ==/base.apk!librnworklets.so (offset 0x11bfc000) (RNWorklet::JsiObjectWrapper::setValue(facebook::jsi::Runtime&, facebook::jsi::Value const&)+476) (BuildId: 2252ddf45b685a6212df2e27fe9c813f22e6c226)
05-26 05:47:17.093  7469  7469 F DEBUG   :       #471 pc 00000000001731db  /data/app/~~6kc7Ms0naIgpoLdQkUJ5EQ==/com.crosshub.idblock-ryZmdItYRQsS938nRn4FDQ==/base.apk!librnworklets.so (offset 0x11bfc000) (RNWorklet::JsiWrapper::wrap(facebook::jsi::Runtime&, facebook::jsi::Value const&, RNWorklet::JsiWrapper*, bool)+1067) (BuildId: 2252ddf45b685a6212df2e27fe9c813f22e6c226)
05-26 05:47:17.093  7469  7469 F DEBUG   :       #472 pc 0000000000184b0d  /data/app/~~6kc7Ms0naIgpoLdQkUJ5EQ==/com.crosshub.idblock-ryZmdItYRQsS938nRn4FDQ==/base.apk!librnworklets.so (offset 0x11bfc000) (RNWorklet::JsiObjectWrapper::setObjectValue(facebook::jsi::Runtime&, facebook::jsi::Object&)+477) (BuildId: 2252ddf45b685a6212df2e27fe9c813f22e6c226)
05-26 05:47:17.093  7469  7469 F DEBUG   :       #473 pc 0000000000181ffc  /data/app/~~6kc7Ms0naIgpoLdQkUJ5EQ==/com.crosshub.idblock-ryZmdItYRQsS938nRn4FDQ==/base.apk!librnworklets.so (offset 0x11bfc000) (RNWorklet::JsiObjectWrapper::setValue(facebook::jsi::Runtime&, facebook::jsi::Value const&)+476) (BuildId: 2252ddf45b685a6212df2e27fe9c813f22e6c226)
05-26 05:47:17.093  7469  7469 F DEBUG   :       #474 pc 00000000001731db  /data/app/~~6kc7Ms0naIgpoLdQkUJ5EQ==/com.crosshub.idblock-ryZmdItYRQsS938nRn4FDQ==/base.apk!librnworklets.so (offset 0x11bfc000) (RNWorklet::JsiWrapper::wrap(facebook::jsi::Runtime&, facebook::jsi::Value const&, RNWorklet::JsiWrapper*, bool)+1067) (BuildId: 2252ddf45b685a6212df2e27fe9c813f22e6c226)
05-26 05:47:17.093  7469  7469 F DEBUG   :       #475 pc 0000000000184b0d  /data/app/~~6kc7Ms0naIgpoLdQkUJ5EQ==/com.crosshub.idblock-ryZmdItYRQsS938nRn4FDQ==/base.apk!librnworklets.so (offset 0x11bfc000) (RNWorklet::JsiObjectWrapper::setObjectValue(facebook::jsi::Runtime&, facebook::jsi::Object&)+477) (BuildId: 2252ddf45b685a6212df2e27fe9c813f22e6c226)
05-26 05:47:17.094  7469  7469 F DEBUG   :       #476 pc 0000000000181ffc  /data/app/~~6kc7Ms0naIgpoLdQkUJ5EQ==/com.crosshub.idblock-ryZmdItYRQsS938nRn4FDQ==/base.apk!librnworklets.so (offset 0x11bfc000) (RNWorklet::JsiObjectWrapper::setValue(facebook::jsi::Runtime&, facebook::jsi::Value const&)+476) (BuildId: 2252ddf45b685a6212df2e27fe9c813f22e6c226)
05-26 05:47:17.094  7469  7469 F DEBUG   :       #477 pc 00000000001731db  /data/app/~~6kc7Ms0naIgpoLdQkUJ5EQ==/com.crosshub.idblock-ryZmdItYRQsS938nRn4FDQ==/base.apk!librnworklets.so (offset 0x11bfc000) (RNWorklet::JsiWrapper::wrap(facebook::jsi::Runtime&, facebook::jsi::Value const&, RNWorklet::JsiWrapper*, bool)+1067) (BuildId: 2252ddf45b685a6212df2e27fe9c813f22e6c226)
05-26 05:47:17.094  7469  7469 F DEBUG   :       #478 pc 0000000000184b0d  /data/app/~~6kc7Ms0naIgpoLdQkUJ5EQ==/com.crosshub.idblock-ryZmdItYRQsS938nRn4FDQ==/base.apk!librnworklets.so (offset 0x11bfc000) (RNWorklet::JsiObjectWrapper::setObjectValue(facebook::jsi::Runtime&, facebook::jsi::Object&)+477) (BuildId: 2252ddf45b685a6212df2e27fe9c813f22e6c226)
05-26 05:47:17.094  7469  7469 F DEBUG   :       #479 pc 0000000000181ffc  /data/app/~~6kc7Ms0naIgpoLdQkUJ5EQ==/com.crosshub.idblock-ryZmdItYRQsS938nRn4FDQ==/base.apk!librnworklets.so (offset 0x11bfc000) (RNWorklet::JsiObjectWrapper::setValue(facebook::jsi::Runtime&, facebook::jsi::Value const&)+476) (BuildId: 2252ddf45b685a6212df2e27fe9c813f22e6c226)
05-26 05:47:17.094  7469  7469 F DEBUG   :       #480 pc 00000000001731db  /data/app/~~6kc7Ms0naIgpoLdQkUJ5EQ==/com.crosshub.idblock-ryZmdItYRQsS938nRn4FDQ==/base.apk!librnworklets.so (offset 0x11bfc000) (RNWorklet::JsiWrapper::wrap(facebook::jsi::Runtime&, facebook::jsi::Value const&, RNWorklet::JsiWrapper*, bool)+1067) (BuildId: 2252ddf45b685a6212df2e27fe9c813f22e6c226)
05-26 05:47:17.094  7469  7469 F DEBUG   :       #481 pc 0000000000184b0d  /data/app/~~6kc7Ms0naIgpoLdQkUJ5EQ==/com.crosshub.idblock-ryZmdItYRQsS938nRn4FDQ==/base.apk!librnworklets.so (offset 0x11bfc000) (RNWorklet::JsiObjectWrapper::setObjectValue(facebook::jsi::Runtime&, facebook::jsi::Object&)+477) (BuildId: 2252ddf45b685a6212df2e27fe9c813f22e6c226)
05-26 05:47:17.094  7469  7469 F DEBUG   :       #482 pc 0000000000181ffc  /data/app/~~6kc7Ms0naIgpoLdQkUJ5EQ==/com.crosshub.idblock-ryZmdItYRQsS938nRn4FDQ==/base.apk!librnworklets.so (offset 0x11bfc000) (RNWorklet::JsiObjectWrapper::setValue(facebook::jsi::Runtime&, facebook::jsi::Value const&)+476) (BuildId: 2252ddf45b685a6212df2e27fe9c813f22e6c226)
05-26 05:47:17.094  7469  7469 F DEBUG   :       #483 pc 00000000001731db  /data/app/~~6kc7Ms0naIgpoLdQkUJ5EQ==/com.crosshub.idblock-ryZmdItYRQsS938nRn4FDQ==/base.apk!librnworklets.so (offset 0x11bfc000) (RNWorklet::JsiWrapper::wrap(facebook::jsi::Runtime&, facebook::jsi::Value const&, RNWorklet::JsiWrapper*, bool)+1067) (BuildId: 2252ddf45b685a6212df2e27fe9c813f22e6c226)
05-26 05:47:17.094  7469  7469 F DEBUG   :       #484 pc 0000000000184b0d  /data/app/~~6kc7Ms0naIgpoLdQkUJ5EQ==/com.crosshub.idblock-ryZmdItYRQsS938nRn4FDQ==/base.apk!librnworklets.so (offset 0x11bfc000) (RNWorklet::JsiObjectWrapper::setObjectValue(facebook::jsi::Runtime&, facebook::jsi::Object&)+477) (BuildId: 2252ddf45b685a6212df2e27fe9c813f22e6c226)
05-26 05:47:17.094  7469  7469 F DEBUG   :       #485 pc 0000000000181ffc  /data/app/~~6kc7Ms0naIgpoLdQkUJ5EQ==/com.crosshub.idblock-ryZmdItYRQsS938nRn4FDQ==/base.apk!librnworklets.so (offset 0x11bfc000) (RNWorklet::JsiObjectWrapper::setValue(facebook::jsi::Runtime&, facebook::jsi::Value const&)+476) (BuildId: 2252ddf45b685a6212df2e27fe9c813f22e6c226)
05-26 05:47:17.094  7469  7469 F DEBUG   :       #486 pc 00000000001731db  /data/app/~~6kc7Ms0naIgpoLdQkUJ5EQ==/com.crosshub.idblock-ryZmdItYRQsS938nRn4FDQ==/base.apk!librnworklets.so (offset 0x11bfc000) (RNWorklet::JsiWrapper::wrap(facebook::jsi::Runtime&, facebook::jsi::Value const&, RNWorklet::JsiWrapper*, bool)+1067) (BuildId: 2252ddf45b685a6212df2e27fe9c813f22e6c226)
05-26 05:47:17.095  7469  7469 F DEBUG   :       #487 pc 0000000000184b0d  /data/app/~~6kc7Ms0naIgpoLdQkUJ5EQ==/com.crosshub.idblock-ryZmdItYRQsS938nRn4FDQ==/base.apk!librnworklets.so (offset 0x11bfc000) (RNWorklet::JsiObjectWrapper::setObjectValue(facebook::jsi::Runtime&, facebook::jsi::Object&)+477) (BuildId: 2252ddf45b685a6212df2e27fe9c813f22e6c226)
05-26 05:47:17.095  7469  7469 F DEBUG   :       #488 pc 0000000000181ffc  /data/app/~~6kc7Ms0naIgpoLdQkUJ5EQ==/com.crosshub.idblock-ryZmdItYRQsS938nRn4FDQ==/base.apk!librnworklets.so (offset 0x11bfc000) (RNWorklet::JsiObjectWrapper::setValue(facebook::jsi::Runtime&, facebook::jsi::Value const&)+476) (BuildId: 2252ddf45b685a6212df2e27fe9c813f22e6c226)
05-26 05:47:17.095  7469  7469 F DEBUG   :       #489 pc 00000000001731db  /data/app/~~6kc7Ms0naIgpoLdQkUJ5EQ==/com.crosshub.idblock-ryZmdItYRQsS938nRn4FDQ==/base.apk!librnworklets.so (offset 0x11bfc000) (RNWorklet::JsiWrapper::wrap(facebook::jsi::Runtime&, facebook::jsi::Value const&, RNWorklet::JsiWrapper*, bool)+1067) (BuildId: 2252ddf45b685a6212df2e27fe9c813f22e6c226)
05-26 05:47:17.095  7469  7469 F DEBUG   :       #490 pc 0000000000184b0d  /data/app/~~6kc7Ms0naIgpoLdQkUJ5EQ==/com.crosshub.idblock-ryZmdItYRQsS938nRn4FDQ==/base.apk!librnworklets.so (offset 0x11bfc000) (RNWorklet::JsiObjectWrapper::setObjectValue(facebook::jsi::Runtime&, facebook::jsi::Object&)+477) (BuildId: 2252ddf45b685a6212df2e27fe9c813f22e6c226)
05-26 05:47:17.095  7469  7469 F DEBUG   :       #491 pc 0000000000181ffc  /data/app/~~6kc7Ms0naIgpoLdQkUJ5EQ==/com.crosshub.idblock-ryZmdItYRQsS938nRn4FDQ==/base.apk!librnworklets.so (offset 0x11bfc000) (RNWorklet::JsiObjectWrapper::setValue(facebook::jsi::Runtime&, facebook::jsi::Value const&)+476) (BuildId: 2252ddf45b685a6212df2e27fe9c813f22e6c226)
05-26 05:47:17.095  7469  7469 F DEBUG   :       #492 pc 00000000001731db  /data/app/~~6kc7Ms0naIgpoLdQkUJ5EQ==/com.crosshub.idblock-ryZmdItYRQsS938nRn4FDQ==/base.apk!librnworklets.so (offset 0x11bfc000) (RNWorklet::JsiWrapper::wrap(facebook::jsi::Runtime&, facebook::jsi::Value const&, RNWorklet::JsiWrapper*, bool)+1067) (BuildId: 2252ddf45b685a6212df2e27fe9c813f22e6c226)
05-26 05:47:17.095  7469  7469 F DEBUG   :       #493 pc 0000000000184b0d  /data/app/~~6kc7Ms0naIgpoLdQkUJ5EQ==/com.crosshub.idblock-ryZmdItYRQsS938nRn4FDQ==/base.apk!librnworklets.so (offset 0x11bfc000) (RNWorklet::JsiObjectWrapper::setObjectValue(facebook::jsi::Runtime&, facebook::jsi::Object&)+477) (BuildId: 2252ddf45b685a6212df2e27fe9c813f22e6c226)
05-26 05:47:17.095  7469  7469 F DEBUG   :       #494 pc 0000000000181ffc  /data/app/~~6kc7Ms0naIgpoLdQkUJ5EQ==/com.crosshub.idblock-ryZmdItYRQsS938nRn4FDQ==/base.apk!librnworklets.so (offset 0x11bfc000) (RNWorklet::JsiObjectWrapper::setValue(facebook::jsi::Runtime&, facebook::jsi::Value const&)+476) (BuildId: 2252ddf45b685a6212df2e27fe9c813f22e6c226)
05-26 05:47:17.095  7469  7469 F DEBUG   :       #495 pc 00000000001731db  /data/app/~~6kc7Ms0naIgpoLdQkUJ5EQ==/com.crosshub.idblock-ryZmdItYRQsS938nRn4FDQ==/base.apk!librnworklets.so (offset 0x11bfc000) (RNWorklet::JsiWrapper::wrap(facebook::jsi::Runtime&, facebook::jsi::Value const&, RNWorklet::JsiWrapper*, bool)+1067) (BuildId: 2252ddf45b685a6212df2e27fe9c813f22e6c226)
05-26 05:47:17.095  7469  7469 F DEBUG   :       #496 pc 0000000000184b0d  /data/app/~~6kc7Ms0naIgpoLdQkUJ5EQ==/com.crosshub.idblock-ryZmdItYRQsS938nRn4FDQ==/base.apk!librnworklets.so (offset 0x11bfc000) (RNWorklet::JsiObjectWrapper::setObjectValue(facebook::jsi::Runtime&, facebook::jsi::Object&)+477) (BuildId: 2252ddf45b685a6212df2e27fe9c813f22e6c226)
05-26 05:47:17.095  7469  7469 F DEBUG   :       #497 pc 0000000000181ffc  /data/app/~~6kc7Ms0naIgpoLdQkUJ5EQ==/com.crosshub.idblock-ryZmdItYRQsS938nRn4FDQ==/base.apk!librnworklets.so (offset 0x11bfc000) (RNWorklet::JsiObjectWrapper::setValue(facebook::jsi::Runtime&, facebook::jsi::Value const&)+476) (BuildId: 2252ddf45b685a6212df2e27fe9c813f22e6c226)
05-26 05:47:17.095  7469  7469 F DEBUG   :       #498 pc 00000000001731db  /data/app/~~6kc7Ms0naIgpoLdQkUJ5EQ==/com.crosshub.idblock-ryZmdItYRQsS938nRn4FDQ==/base.apk!librnworklets.so (offset 0x11bfc000) (RNWorklet::JsiWrapper::wrap(facebook::jsi::Runtime&, facebook::jsi::Value const&, RNWorklet::JsiWrapper*, bool)+1067) (BuildId: 2252ddf45b685a6212df2e27fe9c813f22e6c226)
05-26 05:47:17.095  7469  7469 F DEBUG   :       #499 pc 0000000000184b0d  /data/app/~~6kc7Ms0naIgpoLdQkUJ5EQ==/com.crosshub.idblock-ryZmdItYRQsS938nRn4FDQ==/base.apk!librnworklets.so (offset 0x11bfc000) (RNWorklet::JsiObjectWrapper::setObjectValue(facebook::jsi::Runtime&, facebook::jsi::Object&)+477) (BuildId: 2252ddf45b685a6212df2e27fe9c813f22e6c226)
05-26 05:47:17.095  7469  7469 F DEBUG   :       #500 pc 0000000000181ffc  /data/app/~~6kc7Ms0naIgpoLdQkUJ5EQ==/com.crosshub.idblock-ryZmdItYRQsS938nRn4FDQ==/base.apk!librnworklets.so (offset 0x11bfc000) (RNWorklet::JsiObjectWrapper::setValue(facebook::jsi::Runtime&, facebook::jsi::Value const&)+476) (BuildId: 2252ddf45b685a6212df2e27fe9c813f22e6c226)
05-26 05:47:17.095  7469  7469 F DEBUG   :       #501 pc 00000000001731db  /data/app/~~6kc7Ms0naIgpoLdQkUJ5EQ==/com.crosshub.idblock-ryZmdItYRQsS938nRn4FDQ==/base.apk!librnworklets.so (offset 0x11bfc000) (RNWorklet::JsiWrapper::wrap(facebook::jsi::Runtime&, facebook::jsi::Value const&, RNWorklet::JsiWrapper*, bool)+1067) (BuildId: 2252ddf45b685a6212df2e27fe9c813f22e6c226)
05-26 05:47:17.095  7469  7469 F DEBUG   :       #502 pc 0000000000184b0d  /data/app/~~6kc7Ms0naIgpoLdQkUJ5EQ==/com.crosshub.idblock-ryZmdItYRQsS938nRn4FDQ==/base.apk!librnworklets.so (offset 0x11bfc000) (RNWorklet::JsiObjectWrapper::setObjectValue(facebook::jsi::Runtime&, facebook::jsi::Object&)+477) (BuildId: 2252ddf45b685a6212df2e27fe9c813f22e6c226)
05-26 05:47:17.095  7469  7469 F DEBUG   :       #503 pc 0000000000181ffc  /data/app/~~6kc7Ms0naIgpoLdQkUJ5EQ==/com.crosshub.idblock-ryZmdItYRQsS938nRn4FDQ==/base.apk!librnworklets.so (offset 0x11bfc000) (RNWorklet::JsiObjectWrapper::setValue(facebook::jsi::Runtime&, facebook::jsi::Value const&)+476) (BuildId: 2252ddf45b685a6212df2e27fe9c813f22e6c226)
05-26 05:47:17.095  7469  7469 F DEBUG   :       #504 pc 00000000001731db  /data/app/~~6kc7Ms0naIgpoLdQkUJ5EQ==/com.crosshub.idblock-ryZmdItYRQsS938nRn4FDQ==/base.apk!librnworklets.so (offset 0x11bfc000) (RNWorklet::JsiWrapper::wrap(facebook::jsi::Runtime&, facebook::jsi::Value const&, RNWorklet::JsiWrapper*, bool)+1067) (BuildId: 2252ddf45b685a6212df2e27fe9c813f22e6c226)
05-26 05:47:17.095  7469  7469 F DEBUG   :       #505 pc 0000000000184b0d  /data/app/~~6kc7Ms0naIgpoLdQkUJ5EQ==/com.crosshub.idblock-ryZmdItYRQsS938nRn4FDQ==/base.apk!librnworklets.so (offset 0x11bfc000) (RNWorklet::JsiObjectWrapper::setObjectValue(facebook::jsi::Runtime&, facebook::jsi::Object&)+477) (BuildId: 2252ddf45b685a6212df2e27fe9c813f22e6c226)
05-26 05:47:17.095  7469  7469 F DEBUG   :       #506 pc 0000000000181ffc  /data/app/~~6kc7Ms0naIgpoLdQkUJ5EQ==/com.crosshub.idblock-ryZmdItYRQsS938nRn4FDQ==/base.apk!librnworklets.so (offset 0x11bfc000) (RNWorklet::JsiObjectWrapper::setValue(facebook::jsi::Runtime&, facebook::jsi::Value const&)+476) (BuildId: 2252ddf45b685a6212df2e27fe9c813f22e6c226)
05-26 05:47:17.095  7469  7469 F DEBUG   :       #507 pc 00000000001731db  /data/app/~~6kc7Ms0naIgpoLdQkUJ5EQ==/com.crosshub.idblock-ryZmdItYRQsS938nRn4FDQ==/base.apk!librnworklets.so (offset 0x11bfc000) (RNWorklet::JsiWrapper::wrap(facebook::jsi::Runtime&, facebook::jsi::Value const&, RNWorklet::JsiWrapper*, bool)+1067) (BuildId: 2252ddf45b685a6212df2e27fe9c813f22e6c226)
05-26 05:47:17.095  7469  7469 F DEBUG   :       #508 pc 0000000000184b0d  /data/app/~~6kc7Ms0naIgpoLdQkUJ5EQ==/com.crosshub.idblock-ryZmdItYRQsS938nRn4FDQ==/base.apk!librnworklets.so (offset 0x11bfc000) (RNWorklet::JsiObjectWrapper::setObjectValue(facebook::jsi::Runtime&, facebook::jsi::Object&)+477) (BuildId: 2252ddf45b685a6212df2e27fe9c813f22e6c226)
05-26 05:47:17.095  7469  7469 F DEBUG   :       #509 pc 0000000000181ffc  /data/app/~~6kc7Ms0naIgpoLdQkUJ5EQ==/com.crosshub.idblock-ryZmdItYRQsS938nRn4FDQ==/base.apk!librnworklets.so (offset 0x11bfc000) (RNWorklet::JsiObjectWrapper::setValue(facebook::jsi::Runtime&, facebook::jsi::Value const&)+476) (BuildId: 2252ddf45b685a6212df2e27fe9c813f22e6c226)
05-26 05:47:17.095  7469  7469 F DEBUG   :       #510 pc 00000000001731db  /data/app/~~6kc7Ms0naIgpoLdQkUJ5EQ==/com.crosshub.idblock-ryZmdItYRQsS938nRn4FDQ==/base.apk!librnworklets.so (offset 0x11bfc000) (RNWorklet::JsiWrapper::wrap(facebook::jsi::Runtime&, facebook::jsi::Value const&, RNWorklet::JsiWrapper*, bool)+1067) (BuildId: 2252ddf45b685a6212df2e27fe9c813f22e6c226)
05-26 05:47:17.095  7469  7469 F DEBUG   :       #511 pc 0000000000184b0d  /data/app/~~6kc7Ms0naIgpoLdQkUJ5EQ==/com.crosshub.idblock-ryZmdItYRQsS938nRn4FDQ==/base.apk!librnworklets.so (offset 0x11bfc000) (RNWorklet::JsiObjectWrapper::setObjectValue(facebook::jsi::Runtime&, facebook::jsi::Object&)+477) (BuildId: 2252ddf45b685a6212df2e27fe9c813f22e6c226)
05-26 05:47:17.164   580  7475 W ActivityTaskManager:   Force finishing activity com.crosshub.idblock/.MainActivity
05-26 05:47:17.245   442   487 D CompositionEngine: Layer: com.crosshub.idblock/com.crosshub.idblock.MainActivity#226 had an out of bounds transparent region
05-26 05:47:17.270   580  1508 I ActivityManager: Process com.crosshub.idblock (pid 6770) has died: fg  TOP 
05-26 05:47:17.273   580  1516 I WindowManager: WIN DEATH: Window{7478307 u0 com.crosshub.idblock/com.crosshub.idblock.MainActivity}
05-26 05:47:17.273   580  1050 I ImeTracker: com.crosshub.idblock:5ef791e6: onRequestHide at ORIGIN_SERVER reason HIDE_REMOVE_CLIENT fromUser false
05-26 05:47:17.275   580  1516 W InputManager-JNI: Input channel object '7478307 com.crosshub.idblock/com.crosshub.idblock.MainActivity (client)' was disposed without first being removed with the input manager!
05-26 05:47:17.275   580  1502 D AutofillSession: handling death of Token{59403de ActivityRecord{985ba06 u0 com.crosshub.idblock/.MainActivity t16 f}}} when saving=false
05-26 05:47:17.277   580  1516 I WindowManager: WIN DEATH: Window{294773b u0 com.crosshub.idblock/com.crosshub.idblock.MainActivity}
05-26 05:47:17.282   580  1050 I ImeTracker: com.crosshub.idblock:5ef791e6: onCancelled at PHASE_SERVER_SHOULD_HIDE
05-26 05:47:17.285   580  1516 W InputManager-JNI: Input channel object '294773b com.crosshub.idblock/com.crosshub.idblock.MainActivity (client)' was disposed without first being removed with the input manager!
05-26 05:47:17.290   442   442 D CompositionEngine: Layer: com.crosshub.idblock/com.crosshub.idblock.MainActivity#226 had an out of bounds transparent region
05-26 05:47:17.346   442   442 D CompositionEngine: Layer: com.crosshub.idblock/com.crosshub.idblock.MainActivity#226 had an out of bounds transparent region
05-26 05:47:17.359   580   602 V OneTimePermissionUserManager: Updating state for com.crosshub.idblock (10209). device ID=0, state=0
05-26 05:47:17.376   442   487 D CompositionEngine: Layer: com.crosshub.idblock/com.crosshub.idblock.MainActivity#226 had an out of bounds transparent region
05-26 05:47:17.476   442   442 D CompositionEngine: Layer: com.crosshub.idblock/com.crosshub.idblock.MainActivity#226 had an out of bounds transparent region
05-26 05:47:17.512   442   487 D CompositionEngine: Layer: com.crosshub.idblock/com.crosshub.idblock.MainActivity#226 had an out of bounds transparent region
05-26 05:47:17.541   442   442 D CompositionEngine: Layer: com.crosshub.idblock/com.crosshub.idblock.MainActivity#226 had an out of bounds transparent region
05-26 05:47:17.557   442   442 D CompositionEngine: Layer: com.crosshub.idblock/com.crosshub.idblock.MainActivity#226 had an out of bounds transparent region
05-26 05:47:17.576   442   442 D CompositionEngine: Layer: com.crosshub.idblock/com.crosshub.idblock.MainActivity#226 had an out of bounds transparent region
05-26 05:47:17.597   442   487 D CompositionEngine: Layer: com.crosshub.idblock/com.crosshub.idblock.MainActivity#226 had an out of bounds transparent region
05-26 05:47:17.626   442   442 D CompositionEngine: Layer: com.crosshub.idblock/com.crosshub.idblock.MainActivity#226 had an out of bounds transparent region
05-26 05:47:17.629   442   452 D CompositionEngine: Layer: com.crosshub.idblock/com.crosshub.idblock.MainActivity#226 had an out of bounds transparent region
05-26 05:47:17.710   580   604 W ActivityTaskManager: Activity top resumed state loss timeout for ActivityRecord{985ba06 u0 com.crosshub.idblock/.MainActivity t16 f} isExiting}
05-26 05:47:17.712   580   601 V WindowManager:         {WCT{RemoteToken{c0b8c35 Task{6911660 #16 type=standard A=10209:com.crosshub.idblock}}} m=CLOSE f=NONE leash=Surface(name=Task=16)/@0x84e15c3 sb=Rect(0, 0 - 1080, 2400) eb=Rect(0, 0 - 1080, 2400) d=0 taskParent=-1},
05-26 05:47:17.717   442   487 D CompositionEngine: Layer: com.crosshub.idblock/com.crosshub.idblock.MainActivity#226 had an out of bounds transparent region
05-26 05:47:17.742   442   442 D CompositionEngine: Layer: com.crosshub.idblock/com.crosshub.idblock.MainActivity#226 had an out of bounds transparent region
05-26 05:47:17.761   483   543 I CameraService: Camera 1: Access for "com.crosshub.idblock" has been restricted, isUidTrusted 0, isUidActive 0 isUidVisible 1, isCameraPrivacyEnabled 0
05-26 05:47:17.767   483   543 I Camera2ClientBase: ~Camera2ClientBase: Client object's dtor for Camera Id 1 completed. Client was: com.crosshub.idblock (PID 6770, UID 10209)
05-26 05:47:17.776   442   442 D CompositionEngine: Layer: com.crosshub.idblock/com.crosshub.idblock.MainActivity#226 had an out of bounds transparent region
05-26 05:47:17.791   442   442 D CompositionEngine: Layer: com.crosshub.idblock/com.crosshub.idblock.MainActivity#226 had an out of bounds transparent region
05-26 05:47:17.797   442   487 D CompositionEngine: Layer: com.crosshub.idblock/com.crosshub.idblock.MainActivity#226 had an out of bounds transparent region
05-26 05:47:17.807   442   442 D CompositionEngine: Layer: com.crosshub.idblock/com.crosshub.idblock.MainActivity#226 had an out of bounds transparent region
05-26 05:47:17.904   442   487 D CompositionEngine: Layer: com.crosshub.idblock/com.crosshub.idblock.MainActivity#226 had an out of bounds transparent region
05-26 05:47:17.908   442   442 D CompositionEngine: Layer: com.crosshub.idblock/com.crosshub.idblock.MainActivity#226 had an out of bounds transparent region
05-26 05:47:17.925   442   442 D CompositionEngine: Layer: com.crosshub.idblock/com.crosshub.idblock.MainActivity#226 had an out of bounds transparent region
05-26 05:47:17.991   442   442 D CompositionEngine: Layer: com.crosshub.idblock/com.crosshub.idblock.MainActivity#226 had an out of bounds transparent region
05-26 05:47:18.112   442   442 D CompositionEngine: Layer: com.crosshub.idblock/com.crosshub.idblock.MainActivity#226 had an out of bounds transparent region
05-26 05:47:18.118   442   487 D CompositionEngine: Layer: com.crosshub.idblock/com.crosshub.idblock.MainActivity#226 had an out of bounds transparent region
05-26 05:47:18.614   580  2188 W WindowManager: Exception thrown during dispatchAppVisibility Window{7478307 u0 com.crosshub.idblock/com.crosshub.idblock.MainActivity EXITING}
05-26 05:47:18.623   580  2188 W WindowManager: Exception thrown during dispatchAppVisibility Window{294773b u0 com.crosshub.idblock/com.crosshub.idblock.MainActivity EXITING}
05-26 05:47:22.363   580   580 I OneTimePermissionUserManager: One time session expired for com.crosshub.idblock (10209). deviceID 0
05-26 05:47:22.606  7369  7376 W ssioncontroller: ApkAssets: Deleting an ApkAssets object '<empty> and /data/app/~~6kc7Ms0naIgpoLdQkUJ5EQ==/com.crosshub.idblock-ryZmdItYRQsS938nRn4FDQ==/base.apk' with 1 weak references
05-26 05:47:22.626  7369  7398 I PermissionControllerServiceImpl: Permission grant result requestId=-1634269261150871058 callingUid=10209 callingPackage=com.crosshub.idblock permission=android.permission.CAMERA isImplicit=false result=15
05-26 05:48:04.935   580   614 I ActivityManager: Start proc 7500:com.crosshub.idblock/u0a209 for service {com.crosshub.idblock/com.google.android.datatransport.runtime.scheduling.jobscheduling.JobInfoSchedulerService}
05-26 05:48:05.083  7500  7500 W ziparchive: Unable to open '/data/app/~~6kc7Ms0naIgpoLdQkUJ5EQ==/com.crosshub.idblock-ryZmdItYRQsS938nRn4FDQ==/base.dm': No such file or directory
05-26 05:48:05.083  7500  7500 W ziparchive: Unable to open '/data/app/~~6kc7Ms0naIgpoLdQkUJ5EQ==/com.crosshub.idblock-ryZmdItYRQsS938nRn4FDQ==/base.dm': No such file or directory
05-26 05:48:05.473  7500  7500 D nativeloader: Configuring clns-7 for other apk /data/app/~~6kc7Ms0naIgpoLdQkUJ5EQ==/com.crosshub.idblock-ryZmdItYRQsS938nRn4FDQ==/base.apk. target_sdk_version=34, uses_libraries=, library_path=/data/app/~~6kc7Ms0naIgpoLdQkUJ5EQ==/com.crosshub.idblock-ryZmdItYRQsS938nRn4FDQ==/lib/x86_64:/data/app/~~6kc7Ms0naIgpoLdQkUJ5EQ==/com.crosshub.idblock-ryZmdItYRQsS938nRn4FDQ==/base.apk!/lib/x86_64, permitted_path=/data:/mnt/expand:/data/user/0/com.crosshub.idblock
05-26 05:48:05.746   580  2188 I AppsFilter: interaction: PackageSetting{660a441 com.crosshub.idblock/10209} -> PackageSetting{39dc7e7 com.android.cts.priv.ctsshim/10189} BLOCKED
05-26 05:48:05.746   580  2188 I AppsFilter: interaction: PackageSetting{660a441 com.crosshub.idblock/10209} -> PackageSetting{c0af94 com.google.android.youtube/10166} BLOCKED
05-26 05:48:05.746   580  2188 I AppsFilter: interaction: PackageSetting{660a441 com.crosshub.idblock/10209} -> PackageSetting{8020a3d com.android.internal.display.cutout.emulation.corner/10004} BLOCKED
05-26 05:48:05.746   580  2188 I AppsFilter: interaction: PackageSetting{660a441 com.crosshub.idblock/10209} -> PackageSetting{2b2232 com.android.internal.display.cutout.emulation.double/10006} BLOCKED
05-26 05:48:05.746   580  2188 I AppsFilter: interaction: PackageSetting{660a441 com.crosshub.idblock/10209} -> PackageSetting{b1ce1a9 com.google.android.googlequicksearchbox/10145} BLOCKED
05-26 05:48:05.746   580  2188 I AppsFilter: interaction: PackageSetting{660a441 com.crosshub.idblock/10209} -> PackageSetting{b74fb83 com.google.android.onetimeinitializer/10130} BLOCKED
05-26 05:48:05.746   580  2188 I AppsFilter: interaction: PackageSetting{660a441 com.crosshub.idblock/10209} -> PackageSetting{fc33100 com.google.android.ext.shared/10118} BLOCKED
05-26 05:48:05.746   580  2188 I AppsFilter: interaction: PackageSetting{660a441 com.crosshub.idblock/10209} -> PackageSetting{50a0d39 com.android.virtualmachine.res/10193} BLOCKED
05-26 05:48:05.746   580  2188 I AppsFilter: interaction: PackageSetting{660a441 com.crosshub.idblock/10209} -> PackageSetting{8652f7e com.android.managedprovisioning.auto_generated_rro_product__/10041} BLOCKED
05-26 05:48:05.746   580  2188 I AppsFilter: interaction: PackageSetting{660a441 com.crosshub.idblock/10209} -> PackageSetting{101ccdf com.android.carrierconfig.auto_generated_rro_vendor__/10085} BLOCKED
05-26 05:48:05.746   580  2188 I AppsFilter: interaction: PackageSetting{660a441 com.crosshub.idblock/10209} -> PackageSetting{daa5d2c com.google.android.server.deviceconfig.resources/10201} BLOCKED
05-26 05:48:05.751   580  2188 I AppsFilter: interaction: PackageSetting{660a441 com.crosshub.idblock/10209} -> PackageSetting{5f543f5 com.android.systemui.emulation.pixel_3_xl/10054} BLOCKED
05-26 05:48:05.752   580  2188 I AppsFilter: interaction: PackageSetting{660a441 com.crosshub.idblock/10209} -> PackageSetting{8a0c58a com.android.systemui.emulation.pixel_4_xl/10058} BLOCKED
05-26 05:48:05.752   580  2188 I AppsFilter: interaction: PackageSetting{660a441 com.crosshub.idblock/10209} -> PackageSetting{b6057fb com.android.systemui.emulation.pixel_fold/10071} BLOCKED
05-26 05:48:05.752   580  2188 I AppsFilter: interaction: PackageSetting{660a441 com.crosshub.idblock/10209} -> PackageSetting{9f62018 com.android.providers.telephony.auto_generated_characteristics_rro/10079} BLOCKED
05-26 05:48:05.752   580  2188 I AppsFilter: interaction: PackageSetting{660a441 com.crosshub.idblock/10209} -> PackageSetting{6232a71 com.android.simappdialog.auto_generated_rro_product__/10050} BLOCKED
05-26 05:48:05.752   580  2188 I AppsFilter: interaction: PackageSetting{660a441 com.crosshub.idblock/10209} -> PackageSetting{84db056 com.android.htmlviewer/10120} BLOCKED
05-26 05:48:05.752   580  2188 I AppsFilter: interaction: PackageSetting{660a441 com.crosshub.idblock/10209} -> PackageSetting{d5278d7 com.google.android.health.connect.backuprestore/10207} BLOCKED
05-26 05:48:05.752   580  2188 I AppsFilter: interaction: PackageSetting{660a441 com.crosshub.idblock/10209} -> PackageSetting{a3925c4 com.android.systemui.auto_generated_rro_product__/10075} BLOCKED
05-26 05:48:05.752   580  2188 I AppsFilter: interaction: PackageSetting{660a441 com.crosshub.idblock/10209} -> PackageSetting{d6efcad com.google.android.apps.messaging/10140} BLOCKED
05-26 05:48:05.752   580  2188 I AppsFilter: interaction: PackageSetting{660a441 com.crosshub.idblock/10209} -> PackageSetting{40c7be2 com.google.android.soundpicker/10163} BLOCKED
05-26 05:48:05.752   580  2188 I AppsFilter: interaction: PackageSetting{660a441 com.crosshub.idblock/10209} -> PackageSetting{9dbcb73 com.google.android.marvin.talkbackoverlay/10086} BLOCKED
05-26 05:48:05.752   580  2188 I AppsFilter: interaction: PackageSetting{660a441 com.crosshub.idblock/10209} -> PackageSetting{884da30 com.google.android.configupdater/10129} BLOCKED
05-26 05:48:05.752   580  2188 I AppsFilter: interaction: PackageSetting{660a441 com.crosshub.idblock/10209} -> PackageSetting{c2bb6a9 com.android.internal.emulation.pixel_3a_xl/10018} BLOCKED
05-26 05:48:05.752   580  2188 I AppsFilter: interaction: PackageSetting{660a441 com.crosshub.idblock/10209} -> PackageSetting{ffa742e com.android.internal.emulation.pixel_6_pro/10023} BLOCKED
05-26 05:48:05.752   580  2188 I AppsFilter: interaction: PackageSetting{660a441 com.crosshub.idblock/10209} -> PackageSetting{69dabcf com.android.internal.emulation.pixel_7_pro/10024} BLOCKED
05-26 05:48:05.752   580  2188 I AppsFilter: interaction: PackageSetting{660a441 com.crosshub.idblock/10209} -> PackageSetting{c95695c com.android.internal.emulation.pixel_8_pro/10028} BLOCKED
05-26 05:48:05.752   580  2188 I AppsFilter: interaction: PackageSetting{660a441 com.crosshub.idblock/10209} -> PackageSetting{ae01465 com.android.internal.emulation.pixel_9_pro/10029} BLOCKED
05-26 05:48:05.752   580  2188 I AppsFilter: interaction: PackageSetting{660a441 com.crosshub.idblock/10209} -> PackageSetting{2bda53a com.android.internal.emulation.pixel_3a/10016} BLOCKED
05-26 05:48:05.752   580  2188 I AppsFilter: interaction: PackageSetting{660a441 com.crosshub.idblock/10209} -> PackageSetting{7f335eb com.android.internal.emulation.pixel_4a/10020} BLOCKED
05-26 05:48:05.752   580  2188 I AppsFilter: interaction: PackageSetting{660a441 com.crosshub.idblock/10209} -> PackageSetting{bbdbf48 com.android.internal.emulation.pixel_6a/10021} BLOCKED
05-26 05:48:05.752   580  2188 I AppsFilter: interaction: PackageSetting{660a441 com.crosshub.idblock/10209} -> PackageSetting{9c291e1 com.android.internal.emulation.pixel_7a/10027} BLOCKED
05-26 05:48:05.752   580  2188 I AppsFilter: interaction: PackageSetting{660a441 com.crosshub.idblock/10209} -> PackageSetting{550db06 com.android.internal.emulation.pixel_8a/10030} BLOCKED
05-26 05:48:05.752   580  2188 I AppsFilter: interaction: PackageSetting{660a441 com.crosshub.idblock/10209} -> PackageSetting{2cd45c7 com.google.android.overlay.googlewebview/10037} BLOCKED
05-26 05:48:05.752   580  2188 I AppsFilter: interaction: PackageSetting{660a441 com.crosshub.idblock/10209} -> PackageSetting{b9387f4 com.google.android.apps.safetyhub/10139} BLOCKED
05-26 05:48:05.752   580  2188 I AppsFilter: interaction: PackageSetting{660a441 com.crosshub.idblock/10209} -> PackageSetting{bf56b1d com.google.android.hotspot2.osulogin/10187} BLOCKED
05-26 05:48:05.752   580  2188 I AppsFilter: interaction: PackageSetting{660a441 com.crosshub.idblock/10209} -> PackageSetting{38fa192 com.android.simappdialog/10126} BLOCKED
05-26 05:48:05.752   580  2188 I AppsFilter: interaction: PackageSetting{660a441 com.crosshub.idblock/10209} -> PackageSetting{4e7763 com.android.internal.display.cutout.emulation.hole/10010} BLOCKED
05-26 05:48:05.753   580  2188 I AppsFilter: interaction: PackageSetting{660a441 com.crosshub.idblock/10209} -> PackageSetting{35b2f60 com.android.internal.display.cutout.emulation.tall/10007} BLOCKED
05-26 05:48:05.753   580  2188 I AppsFilter: interaction: PackageSetting{660a441 com.crosshub.idblock/10209} -> PackageSetting{a829c19 com.android.internal.systemui.navbar.threebutton/10044} BLOCKED
05-26 05:48:05.753   580  2188 I AppsFilter: interaction: PackageSetting{660a441 com.crosshub.idblock/10209} -> PackageSetting{98244de com.android.camera2/10147} BLOCKED
05-26 05:48:05.753   580  2188 I AppsFilter: interaction: PackageSetting{660a441 com.crosshub.idblock/10209} -> PackageSetting{f2726bf com.android.internal.ranchu.commonoverlay/10048} BLOCKED
05-26 05:48:05.753   580  2188 I AppsFilter: interaction: PackageSetting{660a441 com.crosshub.idblock/10209} -> PackageSetting{833e18c com.android.systemui.auto_generated_rro_vendor__/10089} BLOCKED
05-26 05:48:05.753   580  2188 I AppsFilter: interaction: PackageSetting{660a441 com.crosshub.idblock/10209} -> PackageSetting{b17e0d5 com.google.android.deskclock/10160} BLOCKED
05-26 05:48:05.753   580  2188 I AppsFilter: interaction: PackageSetting{660a441 com.crosshub.idblock/10209} -> PackageSetting{969d0ea com.android.internal.systemui.navbar.twobutton/10043} BLOCKED
05-26 05:48:05.753   580  2188 I AppsFilter: interaction: PackageSetting{660a441 com.crosshub.idblock/10209} -> PackageSetting{eb16fdb com.google.android.as/10137} BLOCKED
05-26 05:48:05.753   580  2188 I AppsFilter: interaction: PackageSetting{660a441 com.crosshub.idblock/10209} -> PackageSetting{38a78 com.google.android.gm/10167} BLOCKED
05-26 05:48:05.753   580  2188 I AppsFilter: interaction: PackageSetting{660a441 com.crosshub.idblock/10209} -> PackageSetting{682b551 com.android.compos.payload/10200} BLOCKED
05-26 05:48:05.753   580  2188 I AppsFilter: interaction: PackageSetting{660a441 com.crosshub.idblock/10209} -> PackageSetting{68c11b6 com.android.systemui.emulation.pixel_3/10053} BLOCKED
05-26 05:48:05.753   580  2188 I AppsFilter: interaction: PackageSetting{660a441 com.crosshub.idblock/10209} -> PackageSetting{fcd2eb7 com.android.systemui.emulation.pixel_4/10057} BLOCKED
05-26 05:48:05.754   580  2188 I AppsFilter: interaction: PackageSetting{660a441 com.crosshub.idblock/10209} -> PackageSetting{722d624 com.android.systemui.emulation.pixel_5/10060} BLOCKED
05-26 05:48:05.754   580  2188 I AppsFilter: interaction: PackageSetting{660a441 com.crosshub.idblock/10209} -> PackageSetting{aec558d com.android.systemui.emulation.pixel_6/10061} BLOCKED
05-26 05:48:05.754   580  2188 I AppsFilter: interaction: PackageSetting{660a441 com.crosshub.idblock/10209} -> PackageSetting{bf9342 com.android.systemui.emulation.pixel_7/10064} BLOCKED
05-26 05:48:05.754   580  2188 I AppsFilter: interaction: PackageSetting{660a441 com.crosshub.idblock/10209} -> PackageSetting{77bff53 com.android.systemui.emulation.pixel_8/10067} BLOCKED
05-26 05:48:05.754   580  2188 I AppsFilter: interaction: PackageSetting{660a441 com.crosshub.idblock/10209} -> PackageSetting{4c93090 com.android.systemui.emulation.pixel_9/10070} BLOCKED
05-26 05:48:05.754   580  2188 I AppsFilter: interaction: PackageSetting{660a441 com.crosshub.idblock/10209} -> PackageSetting{5d5bd89 com.android.printspooler/10124} BLOCKED
05-26 05:48:05.754   580  2188 I AppsFilter: interaction: PackageSetting{660a441 com.crosshub.idblock/10209} -> PackageSetting{cb7a18e com.google.android.connectivity.resources.goldfish.overlay/10087} BLOCKED
05-26 05:48:05.754   580  2188 I AppsFilter: interaction: PackageSetting{660a441 com.crosshub.idblock/10209} -> PackageSetting{f3d3daf com.android.dreams.basic/10112} BLOCKED
05-26 05:48:05.754   580  2188 I AppsFilter: interaction: PackageSetting{660a441 com.crosshub.idblock/10209} -> PackageSetting{a38c5bc com.google.android.networkstack.tethering.emulator/10035} BLOCKED
05-26 05:48:05.754   580  2188 I AppsFilter: interaction: PackageSetting{660a441 com.crosshub.idblock/10209} -> PackageSetting{1d3a945 com.android.providers.settings.auto_generated_rro_product__/10051} BLOCKED
05-26 05:48:05.754   580  2188 I AppsFilter: interaction: PackageSetting{660a441 com.crosshub.idblock/10209} -> PackageSetting{510489a com.google.android.as.oss/10128} BLOCKED
05-26 05:48:05.754   580  2188 I AppsFilter: interaction: PackageSetting{660a441 com.crosshub.idblock/10209} -> PackageSetting{f2a05cb com.android.traceur.auto_generated_rro_product__/10081} BLOCKED
05-26 05:48:05.754   580  2188 I AppsFilter: interaction: PackageSetting{660a441 com.crosshub.idblock/10209} -> PackageSetting{8aa81a8 com.android.internal.emulation.pixel_9_pro_fold/10031} BLOCKED
05-26 05:48:05.754   580  2188 I AppsFilter: interaction: PackageSetting{660a441 com.crosshub.idblock/10209} -> PackageSetting{40a94c1 com.google.android.devicelockcontroller/10195} BLOCKED
05-26 05:48:05.754   580  2188 I AppsFilter: interaction: PackageSetting{660a441 com.crosshub.idblock/10209} -> PackageSetting{1a5466 com.google.android.dialer/10138} BLOCKED
05-26 05:48:05.754   580  2188 I AppsFilter: interaction: PackageSetting{660a441 com.crosshub.idblock/10209} -> PackageSetting{dd133a7 com.android.internal.emulation.pixel_3/10013} BLOCKED
05-26 05:48:05.754   580  2188 I AppsFilter: interaction: PackageSetting{660a441 com.crosshub.idblock/10209} -> PackageSetting{9fa1054 com.android.internal.emulation.pixel_4/10015} BLOCKED
05-26 05:48:05.754   580  2188 I AppsFilter: interaction: PackageSetting{660a441 com.crosshub.idblock/10209} -> PackageSetting{56abbfd com.android.internal.emulation.pixel_5/10022} BLOCKED
05-26 05:48:05.754   580  2188 I AppsFilter: interaction: PackageSetting{660a441 com.crosshub.idblock/10209} -> PackageSetting{66750f2 com.android.internal.emulation.pixel_6/10019} BLOCKED
05-26 05:48:05.754   580  2188 I AppsFilter: interaction: PackageSetting{660a441 com.crosshub.idblock/10209} -> PackageSetting{1d36343 com.android.internal.emulation.pixel_7/10026} BLOCKED
05-26 05:48:05.754   580  2188 I AppsFilter: interaction: PackageSetting{660a441 com.crosshub.idblock/10209} -> PackageSetting{811ddc0 com.android.internal.emulation.pixel_8/10025} BLOCKED
05-26 05:48:05.754   580  2188 I AppsFilter: interaction: PackageSetting{660a441 com.crosshub.idblock/10209} -> PackageSetting{3ac1af9 com.android.internal.emulation.pixel_9/10034} BLOCKED
05-26 05:48:05.754   580  2188 I AppsFilter: interaction: PackageSetting{660a441 com.crosshub.idblock/10209} -> PackageSetting{6158a3e com.google.android.captiveportallogin/10116} BLOCKED
05-26 05:48:05.754   580  2188 I AppsFilter: interaction: PackageSetting{660a441 com.crosshub.idblock/10209} -> PackageSetting{13ef09f android.auto_generated_characteristics_rro/10083} BLOCKED
05-26 05:48:05.755   580  2188 I AppsFilter: interaction: PackageSetting{660a441 com.crosshub.idblock/10209} -> PackageSetting{f1715ec com.google.android.appsearch.apk/10208} BLOCKED
05-26 05:48:05.755   580  2188 I AppsFilter: interaction: PackageSetting{660a441 com.crosshub.idblock/10209} -> PackageSetting{60a6db5 com.android.musicfx/10105} BLOCKED
