05-26 05:45:57.141   580  1523 I AppsFilter: interaction: PackageSetting{660a441 com.crosshub.idblock/10209} -> PackageSetting{9edd726 com.google.android.uwb.resources/10185} BLOCKED
05-26 05:45:57.142   580  1523 I AppsFilter: interaction: PackageSetting{660a441 com.crosshub.idblock/10209} -> PackageSetting{eb6bfe com.android.cts.ctsshim/10190} BLOCKED
05-26 05:45:57.142   580  1523 I AppsFilter: interaction: PackageSetting{660a441 com.crosshub.idblock/10209} -> PackageSetting{f365f67 com.google.android.wifi.resources/10186} BLOCKED
05-26 05:45:57.142   580  1523 I AppsFilter: interaction: PackageSetting{660a441 com.crosshub.idblock/10209} -> PackageSetting{be23114 com.google.android.wifi.dialog/10188} BLOCKED
05-26 05:45:57.144   580  1523 I AppsFilter: interaction: PackageSetting{660a441 com.crosshub.idblock/10209} -> PackageSetting{3bb2dbd com.android.wallpaper/10179} BLOCKED
05-26 05:45:57.144   580  1523 I AppsFilter: interaction: PackageSetting{660a441 com.crosshub.idblock/10209} -> PackageSetting{fad2537 com.android.microdroid.empty_payload/10194} BLOCKED
05-26 05:45:57.144   580  1523 I AppsFilter: interaction: PackageSetting{660a441 com.crosshub.idblock/10209} -> PackageSetting{bd03fb2 com.google.android.apps.wallpaper/10180} BLOCKED
05-26 05:45:57.144   580  1523 I AppsFilter: interaction: PackageSetting{660a441 com.crosshub.idblock/10209} -> PackageSetting{bf8b03 com.google.android.odad/10134} BLOCKED
05-26 05:45:57.144   580  1523 I AppsFilter: interaction: PackageSetting{660a441 com.crosshub.idblock/10209} -> PackageSetting{53b4a80 com.android.settings.auto_generated_rro_product__/10049} BLOCKED
05-26 05:45:57.144   580  1523 I AppsFilter: interaction: PackageSetting{660a441 com.crosshub.idblock/10209} -> PackageSetting{9f1e8b9 com.android.systemui.emulation.pixel_9_pro_xl/10073} BLOCKED
05-26 05:45:57.144   580  1523 I AppsFilter: interaction: PackageSetting{660a441 com.crosshub.idblock/10209} -> PackageSetting{8fea4fe com.android.companiondevicemanager.auto_generated_characteristics_rro/10002} BLOCKED
05-26 05:45:57.144   580  1523 I AppsFilter: interaction: PackageSetting{660a441 com.crosshub.idblock/10209} -> PackageSetting{525d45f com.android.internal.systemui.navbar.gestural/10045} BLOCKED
05-26 05:45:57.144   580  1523 I AppsFilter: interaction: PackageSetting{660a441 com.crosshub.idblock/10209} -> PackageSetting{84a8eac com.google.android.apps.youtube.music/10165} BLOCKED
05-26 05:45:57.144   580  1523 I AppsFilter: interaction: PackageSetting{660a441 com.crosshub.idblock/10209} -> PackageSetting{43f5775 com.android.bluetoothmidiservice/10111} BLOCKED
05-26 05:45:57.144   580  1523 I AppsFilter: interaction: PackageSetting{660a441 com.crosshub.idblock/10209} -> PackageSetting{51c130a com.android.storagemanager.auto_generated_rro_product__/10052} BLOCKED
05-26 05:45:57.145   580  1523 I AppsFilter: interaction: PackageSetting{660a441 com.crosshub.idblock/10209} -> PackageSetting{e7d577b com.google.android.cellbroadcastreceiver/10205} BLOCKED
05-26 05:45:57.145   580  1523 I AppsFilter: interaction: PackageSetting{660a441 com.crosshub.idblock/10209} -> PackageSetting{27e998 com.android.phone.auto_generated_rro_product__/10076} BLOCKED
05-26 05:45:57.145   580  1523 I AppsFilter: interaction: PackageSetting{660a441 com.crosshub.idblock/10209} -> PackageSetting{dbaf5f1 com.android.systemui.emulation.pixel_9_pro_fold/10072} BLOCKED
05-26 05:45:57.145   580  1523 I AppsFilter: interaction: PackageSetting{660a441 com.crosshub.idblock/10209} -> PackageSetting{8f055d6 android.auto_generated_rro_product__/10084} BLOCKED
05-26 05:45:57.145   580  1523 I AppsFilter: interaction: PackageSetting{660a441 com.crosshub.idblock/10209} -> PackageSetting{1fff057 com.google.android.inputmethod.latin/10156} BLOCKED
05-26 05:45:57.145   580  1523 I AppsFilter: interaction: PackageSetting{660a441 com.crosshub.idblock/10209} -> PackageSetting{f7e0744 android.auto_generated_rro_vendor__/10088} BLOCKED
05-26 05:45:57.145   580  1523 I AppsFilter: interaction: PackageSetting{660a441 com.crosshub.idblock/10209} -> PackageSetting{178002d com.google.android.apps.restore/10135} BLOCKED
05-26 05:46:03.083   580  1524 I AppsFilter: interaction: PackageSetting{660a441 com.crosshub.idblock/10209} -> PackageSetting{1fff057 com.google.android.inputmethod.latin/10156} BLOCKED
05-26 05:46:03.129   580  2034 D ContentCapturePerUserService: Notified activity assist data for activity: Token{59403de ActivityRecord{985ba06 u0 com.crosshub.idblock/.MainActivity t16}} without a session Id
05-26 05:46:03.259   580   648 W PackageConfigPersister: App-specific configuration not found for packageName: com.crosshub.idblock and userId: 0
05-26 05:46:11.327   580  1483 D CoreBackPreview: Window{bacf18b u0 com.crosshub.idblock/com.crosshub.idblock.MainActivity}: Setting back callback OnBackInvokedCallbackInfo{mCallback=android.window.IOnBackInvokedCallback$Stub$Proxy@70ec681, mPriority=0, mIsAnimationCallback=false}
05-26 05:46:11.523   580   871 W PackageConfigPersister: App-specific configuration not found for packageName: com.crosshub.idblock and userId: 0
05-26 05:46:14.309   580  1483 D CoreBackPreview: Window{bacf18b u0 com.crosshub.idblock/com.crosshub.idblock.MainActivity}: Setting back callback null
05-26 05:46:14.370   580   871 W PackageConfigPersister: App-specific configuration not found for packageName: com.crosshub.idblock and userId: 0
05-26 05:46:14.840   580  1483 D CoreBackPreview: Window{7b5cf4f u0 com.crosshub.idblock/com.crosshub.idblock.MainActivity}: Setting back callback OnBackInvokedCallbackInfo{mCallback=android.window.IOnBackInvokedCallback$Stub$Proxy@a21a3e5, mPriority=0, mIsAnimationCallback=false}
05-26 05:46:14.953   580  1483 W PackageConfigPersister: App-specific configuration not found for packageName: com.crosshub.idblock and userId: 0
05-26 05:46:15.742   580  1483 D CoreBackPreview: Window{7b5cf4f u0 com.crosshub.idblock/com.crosshub.idblock.MainActivity}: Setting back callback null
05-26 05:46:15.786   580  1483 W PackageConfigPersister: App-specific configuration not found for packageName: com.crosshub.idblock and userId: 0
05-26 05:46:21.784   580  1526 W PackageConfigPersister: App-specific configuration not found for packageName: com.crosshub.idblock and userId: 0
05-26 05:46:25.205   580  1526 W PackageConfigPersister: App-specific configuration not found for packageName: com.crosshub.idblock and userId: 0
05-26 05:46:26.270   580  1526 D CoreBackPreview: Window{d325279 u0 com.crosshub.idblock/com.crosshub.idblock.MainActivity}: Setting back callback OnBackInvokedCallbackInfo{mCallback=android.window.IOnBackInvokedCallback$Stub$Proxy@5aeb41f, mPriority=0, mIsAnimationCallback=false}
05-26 05:46:26.388   580   847 W PackageConfigPersister: App-specific configuration not found for packageName: com.crosshub.idblock and userId: 0
05-26 05:46:27.117   580   847 D CoreBackPreview: Window{d325279 u0 com.crosshub.idblock/com.crosshub.idblock.MainActivity}: Setting back callback null
05-26 05:46:27.265   580   596 W PackageConfigPersister: App-specific configuration not found for packageName: com.crosshub.idblock and userId: 0
05-26 05:46:31.815   580   596 I AppsFilter: interaction: PackageSetting{660a441 com.crosshub.idblock/10209} -> PackageSetting{1fff057 com.google.android.inputmethod.latin/10156} BLOCKED
05-26 05:46:31.820   580   596 D ContentCapturePerUserService: Notified activity assist data for activity: Token{59403de ActivityRecord{985ba06 u0 com.crosshub.idblock/.MainActivity t16}} without a session Id
05-26 05:46:31.857   580  1483 W PackageConfigPersister: App-specific configuration not found for packageName: com.crosshub.idblock and userId: 0
05-26 05:46:34.999   580  1526 I AppsFilter: interaction: PackageSetting{660a441 com.crosshub.idblock/10209} -> PackageSetting{1fff057 com.google.android.inputmethod.latin/10156} BLOCKED
05-26 05:46:35.003   580   596 D ContentCapturePerUserService: Notified activity assist data for activity: Token{59403de ActivityRecord{985ba06 u0 com.crosshub.idblock/.MainActivity t16}} without a session Id
05-26 05:46:35.028   580  1526 I AppsFilter: interaction: PackageSetting{660a441 com.crosshub.idblock/10209} -> PackageSetting{1fff057 com.google.android.inputmethod.latin/10156} BLOCKED
05-26 05:46:35.035   580  1526 D ContentCapturePerUserService: Notified activity assist data for activity: Token{59403de ActivityRecord{985ba06 u0 com.crosshub.idblock/.MainActivity t16}} without a session Id
05-26 05:46:35.055   580   596 W PackageConfigPersister: App-specific configuration not found for packageName: com.crosshub.idblock and userId: 0
05-26 05:46:35.118  6770  6770 I ImeTracker: com.crosshub.idblock:8f7fce9a: onCancelled at PHASE_CLIENT_APPLY_ANIMATION
05-26 05:46:35.129  6770  6770 I ImeTracker: com.crosshub.idblock:94d48d5d: onCancelled at PHASE_CLIENT_APPLY_ANIMATION
05-26 05:46:38.177  6770  6770 I ImeTracker: com.crosshub.idblock:afedacac: onRequestShow at ORIGIN_CLIENT reason SHOW_SOFT_INPUT fromUser false
05-26 05:46:38.182   580   687 I ImeTracker: com.crosshub.idblock:ca2252a8: onRequestShow at ORIGIN_SERVER reason ATTACH_NEW_INPUT fromUser false
05-26 05:46:38.192  1214  1214 I GoogleInputMethodService: GoogleInputMethodService.onStartInput():1986 onStartInput(EditorInfo{EditorInfo{packageName=com.crosshub.idblock, inputType=80001, inputTypeString=Normal, enableLearning=false, autoCorrection=false, autoComplete=true, imeOptions=c000006, privateImeOptions=null, actionName=DONE, actionLabel=null, initialSelStart=0, initialSelEnd=0, initialCapsMode=0, label=null, fieldId=613, fieldName=null, extras=Bundle[mParcelledData.dataSize=404], hintText=non-empty, hintLocales=[]}}, false)
05-26 05:46:38.196   580  1483 W PackageConfigPersister: App-specific configuration not found for packageName: com.crosshub.idblock and userId: 0
05-26 05:46:38.197  1214  1214 I GoogleInputMethodService: GoogleInputMethodService.onStartInputView():2098 onStartInputView(EditorInfo{EditorInfo{packageName=com.crosshub.idblock, inputType=80001, inputTypeString=Normal, enableLearning=false, autoCorrection=false, autoComplete=true, imeOptions=c000006, privateImeOptions=null, actionName=DONE, actionLabel=null, initialSelStart=0, initialSelEnd=0, initialCapsMode=0, label=null, fieldId=613, fieldName=null, extras=Bundle[{android.support.text.emoji.emojiCompat_metadataVersion=9, androidx.core.view.inputmethod.EditorInfoCompat.STYLUS_HANDWRITING_ENABLED=true, android.support.text.emoji.emojiCompat_replaceAll=false}], hintText=non-empty, hintLocales=[]}}, false)
05-26 05:46:38.200  1214  1214 I AndroidIME: AbstractIme.onActivate():89 LatinIme.onActivate() : EditorInfo = EditorInfo{packageName=com.crosshub.idblock, inputType=80001, inputTypeString=Normal, enableLearning=false, autoCorrection=false, autoComplete=true, imeOptions=c000006, privateImeOptions=null, actionName=DONE, actionLabel=null, initialSelStart=0, initialSelEnd=0, initialCapsMode=0, label=null, fieldId=613, fieldName=null, extras=Bundle[{android.support.text.emoji.emojiCompat_metadataVersion=9, androidx.core.view.inputmethod.EditorInfoCompat.STYLUS_HANDWRITING_ENABLED=true, android.support.text.emoji.emojiCompat_replaceAll=false}], hintText=non-empty, hintLocales=[]}, IncognitoMode = false, DeviceLocked = false
05-26 05:46:38.415  6770  6770 I ImeTracker: com.crosshub.idblock:ca2252a8: onCancelled at PHASE_CLIENT_APPLY_ANIMATION
05-26 05:46:38.419  6770  6770 I ImeTracker: com.crosshub.idblock:afedacac: onCancelled at PHASE_CLIENT_APPLY_ANIMATION
05-26 05:46:40.554   580   596 D CoreBackPreview: Window{6ab4c2c u0 com.crosshub.idblock/com.crosshub.idblock.MainActivity}: Setting back callback OnBackInvokedCallbackInfo{mCallback=android.window.IOnBackInvokedCallback$Stub$Proxy@7c8cc8a, mPriority=0, mIsAnimationCallback=false}
05-26 05:46:40.646   580   687 I ImeTracker: com.crosshub.idblock:a91ee79: onRequestHide at ORIGIN_SERVER reason HIDE_UNSPECIFIED_WINDOW fromUser false
05-26 05:46:40.662  6770  6770 I ImeTracker: com.crosshub.idblock:3e9723ce: onRequestHide at ORIGIN_CLIENT reason HIDE_SOFT_INPUT fromUser false
05-26 05:46:40.663  6770  6770 I ImeTracker: com.crosshub.idblock:3e9723ce: onFailed at PHASE_CLIENT_VIEW_SERVED
05-26 05:46:40.725  1214  1214 I GoogleInputMethodService: GoogleInputMethodService.onStartInput():1986 onStartInput(EditorInfo{EditorInfo{packageName=com.crosshub.idblock, inputType=0, inputTypeString=NULL, enableLearning=false, autoCorrection=false, autoComplete=false, imeOptions=0, privateImeOptions=null, actionName=UNSPECIFIED, actionLabel=null, initialSelStart=-1, initialSelEnd=-1, initialCapsMode=0, label=null, fieldId=0, fieldName=null, extras=null, hintText=null, hintLocales=[]}}, false)
05-26 05:46:40.728   580   596 W PackageConfigPersister: App-specific configuration not found for packageName: com.crosshub.idblock and userId: 0
05-26 05:46:40.763  6770  6770 I ImeTracker: com.crosshub.idblock:a91ee79: onCancelled at PHASE_CLIENT_ANIMATION_CANCEL
05-26 05:46:40.764  6770  6770 I ImeTracker: com.crosshub.idblock:143dcefd: onRequestHide at ORIGIN_CLIENT reason HIDE_SOFT_INPUT_ON_ANIMATION_STATE_CHANGED fromUser false
05-26 05:46:40.764  6770  6770 I ImeTracker: com.crosshub.idblock:143dcefd: onFailed at PHASE_CLIENT_VIEW_SERVED
05-26 05:46:41.035  1095  1101 W .gms.persistent: ApkAssets: Deleting an ApkAssets object '<empty> and /data/app/~~6kc7Ms0naIgpoLdQkUJ5EQ==/com.crosshub.idblock-ryZmdItYRQsS938nRn4FDQ==/base.apk' with 1 weak references
05-26 05:46:43.209   580   847 D CoreBackPreview: Window{6ab4c2c u0 com.crosshub.idblock/com.crosshub.idblock.MainActivity}: Setting back callback null
05-26 05:46:43.212   580   847 W InputManager-JNI: Input channel object '6ab4c2c com.crosshub.idblock/com.crosshub.idblock.MainActivity (client)' was disposed without first being removed with the input manager!
05-26 05:46:43.220   580   680 W InputDispatcher: Not sending touch to 6ab4c2c com.crosshub.idblock/com.crosshub.idblock.MainActivity because there's no corresponding connection
05-26 05:46:43.251   580   687 I ImeTracker: com.crosshub.idblock:7aa012f8: onRequestHide at ORIGIN_SERVER reason HIDE_UNSPECIFIED_WINDOW fromUser false
05-26 05:46:43.251   580   687 I ImeTracker: com.crosshub.idblock:7aa012f8: onCancelled at PHASE_SERVER_SHOULD_HIDE
05-26 05:46:43.262  1214  1214 I GoogleInputMethodService: GoogleInputMethodService.onStartInput():1986 onStartInput(EditorInfo{EditorInfo{packageName=com.crosshub.idblock, inputType=0, inputTypeString=NULL, enableLearning=false, autoCorrection=false, autoComplete=false, imeOptions=0, privateImeOptions=null, actionName=UNSPECIFIED, actionLabel=null, initialSelStart=-1, initialSelEnd=-1, initialCapsMode=0, label=null, fieldId=0, fieldName=null, extras=null, hintText=null, hintLocales=[]}}, false)
05-26 05:46:43.264   580   847 W PackageConfigPersister: App-specific configuration not found for packageName: com.crosshub.idblock and userId: 0
05-26 05:46:45.118   580   648 D CoreBackPreview: Window{c6bf1bf u0 com.crosshub.idblock/com.crosshub.idblock.MainActivity}: Setting back callback OnBackInvokedCallbackInfo{mCallback=android.window.IOnBackInvokedCallback$Stub$Proxy@46d23d5, mPriority=0, mIsAnimationCallback=false}
05-26 05:46:45.202   580   687 I ImeTracker: com.crosshub.idblock:f9d4df27: onRequestHide at ORIGIN_SERVER reason HIDE_UNSPECIFIED_WINDOW fromUser false
05-26 05:46:45.202   580   687 I ImeTracker: com.crosshub.idblock:f9d4df27: onCancelled at PHASE_SERVER_SHOULD_HIDE
05-26 05:46:45.207  1214  1214 I GoogleInputMethodService: GoogleInputMethodService.onStartInput():1986 onStartInput(EditorInfo{EditorInfo{packageName=com.crosshub.idblock, inputType=0, inputTypeString=NULL, enableLearning=false, autoCorrection=false, autoComplete=false, imeOptions=0, privateImeOptions=null, actionName=UNSPECIFIED, actionLabel=null, initialSelStart=-1, initialSelEnd=-1, initialCapsMode=0, label=null, fieldId=0, fieldName=null, extras=null, hintText=null, hintLocales=[]}}, false)
05-26 05:46:45.209   580  1508 W PackageConfigPersister: App-specific configuration not found for packageName: com.crosshub.idblock and userId: 0
05-26 05:46:47.158   580   648 D CoreBackPreview: Window{c6bf1bf u0 com.crosshub.idblock/com.crosshub.idblock.MainActivity}: Setting back callback null
05-26 05:46:47.160   580   648 W InputManager-JNI: Input channel object 'c6bf1bf com.crosshub.idblock/com.crosshub.idblock.MainActivity (client)' was disposed without first being removed with the input manager!
05-26 05:46:47.198   580   687 I ImeTracker: com.crosshub.idblock:8555940f: onRequestHide at ORIGIN_SERVER reason HIDE_UNSPECIFIED_WINDOW fromUser false
05-26 05:46:47.198   580   687 I ImeTracker: com.crosshub.idblock:8555940f: onCancelled at PHASE_SERVER_SHOULD_HIDE
05-26 05:46:47.203  1214  1214 I GoogleInputMethodService: GoogleInputMethodService.onStartInput():1986 onStartInput(EditorInfo{EditorInfo{packageName=com.crosshub.idblock, inputType=0, inputTypeString=NULL, enableLearning=false, autoCorrection=false, autoComplete=false, imeOptions=0, privateImeOptions=null, actionName=UNSPECIFIED, actionLabel=null, initialSelStart=-1, initialSelEnd=-1, initialCapsMode=0, label=null, fieldId=0, fieldName=null, extras=null, hintText=null, hintLocales=[]}}, false)
05-26 05:46:47.204   580  1508 W PackageConfigPersister: App-specific configuration not found for packageName: com.crosshub.idblock and userId: 0
05-26 05:46:48.143  6770  6770 I ImeTracker: com.crosshub.idblock:dac6e2f8: onRequestShow at ORIGIN_CLIENT reason SHOW_SOFT_INPUT fromUser false
05-26 05:46:48.147  1214  1214 I GoogleInputMethodService: GoogleInputMethodService.onStartInput():1986 onStartInput(EditorInfo{EditorInfo{packageName=com.crosshub.idblock, inputType=80002, inputTypeString=Number, enableLearning=false, autoCorrection=false, autoComplete=false, imeOptions=c000006, privateImeOptions=null, actionName=DONE, actionLabel=null, initialSelStart=0, initialSelEnd=0, initialCapsMode=0, label=null, fieldId=659, fieldName=null, extras=Bundle[mParcelledData.dataSize=404], hintText=non-empty, hintLocales=[]}}, false)
05-26 05:46:48.151   580   871 W PackageConfigPersister: App-specific configuration not found for packageName: com.crosshub.idblock and userId: 0
05-26 05:46:48.156  1214  1214 I GoogleInputMethodService: GoogleInputMethodService.onStartInputView():2098 onStartInputView(EditorInfo{EditorInfo{packageName=com.crosshub.idblock, inputType=80002, inputTypeString=Number, enableLearning=false, autoCorrection=false, autoComplete=false, imeOptions=c000006, privateImeOptions=null, actionName=DONE, actionLabel=null, initialSelStart=0, initialSelEnd=0, initialCapsMode=0, label=null, fieldId=659, fieldName=null, extras=Bundle[{android.support.text.emoji.emojiCompat_metadataVersion=9, androidx.core.view.inputmethod.EditorInfoCompat.STYLUS_HANDWRITING_ENABLED=true, android.support.text.emoji.emojiCompat_replaceAll=false}], hintText=non-empty, hintLocales=[]}}, false)
05-26 05:46:48.442  6770  6770 I ImeTracker: com.crosshub.idblock:dac6e2f8: onShown
05-26 05:46:50.126  6770  6770 I ImeTracker: com.crosshub.idblock:71930993: onRequestHide at ORIGIN_CLIENT reason HIDE_SOFT_INPUT fromUser false
05-26 05:46:50.149  1214  1214 I GoogleInputMethodService: GoogleInputMethodService.onStartInput():1986 onStartInput(EditorInfo{EditorInfo{packageName=com.crosshub.idblock, inputType=0, inputTypeString=NULL, enableLearning=false, autoCorrection=false, autoComplete=false, imeOptions=0, privateImeOptions=null, actionName=UNSPECIFIED, actionLabel=null, initialSelStart=-1, initialSelEnd=-1, initialCapsMode=0, label=null, fieldId=0, fieldName=null, extras=null, hintText=null, hintLocales=[]}}, false)
05-26 05:46:50.152   580   648 W PackageConfigPersister: App-specific configuration not found for packageName: com.crosshub.idblock and userId: 0
05-26 05:46:50.154  1214  1214 I GoogleInputMethodService: GoogleInputMethodService.onStartInputView():2098 onStartInputView(EditorInfo{EditorInfo{packageName=com.crosshub.idblock, inputType=0, inputTypeString=NULL, enableLearning=false, autoCorrection=false, autoComplete=false, imeOptions=0, privateImeOptions=null, actionName=UNSPECIFIED, actionLabel=null, initialSelStart=-1, initialSelEnd=-1, initialCapsMode=0, label=null, fieldId=0, fieldName=null, extras=null, hintText=null, hintLocales=[]}}, false)
05-26 05:46:50.180  1214  1214 I AndroidIME: AbstractIme.onActivate():89 PasswordIme.onActivate() : EditorInfo = EditorInfo{packageName=com.crosshub.idblock, inputType=0, inputTypeString=NULL, enableLearning=false, autoCorrection=false, autoComplete=false, imeOptions=0, privateImeOptions=null, actionName=UNSPECIFIED, actionLabel=null, initialSelStart=-1, initialSelEnd=-1, initialCapsMode=0, label=null, fieldId=0, fieldName=null, extras=null, hintText=null, hintLocales=[]}, IncognitoMode = false, DeviceLocked = false
05-26 05:46:50.428  6770  6770 I ImeTracker: com.crosshub.idblock:178582ea: onRequestHide at ORIGIN_CLIENT reason HIDE_SOFT_INPUT_ON_ANIMATION_STATE_CHANGED fromUser false
05-26 05:46:50.429   580   687 I ImeTracker: com.crosshub.idblock:178582ea: onCancelled at PHASE_SERVER_SHOULD_HIDE
05-26 05:46:50.429  6770  6770 I ImeTracker: com.crosshub.idblock:71930993: onHidden
05-26 05:46:50.876  6770  6770 I ImeTracker: com.crosshub.idblock:9f728cab: onRequestShow at ORIGIN_CLIENT reason SHOW_SOFT_INPUT fromUser false
05-26 05:46:50.881  1214  1214 I GoogleInputMethodService: GoogleInputMethodService.onStartInput():1986 onStartInput(EditorInfo{EditorInfo{packageName=com.crosshub.idblock, inputType=80001, inputTypeString=Normal, enableLearning=false, autoCorrection=false, autoComplete=true, imeOptions=4000006, privateImeOptions=null, actionName=DONE, actionLabel=null, initialSelStart=0, initialSelEnd=0, initialCapsMode=0, label=null, fieldId=673, fieldName=null, extras=Bundle[mParcelledData.dataSize=404], hintText=non-empty, hintLocales=[]}}, false)
05-26 05:46:50.887   580   648 W PackageConfigPersister: App-specific configuration not found for packageName: com.crosshub.idblock and userId: 0
05-26 05:46:50.893  1214  1214 I GoogleInputMethodService: GoogleInputMethodService.onStartInputView():2098 onStartInputView(EditorInfo{EditorInfo{packageName=com.crosshub.idblock, inputType=80001, inputTypeString=Normal, enableLearning=false, autoCorrection=false, autoComplete=true, imeOptions=4000006, privateImeOptions=null, actionName=DONE, actionLabel=null, initialSelStart=0, initialSelEnd=0, initialCapsMode=0, label=null, fieldId=673, fieldName=null, extras=Bundle[{android.support.text.emoji.emojiCompat_metadataVersion=9, androidx.core.view.inputmethod.EditorInfoCompat.STYLUS_HANDWRITING_ENABLED=true, android.support.text.emoji.emojiCompat_replaceAll=false}], hintText=non-empty, hintLocales=[]}}, false)
05-26 05:46:50.897  1214  1214 I AndroidIME: AbstractIme.onActivate():89 LatinIme.onActivate() : EditorInfo = EditorInfo{packageName=com.crosshub.idblock, inputType=80001, inputTypeString=Normal, enableLearning=false, autoCorrection=false, autoComplete=true, imeOptions=4000006, privateImeOptions=null, actionName=DONE, actionLabel=null, initialSelStart=0, initialSelEnd=0, initialCapsMode=0, label=null, fieldId=673, fieldName=null, extras=Bundle[{android.support.text.emoji.emojiCompat_metadataVersion=9, androidx.core.view.inputmethod.EditorInfoCompat.STYLUS_HANDWRITING_ENABLED=true, android.support.text.emoji.emojiCompat_replaceAll=false}], hintText=non-empty, hintLocales=[]}, IncognitoMode = false, DeviceLocked = false
05-26 05:46:51.197  6770  6770 I ImeTracker: com.crosshub.idblock:9f728cab: onShown
05-26 05:46:54.075  6770  6770 I ImeTracker: com.crosshub.idblock:8419d13b: onRequestHide at ORIGIN_CLIENT reason HIDE_SOFT_INPUT fromUser false
05-26 05:46:54.316  6770  6770 I ImeTracker: com.crosshub.idblock:55d81a93: onRequestHide at ORIGIN_CLIENT reason HIDE_SOFT_INPUT_ON_ANIMATION_STATE_CHANGED fromUser false
05-26 05:46:54.317  6770  6770 I ImeTracker: com.crosshub.idblock:8419d13b: onHidden
05-26 05:46:54.317   580   687 I ImeTracker: com.crosshub.idblock:55d81a93: onCancelled at PHASE_SERVER_SHOULD_HIDE
05-26 05:46:54.940  6770  6770 I ImeTracker: com.crosshub.idblock:f489fa84: onRequestHide at ORIGIN_CLIENT reason HIDE_SOFT_INPUT_CLOSE_CURRENT_SESSION fromUser false
05-26 05:46:54.941   580   687 I ImeTracker: com.crosshub.idblock:f489fa84: onCancelled at PHASE_SERVER_SHOULD_HIDE
05-26 05:46:55.521   806   843 V WindowManagerShell: Transition requested (#15): android.os.BinderProxy@ebc794a TransitionRequestInfo { type = OPEN, triggerTask = TaskInfo{userId=0 taskId=16 displayId=0 isRunning=true baseIntent=Intent { act=android.intent.action.MAIN cat=[android.intent.category.LAUNCHER] flg=0x10000000 cmp=com.crosshub.idblock/.MainActivity } baseActivity=ComponentInfo{com.crosshub.idblock/com.crosshub.idblock.MainActivity} topActivity=ComponentInfo{com.google.android.providers.media.module/com.android.providers.media.photopicker.PhotoPickerActivity} origActivity=null realActivity=ComponentInfo{com.crosshub.idblock/com.crosshub.idblock.MainActivity} numActivities=2 lastActiveTime=17694199 supportsMultiWindow=true resizeMode=1 isResizeable=true minWidth=-1 minHeight=-1 defaultMinSize=220 token=WCT{android.window.IWindowContainerToken$Stub$Proxy@c7060bb} topActivityType=1 pictureInPictureParams=null shouldDockBigOverlays=false launchIntoPipHostTaskId=-1 lastParentTaskIdBeforePip=-1 displayCutoutSafeInsets=Rect(0, 132 - 0, 0) topActivityInfo=ActivityInfo{4f459d8 com.android.providers.media.photopicker.PhotoPickerActivity} launchCookies=[] positionInParent=Point(0, 0) parentTaskId=-1 isFocused=true isVisible=true isVisibleRequested=true isSleeping=false locusId=null displayAreaFeatureId=1 isTopActivityTransparent=true appCompatTaskInfo=AppCompatTaskInfo { topActivityInSizeCompat=false topActivityEligibleForLetterboxEducation= falseisLetterboxEducationEnabled= true isLetterboxDoubleTapEnabled= false topActivityEligibleForUserAspectRatioButton= false topActivityBoundsLetterboxed= false isFromLetterboxDoubleTap= false topActivityLetterboxVerticalPosition= -1 topActivityLetterboxHorizontalPosition= -1 topActivityLetterboxWidth=1080 topActivityLetterboxHeight=2400 isUserFullscreenOverrideEnabled=false isSystemFullscreenOverrideEnabled=false cameraCompatTaskInfo=CameraCompatTaskInfo { cameraCompatControlState=hidden freeformCameraCompatMode=inactive}}}, pipTask = null, remoteTransition = null, displayChange = null, flags = 0, debugId = 15 }
05-26 05:46:56.286   580   601 V WindowManager: Sent Transition (#15) createdAt=05-26 05:46:55.491 via request=TransitionRequestInfo { type = OPEN, triggerTask = TaskInfo{userId=0 taskId=16 displayId=0 isRunning=true baseIntent=Intent { act=android.intent.action.MAIN cat=[android.intent.category.LAUNCHER] flg=0x10000000 cmp=com.crosshub.idblock/.MainActivity } baseActivity=ComponentInfo{com.crosshub.idblock/com.crosshub.idblock.MainActivity} topActivity=ComponentInfo{com.google.android.providers.media.module/com.android.providers.media.photopicker.PhotoPickerActivity} origActivity=null realActivity=ComponentInfo{com.crosshub.idblock/com.crosshub.idblock.MainActivity} numActivities=2 lastActiveTime=17694199 supportsMultiWindow=true resizeMode=1 isResizeable=true minWidth=-1 minHeight=-1 defaultMinSize=220 token=WCT{RemoteToken{c0b8c35 Task{6911660 #16 type=standard A=10209:com.crosshub.idblock}}} topActivityType=1 pictureInPictureParams=null shouldDockBigOverlays=false launchIntoPipHostTaskId=-1 lastParentTaskIdBeforePip=-1 displayCutoutSafeInsets=Rect(0, 132 - 0, 0) topActivityInfo=ActivityInfo{34accf7 com.android.providers.media.photopicker.PhotoPickerActivity} launchCookies=[] positionInParent=Point(0, 0) parentTaskId=-1 isFocused=true isVisible=true isVisibleRequested=true isSleeping=false locusId=null displayAreaFeatureId=1 isTopActivityTransparent=true appCompatTaskInfo=AppCompatTaskInfo { topActivityInSizeCompat=false topActivityEligibleForLetterboxEducation= falseisLetterboxEducationEnabled= true isLetterboxDoubleTapEnabled= false topActivityEligibleForUserAspectRatioButton= false topActivityBoundsLetterboxed= false isFromLetterboxDoubleTap= false topActivityLetterboxVerticalPosition= -1 topActivityLetterboxHorizontalPosition= -1 topActivityLetterboxWidth=1080 topActivityLetterboxHeight=2400 isUserFullscreenOverrideEnabled=false isSystemFullscreenOverrideEnabled=false cameraCompatTaskInfo=CameraCompatTaskInfo { cameraCompatControlState=hidden freeformCameraCompatMode=inactive}}}, pipTask = null, remoteTransition = null, displayChange = null, flags = 0, debugId = 15 }
05-26 05:46:58.449   580   687 I ImeTracker: com.crosshub.idblock:1bf39553: onRequestHide at ORIGIN_SERVER reason HIDE_UNSPECIFIED_WINDOW fromUser false
05-26 05:46:58.449   580   687 I ImeTracker: com.crosshub.idblock:1bf39553: onCancelled at PHASE_SERVER_SHOULD_HIDE
05-26 05:46:58.465  1214  1214 I GoogleInputMethodService: GoogleInputMethodService.onStartInput():1986 onStartInput(EditorInfo{EditorInfo{packageName=com.crosshub.idblock, inputType=0, inputTypeString=NULL, enableLearning=false, autoCorrection=false, autoComplete=false, imeOptions=0, privateImeOptions=null, actionName=UNSPECIFIED, actionLabel=null, initialSelStart=-1, initialSelEnd=-1, initialCapsMode=0, label=null, fieldId=0, fieldName=null, extras=null, hintText=null, hintLocales=[]}}, false)
05-26 05:46:58.467   580  1508 W PackageConfigPersister: App-specific configuration not found for packageName: com.crosshub.idblock and userId: 0
05-26 05:46:58.770  6770  6998 I ReactNativeJS: formData : {"_parts":[["file",{"uri":"file:///data/user/0/com.crosshub.idblock/cache/rn_image_picker_lib_temp_90e4cde5-6af0-492e-931c-90a0d8f171ee.jpg","type":"image/jpeg","name":"1000000035.jpg"}]]}
05-26 05:46:58.805  6770  6998 I ReactNativeJS:           { uri: 'file:///data/user/0/com.crosshub.idblock/cache/rn_image_picker_lib_temp_90e4cde5-6af0-492e-931c-90a0d8f171ee.jpg',
05-26 05:47:08.091  6770  6998 D nativeloader: Load /data/app/~~6kc7Ms0naIgpoLdQkUJ5EQ==/com.crosshub.idblock-ryZmdItYRQsS938nRn4FDQ==/base.apk!/lib/x86_64/librnworklets.so using ns clns-7 from class loader (caller=/data/app/~~6kc7Ms0naIgpoLdQkUJ5EQ==/com.crosshub.idblock-ryZmdItYRQsS938nRn4FDQ==/base.apk!classes14.dex): ok
05-26 05:47:08.103  6770  6998 D nativeloader: Load /data/app/~~6kc7Ms0naIgpoLdQkUJ5EQ==/com.crosshub.idblock-ryZmdItYRQsS938nRn4FDQ==/base.apk!/lib/x86_64/libturbomodulejsijni.so using ns clns-7 from class loader (caller=/data/app/~~6kc7Ms0naIgpoLdQkUJ5EQ==/com.crosshub.idblock-ryZmdItYRQsS938nRn4FDQ==/base.apk): ok
05-26 05:47:08.399   806   843 V WindowManagerShell: Transition requested (#17): android.os.BinderProxy@516d9b9 TransitionRequestInfo { type = OPEN, triggerTask = TaskInfo{userId=0 taskId=16 displayId=0 isRunning=true baseIntent=Intent { act=android.intent.action.MAIN cat=[android.intent.category.LAUNCHER] flg=0x10000000 cmp=com.crosshub.idblock/.MainActivity } baseActivity=ComponentInfo{com.crosshub.idblock/com.crosshub.idblock.MainActivity} topActivity=ComponentInfo{com.google.android.permissioncontroller/com.android.permissioncontroller.permission.ui.GrantPermissionsActivity} origActivity=null realActivity=ComponentInfo{com.crosshub.idblock/com.crosshub.idblock.MainActivity} numActivities=2 lastActiveTime=17707083 supportsMultiWindow=true resizeMode=1 isResizeable=true minWidth=-1 minHeight=-1 defaultMinSize=220 token=WCT{android.window.IWindowContainerToken$Stub$Proxy@f2741fe} topActivityType=1 pictureInPictureParams=null shouldDockBigOverlays=false launchIntoPipHostTaskId=-1 lastParentTaskIdBeforePip=-1 displayCutoutSafeInsets=Rect(0, 132 - 0, 0) topActivityInfo=ActivityInfo{246ad5f com.android.permissioncontroller.permission.ui.GrantPermissionsActivity} launchCookies=[] positionInParent=Point(0, 0) parentTaskId=-1 isFocused=true isVisible=true isVisibleRequested=true isSleeping=false locusId=null displayAreaFeatureId=1 isTopActivityTransparent=true appCompatTaskInfo=AppCompatTaskInfo { topActivityInSizeCompat=false topActivityEligibleForLetterboxEducation= falseisLetterboxEducationEnabled= true isLetterboxDoubleTapEnabled= false topActivityEligibleForUserAspectRatioButton= false topActivityBoundsLetterboxed= false isFromLetterboxDoubleTap= false topActivityLetterboxVerticalPosition= -1 topActivityLetterboxHorizontalPosition= -1 topActivityLetterboxWidth=1080 topActivityLetterboxHeight=2400 isUserFullscreenOverrideEnabled=false isSystemFullscreenOverrideEnabled=false cameraCompatTaskInfo=CameraCompatTaskInfo { cameraCompatControlState=hidden freeformCameraCompatMode=inactive}}}, pipTask = null, remoteTransition = null, displayChange = null, flags = 0, debugId = 17 }
05-26 05:47:09.081   580   601 V WindowManager: Sent Transition (#17) createdAt=05-26 05:47:08.391 via request=TransitionRequestInfo { type = OPEN, triggerTask = TaskInfo{userId=0 taskId=16 displayId=0 isRunning=true baseIntent=Intent { act=android.intent.action.MAIN cat=[android.intent.category.LAUNCHER] flg=0x10000000 cmp=com.crosshub.idblock/.MainActivity } baseActivity=ComponentInfo{com.crosshub.idblock/com.crosshub.idblock.MainActivity} topActivity=ComponentInfo{com.google.android.permissioncontroller/com.android.permissioncontroller.permission.ui.GrantPermissionsActivity} origActivity=null realActivity=ComponentInfo{com.crosshub.idblock/com.crosshub.idblock.MainActivity} numActivities=2 lastActiveTime=17707083 supportsMultiWindow=true resizeMode=1 isResizeable=true minWidth=-1 minHeight=-1 defaultMinSize=220 token=WCT{RemoteToken{c0b8c35 Task{6911660 #16 type=standard A=10209:com.crosshub.idblock}}} topActivityType=1 pictureInPictureParams=null shouldDockBigOverlays=false launchIntoPipHostTaskId=-1 lastParentTaskIdBeforePip=-1 displayCutoutSafeInsets=Rect(0, 132 - 0, 0) topActivityInfo=ActivityInfo{fe9819e com.android.permissioncontroller.permission.ui.GrantPermissionsActivity} launchCookies=[] positionInParent=Point(0, 0) parentTaskId=-1 isFocused=true isVisible=true isVisibleRequested=true isSleeping=false locusId=null displayAreaFeatureId=1 isTopActivityTransparent=true appCompatTaskInfo=AppCompatTaskInfo { topActivityInSizeCompat=false topActivityEligibleForLetterboxEducation= falseisLetterboxEducationEnabled= true isLetterboxDoubleTapEnabled= false topActivityEligibleForUserAspectRatioButton= false topActivityBoundsLetterboxed= false isFromLetterboxDoubleTap= false topActivityLetterboxVerticalPosition= -1 topActivityLetterboxHorizontalPosition= -1 topActivityLetterboxWidth=1080 topActivityLetterboxHeight=2400 isUserFullscreenOverrideEnabled=false isSystemFullscreenOverrideEnabled=false cameraCompatTaskInfo=CameraCompatTaskInfo { cameraCompatControlState=hidden freeformCameraCompatMode=inactive}}}, pipTask = null, remoteTransition = null, displayChange = null, flags = 0, debugId = 17 }
05-26 05:47:10.622  7369  7369 I GrantPermissionsViewModel: Logged buttons presented and clicked permissionGroupName=android.permission-group.CAMERA uid=10209 selectedPrecision=0 package=com.crosshub.idblock presentedButtons=44 clickedButton=32 isPermissionRationaleShown=false sessionId=2607836473387474058 targetSdk=34
05-26 05:47:10.642   580  1494 I OneTimePermissionUserManager: Start tracking com.crosshub.idblock. uid=10209 timeout=60000 killedDelay=5000
05-26 05:47:10.643   580  1494 V OneTimePermissionUserManager: Updating state for com.crosshub.idblock (10209). device ID=0, state=2
05-26 05:47:10.645  7369  7369 I GrantPermissionsViewModel: Permission grant result requestId=2607836473387474058 callingUid=10209 callingPackage=com.crosshub.idblock permission=android.permission.CAMERA isImplicit=false result=10 isPermissionRationaleShown=falseisPackageRestrictedByEnhancedConfirmation=false
05-26 05:47:10.712   580   687 I ImeTracker: com.crosshub.idblock:fef0bcef: onRequestHide at ORIGIN_SERVER reason HIDE_UNSPECIFIED_WINDOW fromUser false
05-26 05:47:10.714   580   687 I ImeTracker: com.crosshub.idblock:fef0bcef: onCancelled at PHASE_SERVER_SHOULD_HIDE
05-26 05:47:10.730  1214  1214 I GoogleInputMethodService: GoogleInputMethodService.onStartInput():1986 onStartInput(EditorInfo{EditorInfo{packageName=com.crosshub.idblock, inputType=0, inputTypeString=NULL, enableLearning=false, autoCorrection=false, autoComplete=false, imeOptions=0, privateImeOptions=null, actionName=UNSPECIFIED, actionLabel=null, initialSelStart=-1, initialSelEnd=-1, initialCapsMode=0, label=null, fieldId=0, fieldName=null, extras=null, hintText=null, hintLocales=[]}}, false)
05-26 05:47:10.751   580   648 W PackageConfigPersister: App-specific configuration not found for packageName: com.crosshub.idblock and userId: 0
05-26 05:47:12.520  6770  7432 D nativeloader: Load /data/app/~~6kc7Ms0naIgpoLdQkUJ5EQ==/com.crosshub.idblock-ryZmdItYRQsS938nRn4FDQ==/base.apk!/lib/x86_64/libface_detector_v2_jni.so using ns clns-7 from class loader (caller=/data/app/~~6kc7Ms0naIgpoLdQkUJ5EQ==/com.crosshub.idblock-ryZmdItYRQsS938nRn4FDQ==/base.apk!classes19.dex): ok
05-26 05:47:12.606  6770  6998 D nativeloader: Load /data/app/~~6kc7Ms0naIgpoLdQkUJ5EQ==/com.crosshub.idblock-ryZmdItYRQsS938nRn4FDQ==/base.apk!/lib/x86_64/librnskia.so using ns clns-7 from class loader (caller=/data/app/~~6kc7Ms0naIgpoLdQkUJ5EQ==/com.crosshub.idblock-ryZmdItYRQsS938nRn4FDQ==/base.apk!classes6.dex): ok
05-26 05:47:13.236   580   648 D CoreBackPreview: Window{7478307 u0 com.crosshub.idblock/com.crosshub.idblock.MainActivity}: Setting back callback OnBackInvokedCallbackInfo{mCallback=android.window.IOnBackInvokedCallback$Stub$Proxy@d710a5d, mPriority=0, mIsAnimationCallback=false}
05-26 05:47:13.841   580   687 I ImeTracker: com.crosshub.idblock:d3d1ccd2: onRequestHide at ORIGIN_SERVER reason HIDE_UNSPECIFIED_WINDOW fromUser false
05-26 05:47:13.841   580   687 I ImeTracker: com.crosshub.idblock:d3d1ccd2: onCancelled at PHASE_SERVER_SHOULD_HIDE
05-26 05:47:13.849  1214  1214 I GoogleInputMethodService: GoogleInputMethodService.onStartInput():1986 onStartInput(EditorInfo{EditorInfo{packageName=com.crosshub.idblock, inputType=0, inputTypeString=NULL, enableLearning=false, autoCorrection=false, autoComplete=false, imeOptions=0, privateImeOptions=null, actionName=UNSPECIFIED, actionLabel=null, initialSelStart=-1, initialSelEnd=-1, initialCapsMode=0, label=null, fieldId=0, fieldName=null, extras=null, hintText=null, hintLocales=[]}}, false)
05-26 05:47:13.854   580   648 W PackageConfigPersister: App-specific configuration not found for packageName: com.crosshub.idblock and userId: 0
05-26 05:47:13.877   442   442 D CompositionEngine: Layer: com.crosshub.idblock/com.crosshub.idblock.MainActivity#226 had an out of bounds transparent region
05-26 05:47:13.909   442   442 D CompositionEngine: Layer: com.crosshub.idblock/com.crosshub.idblock.MainActivity#226 had an out of bounds transparent region
05-26 05:47:13.924   442   442 D CompositionEngine: Layer: com.crosshub.idblock/com.crosshub.idblock.MainActivity#226 had an out of bounds transparent region
05-26 05:47:13.931   442   487 D CompositionEngine: Layer: com.crosshub.idblock/com.crosshub.idblock.MainActivity#226 had an out of bounds transparent region
05-26 05:47:13.965   483   544 I CameraService: CameraService::connect call (PID 6770 "com.crosshub.idblock", camera ID 1) and Camera API version 2
05-26 05:47:13.975   483   544 I Camera2ClientBase: Camera 1: Opened. Client: com.crosshub.idblock (PID 6770, UID 10209)
05-26 05:47:14.049   442   487 D CompositionEngine: Layer: com.crosshub.idblock/com.crosshub.idblock.MainActivity#226 had an out of bounds transparent region
05-26 05:47:14.162   442   487 D CompositionEngine: Layer: com.crosshub.idblock/com.crosshub.idblock.MainActivity#226 had an out of bounds transparent region
05-26 05:47:14.265   442   487 D CompositionEngine: Layer: com.crosshub.idblock/com.crosshub.idblock.MainActivity#226 had an out of bounds transparent region
05-26 05:47:14.368   442   487 D CompositionEngine: Layer: com.crosshub.idblock/com.crosshub.idblock.MainActivity#226 had an out of bounds transparent region
05-26 05:47:14.478   442   487 D CompositionEngine: Layer: com.crosshub.idblock/com.crosshub.idblock.MainActivity#226 had an out of bounds transparent region
05-26 05:47:14.582   442   487 D CompositionEngine: Layer: com.crosshub.idblock/com.crosshub.idblock.MainActivity#226 had an out of bounds transparent region
05-26 05:47:14.673   442   442 D CompositionEngine: Layer: com.crosshub.idblock/com.crosshub.idblock.MainActivity#226 had an out of bounds transparent region
05-26 05:47:14.689   442   487 D CompositionEngine: Layer: com.crosshub.idblock/com.crosshub.idblock.MainActivity#226 had an out of bounds transparent region
05-26 05:47:14.690   442   442 D CompositionEngine: Layer: com.crosshub.idblock/com.crosshub.idblock.MainActivity#226 had an out of bounds transparent region
05-26 05:47:14.709   442   442 D CompositionEngine: Layer: com.crosshub.idblock/com.crosshub.idblock.MainActivity#226 had an out of bounds transparent region
05-26 05:47:14.725   442   442 D CompositionEngine: Layer: com.crosshub.idblock/com.crosshub.idblock.MainActivity#226 had an out of bounds transparent region
05-26 05:47:14.803   442   487 D CompositionEngine: Layer: com.crosshub.idblock/com.crosshub.idblock.MainActivity#226 had an out of bounds transparent region
05-26 05:47:14.913   442   487 D CompositionEngine: Layer: com.crosshub.idblock/com.crosshub.idblock.MainActivity#226 had an out of bounds transparent region
05-26 05:47:15.017   442   487 D CompositionEngine: Layer: com.crosshub.idblock/com.crosshub.idblock.MainActivity#226 had an out of bounds transparent region
05-26 05:47:15.116   442   487 D CompositionEngine: Layer: com.crosshub.idblock/com.crosshub.idblock.MainActivity#226 had an out of bounds transparent region
05-26 05:47:15.218   442   487 D CompositionEngine: Layer: com.crosshub.idblock/com.crosshub.idblock.MainActivity#226 had an out of bounds transparent region
05-26 05:47:15.925  1002  1009 W s.nexuslauncher: ApkAssets: Deleting an ApkAssets object '<empty> and /data/app/~~6kc7Ms0naIgpoLdQkUJ5EQ==/com.crosshub.idblock-ryZmdItYRQsS938nRn4FDQ==/base.apk' with 1 weak references
05-26 05:47:17.076  7469  7469 F DEBUG   : Cmdline: com.crosshub.idblock
05-26 05:47:17.076  7469  7469 F DEBUG   : pid: 6770, tid: 6995, name: ionCamera.video  >>> com.crosshub.idblock <<<
05-26 05:47:17.077  7469  7469 F DEBUG   :       #00 pc 00000000006297cd  /data/app/~~6kc7Ms0naIgpoLdQkUJ5EQ==/com.crosshub.idblock-ryZmdItYRQsS938nRn4FDQ==/base.apk!libjsc.so (offset 0xea6c000) (BuildId: 3d990d1b1ff31bc6d0de34344c01328ef20841a7)
05-26 05:47:17.077  7469  7469 F DEBUG   :       #01 pc 000000000062991e  /data/app/~~6kc7Ms0naIgpoLdQkUJ5EQ==/com.crosshub.idblock-ryZmdItYRQsS938nRn4FDQ==/base.apk!libjsc.so (offset 0xea6c000) (BuildId: 3d990d1b1ff31bc6d0de34344c01328ef20841a7)
05-26 05:47:17.077  7469  7469 F DEBUG   :       #02 pc 000000000065d39c  /data/app/~~6kc7Ms0naIgpoLdQkUJ5EQ==/com.crosshub.idblock-ryZmdItYRQsS938nRn4FDQ==/base.apk!libjsc.so (offset 0xea6c000) (BuildId: 3d990d1b1ff31bc6d0de34344c01328ef20841a7)
05-26 05:47:17.077  7469  7469 F DEBUG   :       #03 pc 00000000002be17f  /data/app/~~6kc7Ms0naIgpoLdQkUJ5EQ==/com.crosshub.idblock-ryZmdItYRQsS938nRn4FDQ==/base.apk!libjsc.so (offset 0xea6c000) (JSStringCreateWithUTF8CString+130) (BuildId: 3d990d1b1ff31bc6d0de34344c01328ef20841a7)
05-26 05:47:17.077  7469  7469 F DEBUG   :       #04 pc 000000000003d0c8  /data/app/~~6kc7Ms0naIgpoLdQkUJ5EQ==/com.crosshub.idblock-ryZmdItYRQsS938nRn4FDQ==/base.apk!libjscexecutor.so (offset 0xf110000) (facebook::jsc::JSCRuntime::createStringFromUtf8(unsigned char const*, unsigned long)+152) (BuildId: 8d8bbe746ecb1d9d)
05-26 05:47:17.077  7469  7469 F DEBUG   :       #05 pc 000000000003d01c  /data/app/~~6kc7Ms0naIgpoLdQkUJ5EQ==/com.crosshub.idblock-ryZmdItYRQsS938nRn4FDQ==/base.apk!libjscexecutor.so (offset 0xf110000) (facebook::jsc::JSCRuntime::createStringFromAscii(char const*, unsigned long)+12) (BuildId: 8d8bbe746ecb1d9d)
05-26 05:47:17.077  7469  7469 F DEBUG   :       #06 pc 000000000003eaa7  /data/app/~~6kc7Ms0naIgpoLdQkUJ5EQ==/com.crosshub.idblock-ryZmdItYRQsS938nRn4FDQ==/base.apk!libVisionCamera.so (offset 0xd508000) (facebook::jsi::Object::getProperty(facebook::jsi::Runtime&, char const*) const+71) (BuildId: 774ea56246ba92ea62ad22e7d8576a546c008d4d)
05-26 05:47:17.077  7469  7469 F DEBUG   :       #07 pc 0000000000184ab4  /data/app/~~6kc7Ms0naIgpoLdQkUJ5EQ==/com.crosshub.idblock-ryZmdItYRQsS938nRn4FDQ==/base.apk!librnworklets.so (offset 0x11bfc000) (RNWorklet::JsiObjectWrapper::setObjectValue(facebook::jsi::Runtime&, facebook::jsi::Object&)+388) (BuildId: 2252ddf45b685a6212df2e27fe9c813f22e6c226)
05-26 05:47:17.077  7469  7469 F DEBUG   :       #08 pc 0000000000181ffc  /data/app/~~6kc7Ms0naIgpoLdQkUJ5EQ==/com.crosshub.idblock-ryZmdItYRQsS938nRn4FDQ==/base.apk!librnworklets.so (offset 0x11bfc000) (RNWorklet::JsiObjectWrapper::setValue(facebook::jsi::Runtime&, facebook::jsi::Value const&)+476) (BuildId: 2252ddf45b685a6212df2e27fe9c813f22e6c226)
05-26 05:47:17.077  7469  7469 F DEBUG   :       #09 pc 00000000001731db  /data/app/~~6kc7Ms0naIgpoLdQkUJ5EQ==/com.crosshub.idblock-ryZmdItYRQsS938nRn4FDQ==/base.apk!librnworklets.so (offset 0x11bfc000) (RNWorklet::JsiWrapper::wrap(facebook::jsi::Runtime&, facebook::jsi::Value const&, RNWorklet::JsiWrapper*, bool)+1067) (BuildId: 2252ddf45b685a6212df2e27fe9c813f22e6c226)
05-26 05:47:17.077  7469  7469 F DEBUG   :       #10 pc 0000000000184b0d  /data/app/~~6kc7Ms0naIgpoLdQkUJ5EQ==/com.crosshub.idblock-ryZmdItYRQsS938nRn4FDQ==/base.apk!librnworklets.so (offset 0x11bfc000) (RNWorklet::JsiObjectWrapper::setObjectValue(facebook::jsi::Runtime&, facebook::jsi::Object&)+477) (BuildId: 2252ddf45b685a6212df2e27fe9c813f22e6c226)
05-26 05:47:17.077  7469  7469 F DEBUG   :       #11 pc 0000000000181ffc  /data/app/~~6kc7Ms0naIgpoLdQkUJ5EQ==/com.crosshub.idblock-ryZmdItYRQsS938nRn4FDQ==/base.apk!librnworklets.so (offset 0x11bfc000) (RNWorklet::JsiObjectWrapper::setValue(facebook::jsi::Runtime&, facebook::jsi::Value const&)+476) (BuildId: 2252ddf45b685a6212df2e27fe9c813f22e6c226)
05-26 05:47:17.077  7469  7469 F DEBUG   :       #12 pc 00000000001731db  /data/app/~~6kc7Ms0naIgpoLdQkUJ5EQ==/com.crosshub.idblock-ryZmdItYRQsS938nRn4FDQ==/base.apk!librnworklets.so (offset 0x11bfc000) (RNWorklet::JsiWrapper::wrap(facebook::jsi::Runtime&, facebook::jsi::Value const&, RNWorklet::JsiWrapper*, bool)+1067) (BuildId: 2252ddf45b685a6212df2e27fe9c813f22e6c226)
05-26 05:47:17.077  7469  7469 F DEBUG   :       #13 pc 0000000000184b0d  /data/app/~~6kc7Ms0naIgpoLdQkUJ5EQ==/com.crosshub.idblock-ryZmdItYRQsS938nRn4FDQ==/base.apk!librnworklets.so (offset 0x11bfc000) (RNWorklet::JsiObjectWrapper::setObjectValue(facebook::jsi::Runtime&, facebook::jsi::Object&)+477) (BuildId: 2252ddf45b685a6212df2e27fe9c813f22e6c226)
05-26 05:47:17.077  7469  7469 F DEBUG   :       #14 pc 0000000000181ffc  /data/app/~~6kc7Ms0naIgpoLdQkUJ5EQ==/com.crosshub.idblock-ryZmdItYRQsS938nRn4FDQ==/base.apk!librnworklets.so (offset 0x11bfc000) (RNWorklet::JsiObjectWrapper::setValue(facebook::jsi::Runtime&, facebook::jsi::Value const&)+476) (BuildId: 2252ddf45b685a6212df2e27fe9c813f22e6c226)
05-26 05:47:17.077  7469  7469 F DEBUG   :       #15 pc 00000000001731db  /data/app/~~6kc7Ms0naIgpoLdQkUJ5EQ==/com.crosshub.idblock-ryZmdItYRQsS938nRn4FDQ==/base.apk!librnworklets.so (offset 0x11bfc000) (RNWorklet::JsiWrapper::wrap(facebook::jsi::Runtime&, facebook::jsi::Value const&, RNWorklet::JsiWrapper*, bool)+1067) (BuildId: 2252ddf45b685a6212df2e27fe9c813f22e6c226)
05-26 05:47:17.077  7469  7469 F DEBUG   :       #16 pc 0000000000184b0d  /data/app/~~6kc7Ms0naIgpoLdQkUJ5EQ==/com.crosshub.idblock-ryZmdItYRQsS938nRn4FDQ==/base.apk!librnworklets.so (offset 0x11bfc000) (RNWorklet::JsiObjectWrapper::setObjectValue(facebook::jsi::Runtime&, facebook::jsi::Object&)+477) (BuildId: 2252ddf45b685a6212df2e27fe9c813f22e6c226)
05-26 05:47:17.077  7469  7469 F DEBUG   :       #17 pc 0000000000181ffc  /data/app/~~6kc7Ms0naIgpoLdQkUJ5EQ==/com.crosshub.idblock-ryZmdItYRQsS938nRn4FDQ==/base.apk!librnworklets.so (offset 0x11bfc000) (RNWorklet::JsiObjectWrapper::setValue(facebook::jsi::Runtime&, facebook::jsi::Value const&)+476) (BuildId: 2252ddf45b685a6212df2e27fe9c813f22e6c226)
05-26 05:47:17.077  7469  7469 F DEBUG   :       #18 pc 00000000001731db  /data/app/~~6kc7Ms0naIgpoLdQkUJ5EQ==/com.crosshub.idblock-ryZmdItYRQsS938nRn4FDQ==/base.apk!librnworklets.so (offset 0x11bfc000) (RNWorklet::JsiWrapper::wrap(facebook::jsi::Runtime&, facebook::jsi::Value const&, RNWorklet::JsiWrapper*, bool)+1067) (BuildId: 2252ddf45b685a6212df2e27fe9c813f22e6c226)
05-26 05:47:17.077  7469  7469 F DEBUG   :       #19 pc 0000000000184b0d  /data/app/~~6kc7Ms0naIgpoLdQkUJ5EQ==/com.crosshub.idblock-ryZmdItYRQsS938nRn4FDQ==/base.apk!librnworklets.so (offset 0x11bfc000) (RNWorklet::JsiObjectWrapper::setObjectValue(facebook::jsi::Runtime&, facebook::jsi::Object&)+477) (BuildId: 2252ddf45b685a6212df2e27fe9c813f22e6c226)
05-26 05:47:17.077  7469  7469 F DEBUG   :       #20 pc 0000000000181ffc  /data/app/~~6kc7Ms0naIgpoLdQkUJ5EQ==/com.crosshub.idblock-ryZmdItYRQsS938nRn4FDQ==/base.apk!librnworklets.so (offset 0x11bfc000) (RNWorklet::JsiObjectWrapper::setValue(facebook::jsi::Runtime&, facebook::jsi::Value const&)+476) (BuildId: 2252ddf45b685a6212df2e27fe9c813f22e6c226)
05-26 05:47:17.077  7469  7469 F DEBUG   :       #21 pc 00000000001731db  /data/app/~~6kc7Ms0naIgpoLdQkUJ5EQ==/com.crosshub.idblock-ryZmdItYRQsS938nRn4FDQ==/base.apk!librnworklets.so (offset 0x11bfc000) (RNWorklet::JsiWrapper::wrap(facebook::jsi::Runtime&, facebook::jsi::Value const&, RNWorklet::JsiWrapper*, bool)+1067) (BuildId: 2252ddf45b685a6212df2e27fe9c813f22e6c226)
