05-25 23:22:38.754   580   580 W PackageSettings: Missing permission state for package com.crosshub.idblock on user 0
05-25 23:22:47.753   580   580 V StorageManagerService: Package com.crosshub.idblock does not have legacy storage
05-25 23:22:42.416   580  1357 D ShortcutService: Found updated package com.crosshub.idblock updateTime=1748214729671
05-25 23:22:42.417   580  1357 D ShortcutService: rescanPackageIfNeeded 0@com.crosshub.idblock, forceRescan=true , isNewApp=true
05-25 23:22:42.436   580  1357 D ShortcutService: Package com.crosshub.idblock has 0 manifest shortcut(s), and 0 share target(s)
05-25 23:23:42.667   580   636 I AppsFilter: interaction: PackageSetting{511700d com.crosshub.idblock/10209} -> PackageSetting{d99caa4 com.google.android.apps.docs/10154} BLOCKED
05-26 03:37:15.454   580   636 I AppsFilter: interaction: PackageSetting{511700d com.crosshub.idblock/10209} -> PackageSetting{b1ce1a9 com.google.android.googlequicksearchbox/10145} BLOCKED
05-26 05:44:57.487   580   636 I PackageManager: Update package com.crosshub.idblock code path from /data/app/~~pROWsxNdC8ywx4G4FP3nog==/com.crosshub.idblock-ADPGZZxCdJqnG9UyRcLeow== to /data/app/~~6kc7Ms0naIgpoLdQkUJ5EQ==/com.crosshub.idblock-ryZmdItYRQsS938nRn4FDQ==; Retain data and using new
05-26 05:44:57.488   580   613 I ActivityManager: Force stopping com.crosshub.idblock appid=10209 user=-1: installPackageLI
05-26 05:44:57.493   580   636 I AppsFilter: interaction: PackageSetting{6d5cca0 com.android.microdroid.empty_payload/10194} -> PackageSetting{505bd74 com.crosshub.idblock/10209} BLOCKED
05-26 05:44:57.499   580   636 I AppsFilter: interaction: PackageSetting{6d5cca0 com.android.microdroid.empty_payload/10194} -> PackageSetting{e1edb4e com.crosshub.idblock/10209} BLOCKED
05-26 05:44:58.182   580   636 I AppsFilter: interaction: PackageSetting{fad2537 com.android.microdroid.empty_payload/10194} -> PackageSetting{660a441 com.crosshub.idblock/10209} BLOCKED
05-26 05:44:58.260   580   636 I ActivityManager: Force stopping com.crosshub.idblock appid=10209 user=0: pkg removed
05-26 05:44:58.369   580   693 W PackageConfigPersister: App-specific configuration not found for packageName: com.crosshub.idblock and userId: 0
05-26 05:44:58.383  1002  1002 D ActivityThread: Package [com.crosshub.idblock] reported as REPLACED, but missing application info. Assuming REMOVED.
05-26 05:44:58.383  1299  1299 D ActivityThread: Package [com.crosshub.idblock] reported as REPLACED, but missing application info. Assuming REMOVED.
05-26 05:44:58.384  4329  4329 D ActivityThread: Package [com.crosshub.idblock] reported as REPLACED, but missing application info. Assuming REMOVED.
05-26 05:44:58.387  1564  1564 D ActivityThread: Package [com.crosshub.idblock] reported as REPLACED, but missing application info. Assuming REMOVED.
05-26 05:44:58.392  1322  1322 D ActivityThread: Package [com.crosshub.idblock] reported as REPLACED, but missing application info. Assuming REMOVED.
05-26 05:44:58.392  1355  1355 D ActivityThread: Package [com.crosshub.idblock] reported as REPLACED, but missing application info. Assuming REMOVED.
05-26 05:44:58.397  1095  1095 D ActivityThread: Package [com.crosshub.idblock] reported as REPLACED, but missing application info. Assuming REMOVED.
05-26 05:44:58.410  1214  1214 D ActivityThread: Package [com.crosshub.idblock] reported as REPLACED, but missing application info. Assuming REMOVED.
05-26 05:44:58.415   806   806 D ActivityThread: Package [com.crosshub.idblock] reported as REPLACED, but missing application info. Assuming REMOVED.
05-26 05:44:58.417  1005  1005 D ActivityThread: Package [com.crosshub.idblock] reported as REPLACED, but missing application info. Assuming REMOVED.
05-26 05:44:58.420  1313  1313 D ActivityThread: Package [com.crosshub.idblock] reported as REPLACED, but missing application info. Assuming REMOVED.
05-26 05:44:58.428  1396  1396 D ActivityThread: Package [com.crosshub.idblock] reported as REPLACED, but missing application info. Assuming REMOVED.
05-26 05:44:58.433   881   881 D ActivityThread: Package [com.crosshub.idblock] reported as REPLACED, but missing application info. Assuming REMOVED.
05-26 05:44:58.448  1002  1002 D ActivityThread: Package [com.crosshub.idblock] reported as REPLACED, but missing application info. Assuming REMOVED.
05-26 05:44:58.450  1355  1355 D ActivityThread: Package [com.crosshub.idblock] reported as REPLACED, but missing application info. Assuming REMOVED.
05-26 05:44:58.451  1322  1322 D ActivityThread: Package [com.crosshub.idblock] reported as REPLACED, but missing application info. Assuming REMOVED.
05-26 05:44:58.453  1564  1564 D ActivityThread: Package [com.crosshub.idblock] reported as REPLACED, but missing application info. Assuming REMOVED.
05-26 05:44:58.455  4329  4329 D ActivityThread: Package [com.crosshub.idblock] reported as REPLACED, but missing application info. Assuming REMOVED.
05-26 05:44:58.457  1214  1214 D ActivityThread: Package [com.crosshub.idblock] reported as REPLACED, but missing application info. Assuming REMOVED.
05-26 05:44:58.459  1005  1005 D ActivityThread: Package [com.crosshub.idblock] reported as REPLACED, but missing application info. Assuming REMOVED.
05-26 05:44:58.460   881   881 D ActivityThread: Package [com.crosshub.idblock] reported as REPLACED, but missing application info. Assuming REMOVED.
05-26 05:44:58.460  1396  1396 D ActivityThread: Package [com.crosshub.idblock] reported as REPLACED, but missing application info. Assuming REMOVED.
05-26 05:44:58.462  1095  1095 D ActivityThread: Package [com.crosshub.idblock] reported as REPLACED, but missing application info. Assuming REMOVED.
05-26 05:44:58.465   580   765 D ShortcutService: replacing package: com.crosshub.idblock userId0
05-26 05:44:58.465   580   765 D ShortcutService: handlePackageUpdateFinished: com.crosshub.idblock user=0
05-26 05:44:58.470   580   765 D ShortcutService: rescanPackageIfNeeded 0@com.crosshub.idblock, forceRescan=true , isNewApp=true
05-26 05:44:58.473  1313  1313 D ActivityThread: Package [com.crosshub.idblock] reported as REPLACED, but missing application info. Assuming REMOVED.
05-26 05:44:58.477  1299  1299 D ActivityThread: Package [com.crosshub.idblock] reported as REPLACED, but missing application info. Assuming REMOVED.
05-26 05:44:58.478   580   765 D ShortcutService: Package com.crosshub.idblock has 0 manifest shortcut(s), and 0 share target(s)
05-26 05:44:58.482  1420  1420 D ActivityThread: Package [com.crosshub.idblock] reported as REPLACED, but missing application info. Assuming REMOVED.
05-26 05:44:58.491   806   806 D ActivityThread: Package [com.crosshub.idblock] reported as REPLACED, but missing application info. Assuming REMOVED.
05-26 05:44:58.509  1234  1234 D ActivityThread: Package [com.crosshub.idblock] reported as REPLACED, but missing application info. Assuming REMOVED.
05-26 05:44:58.545  2967  2967 D ActivityThread: Package [com.crosshub.idblock] reported as REPLACED, but missing application info. Assuming REMOVED.
05-26 05:44:58.556  2967  2967 D ActivityThread: Package [com.crosshub.idblock] reported as REPLACED, but missing application info. Assuming REMOVED.
05-26 05:44:58.561   957   957 D ActivityThread: Package [com.crosshub.idblock] reported as REPLACED, but missing application info. Assuming REMOVED.
05-26 05:44:58.611  2998  2998 D ActivityThread: Package [com.crosshub.idblock] reported as REPLACED, but missing application info. Assuming REMOVED.
05-26 05:44:58.622  2998  2998 D ActivityThread: Package [com.crosshub.idblock] reported as REPLACED, but missing application info. Assuming REMOVED.
05-26 05:44:58.625  1420  1420 D ActivityThread: Package [com.crosshub.idblock] reported as REPLACED, but missing application info. Assuming REMOVED.
05-26 05:44:58.638   957   957 D ActivityThread: Package [com.crosshub.idblock] reported as REPLACED, but missing application info. Assuming REMOVED.
05-26 05:44:58.644   580   580 I Telecom : CarModeTracker: Package com.crosshub.idblock is not tracked.: SSH.oR@AHw
05-26 05:44:58.781   580   580 D ActivityThread: Package [com.crosshub.idblock] reported as REPLACED, but missing application info. Assuming REMOVED.
05-26 05:44:58.785   580   580 D ActivityThread: Package [com.crosshub.idblock] reported as REPLACED, but missing application info. Assuming REMOVED.
05-26 05:44:58.891   580   580 W AlarmManager: Package com.crosshub.idblock, uid 10209 lost permission to set exact alarms!
05-26 05:44:58.927  5690  5690 D ActivityThread: Package [com.crosshub.idblock] reported as REPLACED, but missing application info. Assuming REMOVED.
05-26 05:44:58.929  5690  5690 D ActivityThread: Package [com.crosshub.idblock] reported as REPLACED, but missing application info. Assuming REMOVED.
05-26 05:44:59.135  5942  5942 D ActivityThread: Package [com.crosshub.idblock] reported as REPLACED, but missing application info. Assuming REMOVED.
05-26 05:44:59.137  5942  5942 D ActivityThread: Package [com.crosshub.idblock] reported as REPLACED, but missing application info. Assuming REMOVED.
05-26 05:44:59.736  5648  5648 D ActivityThread: Package [com.crosshub.idblock] reported as REPLACED, but missing application info. Assuming REMOVED.
05-26 05:44:59.741  5648  5648 D ActivityThread: Package [com.crosshub.idblock] reported as REPLACED, but missing application info. Assuming REMOVED.
05-26 05:45:00.523  1248  1248 D ActivityThread: Package [com.crosshub.idblock] reported as REPLACED, but missing application info. Assuming REMOVED.
05-26 05:45:00.603  1248  1248 D ActivityThread: Package [com.crosshub.idblock] reported as REPLACED, but missing application info. Assuming REMOVED.
05-26 05:45:00.769   580  2475 I ActivityTaskManager: START u0 {act=android.intent.action.MAIN cat=[android.intent.category.LAUNCHER] flg=0x10000000 cmp=com.crosshub.idblock/.MainActivity} with LAUNCH_SINGLE_TASK from uid 2000 (BAL_ALLOW_PERMISSION) result code=0
05-26 05:45:00.872  1234  1234 D ActivityThread: Package [com.crosshub.idblock] reported as REPLACED, but missing application info. Assuming REMOVED.
05-26 05:45:01.161  1728  1728 D ActivityThread: Package [com.crosshub.idblock] reported as REPLACED, but missing application info. Assuming REMOVED.
05-26 05:45:01.202   806   843 V WindowManagerShell: Transition requested (#11): android.os.BinderProxy@7401112 TransitionRequestInfo { type = OPEN, triggerTask = TaskInfo{userId=0 taskId=16 displayId=0 isRunning=true baseIntent=Intent { act=android.intent.action.MAIN cat=[android.intent.category.LAUNCHER] flg=0x10000000 cmp=com.crosshub.idblock/.MainActivity } baseActivity=ComponentInfo{com.crosshub.idblock/com.crosshub.idblock.MainActivity} topActivity=ComponentInfo{com.crosshub.idblock/com.crosshub.idblock.MainActivity} origActivity=null realActivity=ComponentInfo{com.crosshub.idblock/com.crosshub.idblock.MainActivity} numActivities=1 lastActiveTime=17579377 supportsMultiWindow=true resizeMode=1 isResizeable=true minWidth=-1 minHeight=-1 defaultMinSize=220 token=WCT{android.window.IWindowContainerToken$Stub$Proxy@166f0e3} topActivityType=1 pictureInPictureParams=null shouldDockBigOverlays=false launchIntoPipHostTaskId=-1 lastParentTaskIdBeforePip=-1 displayCutoutSafeInsets=Rect(0, 132 - 0, 0) topActivityInfo=ActivityInfo{8cbeae0 com.crosshub.idblock.MainActivity} launchCookies=[] positionInParent=Point(0, 0) parentTaskId=-1 isFocused=false isVisible=false isVisibleRequested=false isSleeping=false locusId=null displayAreaFeatureId=1 isTopActivityTransparent=false appCompatTaskInfo=AppCompatTaskInfo { topActivityInSizeCompat=false topActivityEligibleForLetterboxEducation= falseisLetterboxEducationEnabled= true isLetterboxDoubleTapEnabled= false topActivityEligibleForUserAspectRatioButton= false topActivityBoundsLetterboxed= false isFromLetterboxDoubleTap= false topActivityLetterboxVerticalPosition= -1 topActivityLetterboxHorizontalPosition= -1 topActivityLetterboxWidth=1080 topActivityLetterboxHeight=2400 isUserFullscreenOverrideEnabled=false isSystemFullscreenOverrideEnabled=false cameraCompatTaskInfo=CameraCompatTaskInfo { cameraCompatControlState=hidden freeformCameraCompatMode=inactive}}}, pipTask = null, remoteTransition = null, displayChange = null, flags = 0, debugId = 11 }
05-26 05:45:01.223   974   974 D ActivityThread: Package [com.crosshub.idblock] reported as REPLACED, but missing application info. Assuming REMOVED.
05-26 05:45:01.226   974   974 D ActivityThread: Package [com.crosshub.idblock] reported as REPLACED, but missing application info. Assuming REMOVED.
05-26 05:45:01.332  1728  1728 D ActivityThread: Package [com.crosshub.idblock] reported as REPLACED, but missing application info. Assuming REMOVED.
05-26 05:45:01.472  2712  2712 D ActivityThread: Package [com.crosshub.idblock] reported as REPLACED, but missing application info. Assuming REMOVED.
05-26 05:45:01.484  2712  2712 D ActivityThread: Package [com.crosshub.idblock] reported as REPLACED, but missing application info. Assuming REMOVED.
05-26 05:45:01.912   580   614 I ActivityManager: Start proc 6770:com.crosshub.idblock/u0a209 for next-top-activity {com.crosshub.idblock/com.crosshub.idblock.MainActivity}
05-26 05:45:02.465   580   596 D CoreBackPreview: Window{c7bf55 u0 Splash Screen com.crosshub.idblock}: Setting back callback OnBackInvokedCallbackInfo{mCallback=android.window.IOnBackInvokedCallback$Stub$Proxy@b508a7d, mPriority=0, mIsAnimationCallback=false}
05-26 05:45:03.197   580   601 V WindowManager: Sent Transition (#11) createdAt=05-26 05:44:59.469 via request=TransitionRequestInfo { type = OPEN, triggerTask = TaskInfo{userId=0 taskId=16 displayId=0 isRunning=true baseIntent=Intent { act=android.intent.action.MAIN cat=[android.intent.category.LAUNCHER] flg=0x10000000 cmp=com.crosshub.idblock/.MainActivity } baseActivity=ComponentInfo{com.crosshub.idblock/com.crosshub.idblock.MainActivity} topActivity=ComponentInfo{com.crosshub.idblock/com.crosshub.idblock.MainActivity} origActivity=null realActivity=ComponentInfo{com.crosshub.idblock/com.crosshub.idblock.MainActivity} numActivities=1 lastActiveTime=17579377 supportsMultiWindow=true resizeMode=1 isResizeable=true minWidth=-1 minHeight=-1 defaultMinSize=220 token=WCT{RemoteToken{c0b8c35 Task{6911660 #16 type=standard A=10209:com.crosshub.idblock}}} topActivityType=1 pictureInPictureParams=null shouldDockBigOverlays=false launchIntoPipHostTaskId=-1 lastParentTaskIdBeforePip=-1 displayCutoutSafeInsets=Rect(0, 132 - 0, 0) topActivityInfo=ActivityInfo{ba108ca com.crosshub.idblock.MainActivity} launchCookies=[] positionInParent=Point(0, 0) parentTaskId=-1 isFocused=false isVisible=false isVisibleRequested=false isSleeping=false locusId=null displayAreaFeatureId=1 isTopActivityTransparent=false appCompatTaskInfo=AppCompatTaskInfo { topActivityInSizeCompat=false topActivityEligibleForLetterboxEducation= falseisLetterboxEducationEnabled= true isLetterboxDoubleTapEnabled= false topActivityEligibleForUserAspectRatioButton= false topActivityBoundsLetterboxed= false isFromLetterboxDoubleTap= false topActivityLetterboxVerticalPosition= -1 topActivityLetterboxHorizontalPosition= -1 topActivityLetterboxWidth=1080 topActivityLetterboxHeight=2400 isUserFullscreenOverrideEnabled=false isSystemFullscreenOverrideEnabled=false cameraCompatTaskInfo=CameraCompatTaskInfo { cameraCompatControlState=hidden freeformCameraCompatMode=inactive}}}, pipTask = null, remoteTransition = null, displayChange = null, flags = 0, debugId = 11 }
05-26 05:45:03.198   580   601 V WindowManager:         {WCT{RemoteToken{c0b8c35 Task{6911660 #16 type=standard A=10209:com.crosshub.idblock}}} m=OPEN f=NONE leash=Surface(name=Task=16)/@0x84e15c3 sb=Rect(0, 0 - 1080, 2400) eb=Rect(0, 0 - 1080, 2400) d=0 taskParent=-1},
05-26 05:45:07.083   580  1349 I AppsFilter: interaction: PackageSetting{660a441 com.crosshub.idblock/10209} -> PackageSetting{39dc7e7 com.android.cts.priv.ctsshim/10189} BLOCKED
05-26 05:45:07.083   580  1349 I AppsFilter: interaction: PackageSetting{660a441 com.crosshub.idblock/10209} -> PackageSetting{c0af94 com.google.android.youtube/10166} BLOCKED
05-26 05:45:07.083   580  1349 I AppsFilter: interaction: PackageSetting{660a441 com.crosshub.idblock/10209} -> PackageSetting{8020a3d com.android.internal.display.cutout.emulation.corner/10004} BLOCKED
05-26 05:45:07.083   580  1349 I AppsFilter: interaction: PackageSetting{660a441 com.crosshub.idblock/10209} -> PackageSetting{2b2232 com.android.internal.display.cutout.emulation.double/10006} BLOCKED
05-26 05:45:07.083   580  1349 I AppsFilter: interaction: PackageSetting{660a441 com.crosshub.idblock/10209} -> PackageSetting{b1ce1a9 com.google.android.googlequicksearchbox/10145} BLOCKED
05-26 05:45:07.084   580  1349 I AppsFilter: interaction: PackageSetting{660a441 com.crosshub.idblock/10209} -> PackageSetting{b74fb83 com.google.android.onetimeinitializer/10130} BLOCKED
05-26 05:45:07.084   580  1349 I AppsFilter: interaction: PackageSetting{660a441 com.crosshub.idblock/10209} -> PackageSetting{fc33100 com.google.android.ext.shared/10118} BLOCKED
05-26 05:45:07.084   580  1349 I AppsFilter: interaction: PackageSetting{660a441 com.crosshub.idblock/10209} -> PackageSetting{50a0d39 com.android.virtualmachine.res/10193} BLOCKED
05-26 05:45:07.084   580  1349 I AppsFilter: interaction: PackageSetting{660a441 com.crosshub.idblock/10209} -> PackageSetting{8652f7e com.android.managedprovisioning.auto_generated_rro_product__/10041} BLOCKED
05-26 05:45:07.084   580  1349 I AppsFilter: interaction: PackageSetting{660a441 com.crosshub.idblock/10209} -> PackageSetting{101ccdf com.android.carrierconfig.auto_generated_rro_vendor__/10085} BLOCKED
05-26 05:45:07.084   580  1349 I AppsFilter: interaction: PackageSetting{660a441 com.crosshub.idblock/10209} -> PackageSetting{daa5d2c com.google.android.server.deviceconfig.resources/10201} BLOCKED
05-26 05:45:07.084   580  1349 I AppsFilter: interaction: PackageSetting{660a441 com.crosshub.idblock/10209} -> PackageSetting{5f543f5 com.android.systemui.emulation.pixel_3_xl/10054} BLOCKED
05-26 05:45:07.084   580  1349 I AppsFilter: interaction: PackageSetting{660a441 com.crosshub.idblock/10209} -> PackageSetting{8a0c58a com.android.systemui.emulation.pixel_4_xl/10058} BLOCKED
05-26 05:45:07.084   580  1349 I AppsFilter: interaction: PackageSetting{660a441 com.crosshub.idblock/10209} -> PackageSetting{b6057fb com.android.systemui.emulation.pixel_fold/10071} BLOCKED
05-26 05:45:07.084   580  1349 I AppsFilter: interaction: PackageSetting{660a441 com.crosshub.idblock/10209} -> PackageSetting{9f62018 com.android.providers.telephony.auto_generated_characteristics_rro/10079} BLOCKED
05-26 05:45:07.084   580  1349 I AppsFilter: interaction: PackageSetting{660a441 com.crosshub.idblock/10209} -> PackageSetting{6232a71 com.android.simappdialog.auto_generated_rro_product__/10050} BLOCKED
05-26 05:45:07.084   580  1349 I AppsFilter: interaction: PackageSetting{660a441 com.crosshub.idblock/10209} -> PackageSetting{84db056 com.android.htmlviewer/10120} BLOCKED
05-26 05:45:07.084   580  1349 I AppsFilter: interaction: PackageSetting{660a441 com.crosshub.idblock/10209} -> PackageSetting{d5278d7 com.google.android.health.connect.backuprestore/10207} BLOCKED
05-26 05:45:07.084   580  1349 I AppsFilter: interaction: PackageSetting{660a441 com.crosshub.idblock/10209} -> PackageSetting{a3925c4 com.android.systemui.auto_generated_rro_product__/10075} BLOCKED
05-26 05:45:07.084   580  1349 I AppsFilter: interaction: PackageSetting{660a441 com.crosshub.idblock/10209} -> PackageSetting{d6efcad com.google.android.apps.messaging/10140} BLOCKED
05-26 05:45:07.085   580  1349 I AppsFilter: interaction: PackageSetting{660a441 com.crosshub.idblock/10209} -> PackageSetting{40c7be2 com.google.android.soundpicker/10163} BLOCKED
05-26 05:45:07.085   580  1349 I AppsFilter: interaction: PackageSetting{660a441 com.crosshub.idblock/10209} -> PackageSetting{9dbcb73 com.google.android.marvin.talkbackoverlay/10086} BLOCKED
05-26 05:45:07.085   580  1349 I AppsFilter: interaction: PackageSetting{660a441 com.crosshub.idblock/10209} -> PackageSetting{884da30 com.google.android.configupdater/10129} BLOCKED
05-26 05:45:07.085   580  1349 I AppsFilter: interaction: PackageSetting{660a441 com.crosshub.idblock/10209} -> PackageSetting{c2bb6a9 com.android.internal.emulation.pixel_3a_xl/10018} BLOCKED
05-26 05:45:07.085   580  1349 I AppsFilter: interaction: PackageSetting{660a441 com.crosshub.idblock/10209} -> PackageSetting{ffa742e com.android.internal.emulation.pixel_6_pro/10023} BLOCKED
05-26 05:45:07.085   580  1349 I AppsFilter: interaction: PackageSetting{660a441 com.crosshub.idblock/10209} -> PackageSetting{69dabcf com.android.internal.emulation.pixel_7_pro/10024} BLOCKED
05-26 05:45:07.085   580  1349 I AppsFilter: interaction: PackageSetting{660a441 com.crosshub.idblock/10209} -> PackageSetting{c95695c com.android.internal.emulation.pixel_8_pro/10028} BLOCKED
05-26 05:45:07.085   580  1349 I AppsFilter: interaction: PackageSetting{660a441 com.crosshub.idblock/10209} -> PackageSetting{ae01465 com.android.internal.emulation.pixel_9_pro/10029} BLOCKED
05-26 05:45:07.085   580  1349 I AppsFilter: interaction: PackageSetting{660a441 com.crosshub.idblock/10209} -> PackageSetting{2bda53a com.android.internal.emulation.pixel_3a/10016} BLOCKED
05-26 05:45:07.085   580  1349 I AppsFilter: interaction: PackageSetting{660a441 com.crosshub.idblock/10209} -> PackageSetting{7f335eb com.android.internal.emulation.pixel_4a/10020} BLOCKED
05-26 05:45:07.085   580  1349 I AppsFilter: interaction: PackageSetting{660a441 com.crosshub.idblock/10209} -> PackageSetting{bbdbf48 com.android.internal.emulation.pixel_6a/10021} BLOCKED
05-26 05:45:07.085   580  1349 I AppsFilter: interaction: PackageSetting{660a441 com.crosshub.idblock/10209} -> PackageSetting{9c291e1 com.android.internal.emulation.pixel_7a/10027} BLOCKED
05-26 05:45:07.085   580  1349 I AppsFilter: interaction: PackageSetting{660a441 com.crosshub.idblock/10209} -> PackageSetting{550db06 com.android.internal.emulation.pixel_8a/10030} BLOCKED
05-26 05:45:07.085   580  1349 I AppsFilter: interaction: PackageSetting{660a441 com.crosshub.idblock/10209} -> PackageSetting{2cd45c7 com.google.android.overlay.googlewebview/10037} BLOCKED
05-26 05:45:07.085   580  1349 I AppsFilter: interaction: PackageSetting{660a441 com.crosshub.idblock/10209} -> PackageSetting{b9387f4 com.google.android.apps.safetyhub/10139} BLOCKED
05-26 05:45:07.085   580  1349 I AppsFilter: interaction: PackageSetting{660a441 com.crosshub.idblock/10209} -> PackageSetting{bf56b1d com.google.android.hotspot2.osulogin/10187} BLOCKED
05-26 05:45:07.085   580  1349 I AppsFilter: interaction: PackageSetting{660a441 com.crosshub.idblock/10209} -> PackageSetting{38fa192 com.android.simappdialog/10126} BLOCKED
05-26 05:45:07.086   580  1349 I AppsFilter: interaction: PackageSetting{660a441 com.crosshub.idblock/10209} -> PackageSetting{4e7763 com.android.internal.display.cutout.emulation.hole/10010} BLOCKED
05-26 05:45:07.086   580  1349 I AppsFilter: interaction: PackageSetting{660a441 com.crosshub.idblock/10209} -> PackageSetting{35b2f60 com.android.internal.display.cutout.emulation.tall/10007} BLOCKED
05-26 05:45:07.086   580  1349 I AppsFilter: interaction: PackageSetting{660a441 com.crosshub.idblock/10209} -> PackageSetting{a829c19 com.android.internal.systemui.navbar.threebutton/10044} BLOCKED
05-26 05:45:07.086   580  1349 I AppsFilter: interaction: PackageSetting{660a441 com.crosshub.idblock/10209} -> PackageSetting{98244de com.android.camera2/10147} BLOCKED
05-26 05:45:07.086   580  1349 I AppsFilter: interaction: PackageSetting{660a441 com.crosshub.idblock/10209} -> PackageSetting{f2726bf com.android.internal.ranchu.commonoverlay/10048} BLOCKED
05-26 05:45:07.086   580  1349 I AppsFilter: interaction: PackageSetting{660a441 com.crosshub.idblock/10209} -> PackageSetting{833e18c com.android.systemui.auto_generated_rro_vendor__/10089} BLOCKED
05-26 05:45:07.086   580  1349 I AppsFilter: interaction: PackageSetting{660a441 com.crosshub.idblock/10209} -> PackageSetting{b17e0d5 com.google.android.deskclock/10160} BLOCKED
05-26 05:45:07.086   580  1349 I AppsFilter: interaction: PackageSetting{660a441 com.crosshub.idblock/10209} -> PackageSetting{969d0ea com.android.internal.systemui.navbar.twobutton/10043} BLOCKED
05-26 05:45:07.086   580  1349 I AppsFilter: interaction: PackageSetting{660a441 com.crosshub.idblock/10209} -> PackageSetting{eb16fdb com.google.android.as/10137} BLOCKED
05-26 05:45:07.086   580  1349 I AppsFilter: interaction: PackageSetting{660a441 com.crosshub.idblock/10209} -> PackageSetting{38a78 com.google.android.gm/10167} BLOCKED
05-26 05:45:07.086   580  1349 I AppsFilter: interaction: PackageSetting{660a441 com.crosshub.idblock/10209} -> PackageSetting{682b551 com.android.compos.payload/10200} BLOCKED
05-26 05:45:07.086   580  1349 I AppsFilter: interaction: PackageSetting{660a441 com.crosshub.idblock/10209} -> PackageSetting{68c11b6 com.android.systemui.emulation.pixel_3/10053} BLOCKED
05-26 05:45:07.086   580  1349 I AppsFilter: interaction: PackageSetting{660a441 com.crosshub.idblock/10209} -> PackageSetting{fcd2eb7 com.android.systemui.emulation.pixel_4/10057} BLOCKED
05-26 05:45:07.086   580  1349 I AppsFilter: interaction: PackageSetting{660a441 com.crosshub.idblock/10209} -> PackageSetting{722d624 com.android.systemui.emulation.pixel_5/10060} BLOCKED
05-26 05:45:07.086   580  1349 I AppsFilter: interaction: PackageSetting{660a441 com.crosshub.idblock/10209} -> PackageSetting{aec558d com.android.systemui.emulation.pixel_6/10061} BLOCKED
05-26 05:45:07.086   580  1349 I AppsFilter: interaction: PackageSetting{660a441 com.crosshub.idblock/10209} -> PackageSetting{bf9342 com.android.systemui.emulation.pixel_7/10064} BLOCKED
05-26 05:45:07.086   580  1349 I AppsFilter: interaction: PackageSetting{660a441 com.crosshub.idblock/10209} -> PackageSetting{77bff53 com.android.systemui.emulation.pixel_8/10067} BLOCKED
05-26 05:45:07.086   580  1349 I AppsFilter: interaction: PackageSetting{660a441 com.crosshub.idblock/10209} -> PackageSetting{4c93090 com.android.systemui.emulation.pixel_9/10070} BLOCKED
05-26 05:45:07.086   580  1349 I AppsFilter: interaction: PackageSetting{660a441 com.crosshub.idblock/10209} -> PackageSetting{5d5bd89 com.android.printspooler/10124} BLOCKED
05-26 05:45:07.087   580  1349 I AppsFilter: interaction: PackageSetting{660a441 com.crosshub.idblock/10209} -> PackageSetting{cb7a18e com.google.android.connectivity.resources.goldfish.overlay/10087} BLOCKED
05-26 05:45:07.087   580  1349 I AppsFilter: interaction: PackageSetting{660a441 com.crosshub.idblock/10209} -> PackageSetting{f3d3daf com.android.dreams.basic/10112} BLOCKED
05-26 05:45:07.087   580  1349 I AppsFilter: interaction: PackageSetting{660a441 com.crosshub.idblock/10209} -> PackageSetting{a38c5bc com.google.android.networkstack.tethering.emulator/10035} BLOCKED
05-26 05:45:07.087   580  1349 I AppsFilter: interaction: PackageSetting{660a441 com.crosshub.idblock/10209} -> PackageSetting{1d3a945 com.android.providers.settings.auto_generated_rro_product__/10051} BLOCKED
05-26 05:45:07.087   580  1349 I AppsFilter: interaction: PackageSetting{660a441 com.crosshub.idblock/10209} -> PackageSetting{510489a com.google.android.as.oss/10128} BLOCKED
05-26 05:45:07.087   580  1349 I AppsFilter: interaction: PackageSetting{660a441 com.crosshub.idblock/10209} -> PackageSetting{f2a05cb com.android.traceur.auto_generated_rro_product__/10081} BLOCKED
05-26 05:45:07.087   580  1349 I AppsFilter: interaction: PackageSetting{660a441 com.crosshub.idblock/10209} -> PackageSetting{8aa81a8 com.android.internal.emulation.pixel_9_pro_fold/10031} BLOCKED
05-26 05:45:07.088   580  1349 I AppsFilter: interaction: PackageSetting{660a441 com.crosshub.idblock/10209} -> PackageSetting{40a94c1 com.google.android.devicelockcontroller/10195} BLOCKED
05-26 05:45:07.089   580  1349 I AppsFilter: interaction: PackageSetting{660a441 com.crosshub.idblock/10209} -> PackageSetting{1a5466 com.google.android.dialer/10138} BLOCKED
05-26 05:45:07.089   580  1349 I AppsFilter: interaction: PackageSetting{660a441 com.crosshub.idblock/10209} -> PackageSetting{dd133a7 com.android.internal.emulation.pixel_3/10013} BLOCKED
05-26 05:45:07.089   580  1349 I AppsFilter: interaction: PackageSetting{660a441 com.crosshub.idblock/10209} -> PackageSetting{9fa1054 com.android.internal.emulation.pixel_4/10015} BLOCKED
05-26 05:45:07.089   580  1349 I AppsFilter: interaction: PackageSetting{660a441 com.crosshub.idblock/10209} -> PackageSetting{56abbfd com.android.internal.emulation.pixel_5/10022} BLOCKED
05-26 05:45:07.089   580  1349 I AppsFilter: interaction: PackageSetting{660a441 com.crosshub.idblock/10209} -> PackageSetting{66750f2 com.android.internal.emulation.pixel_6/10019} BLOCKED
05-26 05:45:07.089   580  1349 I AppsFilter: interaction: PackageSetting{660a441 com.crosshub.idblock/10209} -> PackageSetting{1d36343 com.android.internal.emulation.pixel_7/10026} BLOCKED
05-26 05:45:07.089   580  1349 I AppsFilter: interaction: PackageSetting{660a441 com.crosshub.idblock/10209} -> PackageSetting{811ddc0 com.android.internal.emulation.pixel_8/10025} BLOCKED
05-26 05:45:07.089   580  1349 I AppsFilter: interaction: PackageSetting{660a441 com.crosshub.idblock/10209} -> PackageSetting{3ac1af9 com.android.internal.emulation.pixel_9/10034} BLOCKED
05-26 05:45:07.089   580  1349 I AppsFilter: interaction: PackageSetting{660a441 com.crosshub.idblock/10209} -> PackageSetting{6158a3e com.google.android.captiveportallogin/10116} BLOCKED
05-26 05:45:07.089   580  1349 I AppsFilter: interaction: PackageSetting{660a441 com.crosshub.idblock/10209} -> PackageSetting{13ef09f android.auto_generated_characteristics_rro/10083} BLOCKED
05-26 05:45:07.089   580  1349 I AppsFilter: interaction: PackageSetting{660a441 com.crosshub.idblock/10209} -> PackageSetting{f1715ec com.google.android.appsearch.apk/10208} BLOCKED
05-26 05:45:07.089   580  1349 I AppsFilter: interaction: PackageSetting{660a441 com.crosshub.idblock/10209} -> PackageSetting{60a6db5 com.android.musicfx/10105} BLOCKED
05-26 05:45:07.089   580  1349 I AppsFilter: interaction: PackageSetting{660a441 com.crosshub.idblock/10209} -> PackageSetting{d99caa4 com.google.android.apps.docs/10154} BLOCKED
05-26 05:45:07.089   580  1349 I AppsFilter: interaction: PackageSetting{660a441 com.crosshub.idblock/10209} -> PackageSetting{f7c1d95 com.google.android.apps.maps/10157} BLOCKED
05-26 05:45:07.089   580  1349 I AppsFilter: interaction: PackageSetting{660a441 com.crosshub.idblock/10209} -> PackageSetting{edc0c4a com.google.android.markup/10151} BLOCKED
05-26 05:45:07.089   580  1349 I AppsFilter: interaction: PackageSetting{660a441 com.crosshub.idblock/10209} -> PackageSetting{aabf7bb com.google.android.webview/10162} BLOCKED
05-26 05:45:07.089   580  1349 I AppsFilter: interaction: PackageSetting{660a441 com.crosshub.idblock/10209} -> PackageSetting{655a4d8 com.google.android.rkpdapp/10204} BLOCKED
05-26 05:45:07.090   580  1349 I AppsFilter: interaction: PackageSetting{660a441 com.crosshub.idblock/10209} -> PackageSetting{1c13031 com.google.android.contacts/10149} BLOCKED
05-26 05:45:07.090   580  1349 I AppsFilter: interaction: PackageSetting{660a441 com.crosshub.idblock/10209} -> PackageSetting{2d6a316 com.android.server.telecom.auto_generated_rro_product__/10078} BLOCKED
05-26 05:45:07.090   580  1349 I AppsFilter: interaction: PackageSetting{660a441 com.crosshub.idblock/10209} -> PackageSetting{4185497 com.android.phone.auto_generated_characteristics_rro/10077} BLOCKED
05-26 05:45:07.090   580  1349 I AppsFilter: interaction: PackageSetting{660a441 com.crosshub.idblock/10209} -> PackageSetting{bec3684 com.google.android.overlay.googleconfig/10039} BLOCKED
05-26 05:45:07.090   580  1349 I AppsFilter: interaction: PackageSetting{660a441 com.crosshub.idblock/10209} -> PackageSetting{a479e6d com.android.chrome/10146} BLOCKED
05-26 05:45:07.090   580  1349 I AppsFilter: interaction: PackageSetting{660a441 com.crosshub.idblock/10209} -> PackageSetting{811daa2 com.android.bips.auto_generated_rro_product__/10001} BLOCKED
05-26 05:45:07.090   580  1349 I AppsFilter: interaction: PackageSetting{660a441 com.crosshub.idblock/10209} -> PackageSetting{b83a333 com.google.android.apps.customization.pixel/10155} BLOCKED
05-26 05:45:07.090   580  1349 I AppsFilter: interaction: PackageSetting{660a441 com.crosshub.idblock/10209} -> PackageSetting{f3836f0 com.google.android.tag/10108} BLOCKED
05-26 05:45:07.093   580  1349 I AppsFilter: interaction: PackageSetting{660a441 com.crosshub.idblock/10209} -> PackageSetting{94cb469 com.google.android.overlay.permissioncontroller/10036} BLOCKED
05-26 05:45:07.093   580  1349 I AppsFilter: interaction: PackageSetting{660a441 com.crosshub.idblock/10209} -> PackageSetting{6d6feee com.google.android.partnersetup/10136} BLOCKED
05-26 05:45:07.093   580  1349 I AppsFilter: interaction: PackageSetting{660a441 com.crosshub.idblock/10209} -> PackageSetting{54b3f8f com.google.android.apps.wallpaper.nexus/10153} BLOCKED
05-26 05:45:07.093   580  1349 I AppsFilter: interaction: PackageSetting{660a441 com.crosshub.idblock/10209} -> PackageSetting{601d21c com.google.android.apps.nexuslauncher/10176} BLOCKED
05-26 05:45:07.093   580  1349 I AppsFilter: interaction: PackageSetting{660a441 com.crosshub.idblock/10209} -> PackageSetting{a732e25 com.android.theme.font.notoserifsource/10038} BLOCKED
05-26 05:45:07.094   580  1349 I AppsFilter: interaction: PackageSetting{660a441 com.crosshub.idblock/10209} -> PackageSetting{b81bfa com.google.android.safetycenter.resources/10191} BLOCKED
05-26 05:45:07.094   580  1349 I AppsFilter: interaction: PackageSetting{660a441 com.crosshub.idblock/10209} -> PackageSetting{44645ab com.android.internal.display.cutout.emulation.waterfall/10012} BLOCKED
05-26 05:45:07.094   580  1349 I AppsFilter: interaction: PackageSetting{660a441 com.crosshub.idblock/10209} -> PackageSetting{867f408 com.android.internal.systemui.navbar.transparent/10082} BLOCKED
05-26 05:45:07.095   580  1349 I AppsFilter: interaction: PackageSetting{660a441 com.crosshub.idblock/10209} -> PackageSetting{6cd87a1 com.google.android.connectivity.resources/10199} BLOCKED
05-26 05:45:07.095   580  1349 I AppsFilter: interaction: PackageSetting{660a441 com.crosshub.idblock/10209} -> PackageSetting{c5bfdc6 com.android.providers.contacts.auto_generated_rro_product__/10008} BLOCKED
05-26 05:45:07.097   580  1349 I AppsFilter: interaction: PackageSetting{660a441 com.crosshub.idblock/10209} -> PackageSetting{7a19187 com.google.android.feedback/10172} BLOCKED
05-26 05:45:07.097   580  1349 I AppsFilter: interaction: PackageSetting{660a441 com.crosshub.idblock/10209} -> PackageSetting{f8c48b4 com.google.android.printservice.recommendation/10121} BLOCKED
05-26 05:45:07.097   580  1349 I AppsFilter: interaction: PackageSetting{660a441 com.crosshub.idblock/10209} -> PackageSetting{c19fcdd com.google.android.apps.photos/10164} BLOCKED
05-26 05:45:07.097   580  1349 I AppsFilter: interaction: PackageSetting{660a441 com.crosshub.idblock/10209} -> PackageSetting{6988cd9 com.google.android.calendar/10150} BLOCKED
05-26 05:45:07.097   580  1349 I AppsFilter: interaction: PackageSetting{660a441 com.crosshub.idblock/10209} -> PackageSetting{20a3052 com.google.android.documentsui/10099} BLOCKED
05-26 05:45:07.097   580  1349 I AppsFilter: interaction: PackageSetting{660a441 com.crosshub.idblock/10209} -> PackageSetting{a7bbf23 com.android.systemui.emulation.pixel_3a_xl/10056} BLOCKED
05-26 05:45:07.097   580  1349 I AppsFilter: interaction: PackageSetting{660a441 com.crosshub.idblock/10209} -> PackageSetting{2ff3c20 com.android.systemui.emulation.pixel_6_pro/10062} BLOCKED
05-26 05:45:07.098   580  1349 I AppsFilter: interaction: PackageSetting{660a441 com.crosshub.idblock/10209} -> PackageSetting{bbe89d9 com.android.systemui.emulation.pixel_7_pro/10065} BLOCKED
05-26 05:45:07.098   580  1349 I AppsFilter: interaction: PackageSetting{660a441 com.crosshub.idblock/10209} -> PackageSetting{4f6ff9e com.android.systemui.emulation.pixel_8_pro/10068} BLOCKED
05-26 05:45:07.098   580  1349 I AppsFilter: interaction: PackageSetting{660a441 com.crosshub.idblock/10209} -> PackageSetting{1412a7f com.android.systemui.emulation.pixel_9_pro/10074} BLOCKED
05-26 05:45:07.098   580  1349 I AppsFilter: interaction: PackageSetting{660a441 com.crosshub.idblock/10209} -> PackageSetting{ebfa4c com.android.carrierconfig.auto_generated_rro_product__/10003} BLOCKED
05-26 05:45:07.098   580  1349 I AppsFilter: interaction: PackageSetting{660a441 com.crosshub.idblock/10209} -> PackageSetting{d84ea95 com.android.devicediagnostics.auto_generated_rro_product__/10005} BLOCKED
05-26 05:45:07.098   580  1349 I AppsFilter: interaction: PackageSetting{660a441 com.crosshub.idblock/10209} -> PackageSetting{54f77aa com.android.providers.partnerbookmarks/10123} BLOCKED
05-26 05:45:07.099   580  1349 I AppsFilter: interaction: PackageSetting{660a441 com.crosshub.idblock/10209} -> PackageSetting{c7ef9b com.android.wallpaper.livepicker/10103} BLOCKED
05-26 05:45:07.099   580  1349 I AppsFilter: interaction: PackageSetting{660a441 com.crosshub.idblock/10209} -> PackageSetting{d046f38 com.android.providers.telephony.auto_generated_rro_product__/10080} BLOCKED
05-26 05:45:07.099   580  1349 I AppsFilter: interaction: PackageSetting{660a441 com.crosshub.idblock/10209} -> PackageSetting{2169b11 com.android.phone.auto_generated_rro_vendor__/10090} BLOCKED
05-26 05:45:07.099   580  1349 I AppsFilter: interaction: PackageSetting{660a441 com.crosshub.idblock/10209} -> PackageSetting{7056476 com.android.imsserviceentitlement/10132} BLOCKED
05-26 05:45:07.099   580  1349 I AppsFilter: interaction: PackageSetting{660a441 com.crosshub.idblock/10209} -> PackageSetting{b2bea77 com.android.internal.emulation.pixel_9_pro_xl/10033} BLOCKED
05-26 05:45:07.099   580  1349 I AppsFilter: interaction: PackageSetting{660a441 com.crosshub.idblock/10209} -> PackageSetting{22d46e4 com.google.android.healthconnect.controller/10206} BLOCKED
05-26 05:45:07.099   580  1349 I AppsFilter: interaction: PackageSetting{660a441 com.crosshub.idblock/10209} -> PackageSetting{138d74d com.android.internal.emulation.pixel_2_xl/10011} BLOCKED
05-26 05:45:07.099   580  1349 I AppsFilter: interaction: PackageSetting{660a441 com.crosshub.idblock/10209} -> PackageSetting{95b5202 com.android.internal.emulation.pixel_3_xl/10014} BLOCKED
05-26 05:45:07.099   580  1349 I AppsFilter: interaction: PackageSetting{660a441 com.crosshub.idblock/10209} -> PackageSetting{e6ab713 com.android.internal.emulation.pixel_4_xl/10017} BLOCKED
05-26 05:45:07.099   580  1349 I AppsFilter: interaction: PackageSetting{660a441 com.crosshub.idblock/10209} -> PackageSetting{2e9ed50 com.android.internal.emulation.pixel_fold/10032} BLOCKED
05-26 05:45:07.099   580  1349 I AppsFilter: interaction: PackageSetting{660a441 com.crosshub.idblock/10209} -> PackageSetting{fc89b49 com.android.bookmarkprovider/10110} BLOCKED
05-26 05:45:07.099   580  1349 I AppsFilter: interaction: PackageSetting{660a441 com.crosshub.idblock/10209} -> PackageSetting{b308c4e com.google.android.overlay.pixelconfigcommon/10047} BLOCKED
05-26 05:45:07.099   580  1349 I AppsFilter: interaction: PackageSetting{660a441 com.crosshub.idblock/10209} -> PackageSetting{bfb16f com.android.systemui.accessibility.accessibilitymenu.auto_generated_rro_product__/10000} BLOCKED
05-26 05:45:07.100   580  1349 I AppsFilter: interaction: PackageSetting{660a441 com.crosshub.idblock/10209} -> PackageSetting{4888e7c com.android.systemui.emulation.pixel_3a/10055} BLOCKED
05-26 05:45:07.100   580  1349 I AppsFilter: interaction: PackageSetting{660a441 com.crosshub.idblock/10209} -> PackageSetting{976a305 com.android.systemui.emulation.pixel_4a/10059} BLOCKED
05-26 05:45:07.100   580  1349 I AppsFilter: interaction: PackageSetting{660a441 com.crosshub.idblock/10209} -> PackageSetting{80d1f5a com.android.systemui.emulation.pixel_6a/10063} BLOCKED
05-26 05:45:07.100   580  1349 I AppsFilter: interaction: PackageSetting{660a441 com.crosshub.idblock/10209} -> PackageSetting{6bff58b com.android.systemui.emulation.pixel_7a/10066} BLOCKED
05-26 05:45:07.100   580  1349 I AppsFilter: interaction: PackageSetting{660a441 com.crosshub.idblock/10209} -> PackageSetting{10e1668 com.android.systemui.emulation.pixel_8a/10069} BLOCKED
05-26 05:45:07.100   580  1349 I AppsFilter: interaction: PackageSetting{660a441 com.crosshub.idblock/10209} -> PackageSetting{a436a81 com.google.android.settings.intelligence/10142} BLOCKED
05-26 05:45:07.100   580  1349 I AppsFilter: interaction: PackageSetting{660a441 com.crosshub.idblock/10209} -> PackageSetting{4096bb9 com.google.android.projection.gearhead/10131} BLOCKED
05-26 05:45:07.100   580  1349 I AppsFilter: interaction: PackageSetting{660a441 com.crosshub.idblock/10209} -> PackageSetting{9edd726 com.google.android.uwb.resources/10185} BLOCKED
05-26 05:45:07.100   580  1349 I AppsFilter: interaction: PackageSetting{660a441 com.crosshub.idblock/10209} -> PackageSetting{eb6bfe com.android.cts.ctsshim/10190} BLOCKED
05-26 05:45:07.100   580  1349 I AppsFilter: interaction: PackageSetting{660a441 com.crosshub.idblock/10209} -> PackageSetting{f365f67 com.google.android.wifi.resources/10186} BLOCKED
05-26 05:45:07.100   580  1349 I AppsFilter: interaction: PackageSetting{660a441 com.crosshub.idblock/10209} -> PackageSetting{be23114 com.google.android.wifi.dialog/10188} BLOCKED
05-26 05:45:07.101   580  1349 I AppsFilter: interaction: PackageSetting{660a441 com.crosshub.idblock/10209} -> PackageSetting{3bb2dbd com.android.wallpaper/10179} BLOCKED
05-26 05:45:07.101   580  1349 I AppsFilter: interaction: PackageSetting{660a441 com.crosshub.idblock/10209} -> PackageSetting{fad2537 com.android.microdroid.empty_payload/10194} BLOCKED
05-26 05:45:07.101   580  1349 I AppsFilter: interaction: PackageSetting{660a441 com.crosshub.idblock/10209} -> PackageSetting{bd03fb2 com.google.android.apps.wallpaper/10180} BLOCKED
05-26 05:45:07.101   580  1349 I AppsFilter: interaction: PackageSetting{660a441 com.crosshub.idblock/10209} -> PackageSetting{bf8b03 com.google.android.odad/10134} BLOCKED
05-26 05:45:07.101   580  1349 I AppsFilter: interaction: PackageSetting{660a441 com.crosshub.idblock/10209} -> PackageSetting{53b4a80 com.android.settings.auto_generated_rro_product__/10049} BLOCKED
05-26 05:45:07.102   580  1349 I AppsFilter: interaction: PackageSetting{660a441 com.crosshub.idblock/10209} -> PackageSetting{9f1e8b9 com.android.systemui.emulation.pixel_9_pro_xl/10073} BLOCKED
05-26 05:45:07.102   580  1349 I AppsFilter: interaction: PackageSetting{660a441 com.crosshub.idblock/10209} -> PackageSetting{8fea4fe com.android.companiondevicemanager.auto_generated_characteristics_rro/10002} BLOCKED
05-26 05:45:07.102   580  1349 I AppsFilter: interaction: PackageSetting{660a441 com.crosshub.idblock/10209} -> PackageSetting{525d45f com.android.internal.systemui.navbar.gestural/10045} BLOCKED
05-26 05:45:07.102   580  1349 I AppsFilter: interaction: PackageSetting{660a441 com.crosshub.idblock/10209} -> PackageSetting{84a8eac com.google.android.apps.youtube.music/10165} BLOCKED
05-26 05:45:07.102   580  1349 I AppsFilter: interaction: PackageSetting{660a441 com.crosshub.idblock/10209} -> PackageSetting{43f5775 com.android.bluetoothmidiservice/10111} BLOCKED
05-26 05:45:07.102   580  1349 I AppsFilter: interaction: PackageSetting{660a441 com.crosshub.idblock/10209} -> PackageSetting{51c130a com.android.storagemanager.auto_generated_rro_product__/10052} BLOCKED
05-26 05:45:07.103   580  1349 I AppsFilter: interaction: PackageSetting{660a441 com.crosshub.idblock/10209} -> PackageSetting{e7d577b com.google.android.cellbroadcastreceiver/10205} BLOCKED
05-26 05:45:07.103   580  1349 I AppsFilter: interaction: PackageSetting{660a441 com.crosshub.idblock/10209} -> PackageSetting{27e998 com.android.phone.auto_generated_rro_product__/10076} BLOCKED
05-26 05:45:07.103   580  1349 I AppsFilter: interaction: PackageSetting{660a441 com.crosshub.idblock/10209} -> PackageSetting{dbaf5f1 com.android.systemui.emulation.pixel_9_pro_fold/10072} BLOCKED
05-26 05:45:07.103   580  1349 I AppsFilter: interaction: PackageSetting{660a441 com.crosshub.idblock/10209} -> PackageSetting{8f055d6 android.auto_generated_rro_product__/10084} BLOCKED
05-26 05:45:07.103   580  1349 I AppsFilter: interaction: PackageSetting{660a441 com.crosshub.idblock/10209} -> PackageSetting{1fff057 com.google.android.inputmethod.latin/10156} BLOCKED
05-26 05:45:07.103   580  1349 I AppsFilter: interaction: PackageSetting{660a441 com.crosshub.idblock/10209} -> PackageSetting{f7e0744 android.auto_generated_rro_vendor__/10088} BLOCKED
05-26 05:45:07.103   580  1349 I AppsFilter: interaction: PackageSetting{660a441 com.crosshub.idblock/10209} -> PackageSetting{178002d com.google.android.apps.restore/10135} BLOCKED
05-26 05:45:07.467   580   649 I AppsFilter: interaction: PackageSetting{660a441 com.crosshub.idblock/10209} -> PackageSetting{39dc7e7 com.android.cts.priv.ctsshim/10189} BLOCKED
05-26 05:45:07.476   580   649 I AppsFilter: interaction: PackageSetting{660a441 com.crosshub.idblock/10209} -> PackageSetting{c0af94 com.google.android.youtube/10166} BLOCKED
05-26 05:45:07.476   580   649 I AppsFilter: interaction: PackageSetting{660a441 com.crosshub.idblock/10209} -> PackageSetting{8020a3d com.android.internal.display.cutout.emulation.corner/10004} BLOCKED
05-26 05:45:07.476   580   649 I AppsFilter: interaction: PackageSetting{660a441 com.crosshub.idblock/10209} -> PackageSetting{2b2232 com.android.internal.display.cutout.emulation.double/10006} BLOCKED
05-26 05:45:07.476   580   649 I AppsFilter: interaction: PackageSetting{660a441 com.crosshub.idblock/10209} -> PackageSetting{b1ce1a9 com.google.android.googlequicksearchbox/10145} BLOCKED
05-26 05:45:07.476   580   649 I AppsFilter: interaction: PackageSetting{660a441 com.crosshub.idblock/10209} -> PackageSetting{b74fb83 com.google.android.onetimeinitializer/10130} BLOCKED
05-26 05:45:07.477   580   649 I AppsFilter: interaction: PackageSetting{660a441 com.crosshub.idblock/10209} -> PackageSetting{fc33100 com.google.android.ext.shared/10118} BLOCKED
05-26 05:45:07.477   580   649 I AppsFilter: interaction: PackageSetting{660a441 com.crosshub.idblock/10209} -> PackageSetting{50a0d39 com.android.virtualmachine.res/10193} BLOCKED
05-26 05:45:07.477   580   649 I AppsFilter: interaction: PackageSetting{660a441 com.crosshub.idblock/10209} -> PackageSetting{8652f7e com.android.managedprovisioning.auto_generated_rro_product__/10041} BLOCKED
05-26 05:45:07.477   580   649 I AppsFilter: interaction: PackageSetting{660a441 com.crosshub.idblock/10209} -> PackageSetting{101ccdf com.android.carrierconfig.auto_generated_rro_vendor__/10085} BLOCKED
05-26 05:45:07.477   580   649 I AppsFilter: interaction: PackageSetting{660a441 com.crosshub.idblock/10209} -> PackageSetting{daa5d2c com.google.android.server.deviceconfig.resources/10201} BLOCKED
05-26 05:45:07.477   580   649 I AppsFilter: interaction: PackageSetting{660a441 com.crosshub.idblock/10209} -> PackageSetting{5f543f5 com.android.systemui.emulation.pixel_3_xl/10054} BLOCKED
05-26 05:45:07.477   580   649 I AppsFilter: interaction: PackageSetting{660a441 com.crosshub.idblock/10209} -> PackageSetting{8a0c58a com.android.systemui.emulation.pixel_4_xl/10058} BLOCKED
05-26 05:45:07.478   580   649 I AppsFilter: interaction: PackageSetting{660a441 com.crosshub.idblock/10209} -> PackageSetting{b6057fb com.android.systemui.emulation.pixel_fold/10071} BLOCKED
05-26 05:45:07.478   580   649 I AppsFilter: interaction: PackageSetting{660a441 com.crosshub.idblock/10209} -> PackageSetting{9f62018 com.android.providers.telephony.auto_generated_characteristics_rro/10079} BLOCKED
05-26 05:45:07.478   580   649 I AppsFilter: interaction: PackageSetting{660a441 com.crosshub.idblock/10209} -> PackageSetting{6232a71 com.android.simappdialog.auto_generated_rro_product__/10050} BLOCKED
05-26 05:45:07.478   580   649 I AppsFilter: interaction: PackageSetting{660a441 com.crosshub.idblock/10209} -> PackageSetting{84db056 com.android.htmlviewer/10120} BLOCKED
05-26 05:45:07.478   580   649 I AppsFilter: interaction: PackageSetting{660a441 com.crosshub.idblock/10209} -> PackageSetting{d5278d7 com.google.android.health.connect.backuprestore/10207} BLOCKED
05-26 05:45:07.478   580   649 I AppsFilter: interaction: PackageSetting{660a441 com.crosshub.idblock/10209} -> PackageSetting{a3925c4 com.android.systemui.auto_generated_rro_product__/10075} BLOCKED
05-26 05:45:07.479   580   649 I AppsFilter: interaction: PackageSetting{660a441 com.crosshub.idblock/10209} -> PackageSetting{d6efcad com.google.android.apps.messaging/10140} BLOCKED
05-26 05:45:07.479   580   649 I AppsFilter: interaction: PackageSetting{660a441 com.crosshub.idblock/10209} -> PackageSetting{40c7be2 com.google.android.soundpicker/10163} BLOCKED
05-26 05:45:07.479   580   649 I AppsFilter: interaction: PackageSetting{660a441 com.crosshub.idblock/10209} -> PackageSetting{9dbcb73 com.google.android.marvin.talkbackoverlay/10086} BLOCKED
05-26 05:45:07.480   580   649 I AppsFilter: interaction: PackageSetting{660a441 com.crosshub.idblock/10209} -> PackageSetting{884da30 com.google.android.configupdater/10129} BLOCKED
05-26 05:45:07.480   580   649 I AppsFilter: interaction: PackageSetting{660a441 com.crosshub.idblock/10209} -> PackageSetting{c2bb6a9 com.android.internal.emulation.pixel_3a_xl/10018} BLOCKED
05-26 05:45:07.480   580   649 I AppsFilter: interaction: PackageSetting{660a441 com.crosshub.idblock/10209} -> PackageSetting{ffa742e com.android.internal.emulation.pixel_6_pro/10023} BLOCKED
