05-26 06:21:00.951  1313  1313 D ActivityThread: Package [com.crosshub.idblock] reported as REPLACED, but missing application info. Assuming REMOVED.
05-26 06:21:00.969   957   957 D ActivityThread: Package [com.crosshub.idblock] reported as REPLACED, but missing application info. Assuming REMOVED.
05-26 06:21:00.970   974   974 D CarrierSvcBindHelper: onPackageUpdateFinished: com.crosshub.idblock
05-26 06:21:00.974   974   974 D CarrierSvcBindHelper: onPackageModified: com.crosshub.idblock
05-26 06:21:01.150  1002  1002 D ActivityThread: Package [com.crosshub.idblock] reported as REPLACED, but missing application info. Assuming REMOVED.
05-26 06:21:01.158   580   776 I SdkSandboxManager: No SDKs used. Skipping SDK data reconcilation for CallingInfo{mUid=10209, mPackageName='com.crosshub.idblock, mAppProcessToken='null'}
05-26 06:21:01.161  7369  7369 I SafetyLabelChangedBroadcastReceiver: received broadcast packageName: com.crosshub.idblock, current user: UserHandle{0}, packageChangeEvent: UPDATE, intent user: UserHandle{0}
05-26 06:21:01.197  4329  4329 D ActivityThread: Package [com.crosshub.idblock] reported as REPLACED, but missing application info. Assuming REMOVED.
05-26 06:21:01.197  1095  1095 D ActivityThread: Package [com.crosshub.idblock] reported as REPLACED, but missing application info. Assuming REMOVED.
05-26 06:21:01.198  1214  1214 D ActivityThread: Package [com.crosshub.idblock] reported as REPLACED, but missing application info. Assuming REMOVED.
05-26 06:21:01.198  6858  6858 D ActivityThread: Package [com.crosshub.idblock] reported as REPLACED, but missing application info. Assuming REMOVED.
05-26 06:21:01.198  1322  1322 D ActivityThread: Package [com.crosshub.idblock] reported as REPLACED, but missing application info. Assuming REMOVED.
05-26 06:21:01.200  7399  7399 D ActivityThread: Package [com.crosshub.idblock] reported as REPLACED, but missing application info. Assuming REMOVED.
05-26 06:21:01.200  7745  7745 D ActivityThread: Package [com.crosshub.idblock] reported as REPLACED, but missing application info. Assuming REMOVED.
05-26 06:21:01.200  7689  7689 D ActivityThread: Package [com.crosshub.idblock] reported as REPLACED, but missing application info. Assuming REMOVED.
05-26 06:21:01.200   806   806 D ActivityThread: Package [com.crosshub.idblock] reported as REPLACED, but missing application info. Assuming REMOVED.
05-26 06:21:01.201   580   580 D ActivityThread: Package [com.crosshub.idblock] reported as REPLACED, but missing application info. Assuming REMOVED.
05-26 06:21:01.201   957   957 D ActivityThread: Package [com.crosshub.idblock] reported as REPLACED, but missing application info. Assuming REMOVED.
05-26 06:21:01.202  1420  1420 D ActivityThread: Package [com.crosshub.idblock] reported as REPLACED, but missing application info. Assuming REMOVED.
05-26 06:21:01.204   881   881 D ActivityThread: Package [com.crosshub.idblock] reported as REPLACED, but missing application info. Assuming REMOVED.
05-26 06:21:01.205  1313  1313 D ActivityThread: Package [com.crosshub.idblock] reported as REPLACED, but missing application info. Assuming REMOVED.
05-26 06:21:01.206  1005  1005 D ActivityThread: Package [com.crosshub.idblock] reported as REPLACED, but missing application info. Assuming REMOVED.
05-26 06:21:01.208  6809  6809 D ActivityThread: Package [com.crosshub.idblock] reported as REPLACED, but missing application info. Assuming REMOVED.
05-26 06:21:01.208   580  3020 V ActivityManager: Got obituary of 7500:com.crosshub.idblock
05-26 06:21:01.208  1396  1396 D ActivityThread: Package [com.crosshub.idblock] reported as REPLACED, but missing application info. Assuming REMOVED.
05-26 06:21:01.209  1355  1355 D ActivityThread: Package [com.crosshub.idblock] reported as REPLACED, but missing application info. Assuming REMOVED.
05-26 06:21:01.229  1005  1005 D ActivityThread: Package [com.crosshub.idblock] reported as REPLACED, but missing application info. Assuming REMOVED.
05-26 06:21:01.262  1002  1092 D PackageUpdatedTask: Package updated: mOp=UPDATE packages=[com.crosshub.idblock]
05-26 06:21:01.267  1322  1322 I AiAiEcho: AppFetcherImpl onPackageChanged com.crosshub.idblock.
05-26 06:21:01.279  7369  7369 D ActivityThread: Package [com.crosshub.idblock] reported as REPLACED, but missing application info. Assuming REMOVED.
05-26 06:21:01.319   580   580 W AlarmManager: Package com.crosshub.idblock, uid 10209 lost permission to set exact alarms!
05-26 06:21:01.381  7080  7080 D ActivityThread: Package [com.crosshub.idblock] reported as REPLACED, but missing application info. Assuming REMOVED.
05-26 06:21:01.390   580   594 W system_server: ApkAssets: Deleting an ApkAssets object '<empty> and /data/app/~~6kc7Ms0naIgpoLdQkUJ5EQ==/com.crosshub.idblock-ryZmdItYRQsS938nRn4FDQ==/base.apk' with 1 weak references
05-26 06:21:01.397  7080  7080 D ActivityThread: Package [com.crosshub.idblock] reported as REPLACED, but missing application info. Assuming REMOVED.
05-26 06:21:01.586  6920  6920 D ActivityThread: Package [com.crosshub.idblock] reported as REPLACED, but missing application info. Assuming REMOVED.
05-26 06:21:01.588  6920  6920 D ActivityThread: Package [com.crosshub.idblock] reported as REPLACED, but missing application info. Assuming REMOVED.
05-26 06:21:01.800  1322  8009 I AiAiEcho: AppIndexer Package:[com.crosshub.idblock] UserProfile:[0] Enabled:[true].
05-26 06:21:01.803  1322  8009 I AiAiEcho: AppFetcherImplV2 updateApps package:[com.crosshub.idblock], userId:[0], reason:[package is updated.].
05-26 06:21:01.879  2712  2712 D ActivityThread: Package [com.crosshub.idblock] reported as REPLACED, but missing application info. Assuming REMOVED.
05-26 06:21:01.939  1728  1728 D ActivityThread: Package [com.crosshub.idblock] reported as REPLACED, but missing application info. Assuming REMOVED.
05-26 06:21:01.949  1728  1728 D ActivityThread: Package [com.crosshub.idblock] reported as REPLACED, but missing application info. Assuming REMOVED.
05-26 06:21:01.989   580   580 D ActivityThread: Package [com.crosshub.idblock] reported as REPLACED, but missing application info. Assuming REMOVED.
05-26 06:21:02.016  1002  1009 W s.nexuslauncher: ApkAssets: Deleting an ApkAssets object '<empty> and /data/app/~~6kc7Ms0naIgpoLdQkUJ5EQ==/com.crosshub.idblock-ryZmdItYRQsS938nRn4FDQ==/base.apk' with 1 weak references
05-26 06:21:02.029  2712  2712 D ActivityThread: Package [com.crosshub.idblock] reported as REPLACED, but missing application info. Assuming REMOVED.
05-26 06:21:02.191   974  1173 D ImsResolver: maybeAddedImsService, packageName: com.crosshub.idblock
05-26 06:21:02.290   974   974 D ActivityThread: Package [com.crosshub.idblock] reported as REPLACED, but missing application info. Assuming REMOVED.
05-26 06:21:02.452  7080  7080 I Finsky:background: [2] www.d(66): IQ: onPackageRemoved com.crosshub.idblock, replacing=true, uninstallingFromPlay=false
05-26 06:21:02.493   974   974 D ActivityThread: Package [com.crosshub.idblock] reported as REPLACED, but missing application info. Assuming REMOVED.
05-26 06:21:02.713   580  2191 I ActivityTaskManager: START u0 {act=android.intent.action.MAIN cat=[android.intent.category.LAUNCHER] flg=0x10000000 cmp=com.crosshub.idblock/.MainActivity} with LAUNCH_SINGLE_TASK from uid 2000 (BAL_ALLOW_PERMISSION) result code=0
05-26 06:21:02.799   806   843 V WindowManagerShell: Transition requested (#20): android.os.BinderProxy@fc844f2 TransitionRequestInfo { type = OPEN, triggerTask = TaskInfo{userId=0 taskId=17 displayId=0 isRunning=true baseIntent=Intent { act=android.intent.action.MAIN cat=[android.intent.category.LAUNCHER] flg=0x10000000 cmp=com.crosshub.idblock/.MainActivity } baseActivity=ComponentInfo{com.crosshub.idblock/com.crosshub.idblock.MainActivity} topActivity=ComponentInfo{com.crosshub.idblock/com.crosshub.idblock.MainActivity} origActivity=null realActivity=ComponentInfo{com.crosshub.idblock/com.crosshub.idblock.MainActivity} numActivities=1 lastActiveTime=19174069 supportsMultiWindow=true resizeMode=1 isResizeable=true minWidth=-1 minHeight=-1 defaultMinSize=220 token=WCT{android.window.IWindowContainerToken$Stub$Proxy@2734743} topActivityType=1 pictureInPictureParams=null shouldDockBigOverlays=false launchIntoPipHostTaskId=-1 lastParentTaskIdBeforePip=-1 displayCutoutSafeInsets=Rect(0, 132 - 0, 0) topActivityInfo=ActivityInfo{b9df1c0 com.crosshub.idblock.MainActivity} launchCookies=[] positionInParent=Point(0, 0) parentTaskId=-1 isFocused=false isVisible=false isVisibleRequested=false isSleeping=false locusId=null displayAreaFeatureId=1 isTopActivityTransparent=false appCompatTaskInfo=AppCompatTaskInfo { topActivityInSizeCompat=false topActivityEligibleForLetterboxEducation= falseisLetterboxEducationEnabled= true isLetterboxDoubleTapEnabled= false topActivityEligibleForUserAspectRatioButton= false topActivityBoundsLetterboxed= false isFromLetterboxDoubleTap= false topActivityLetterboxVerticalPosition= -1 topActivityLetterboxHorizontalPosition= -1 topActivityLetterboxWidth=1080 topActivityLetterboxHeight=2400 isUserFullscreenOverrideEnabled=false isSystemFullscreenOverrideEnabled=false cameraCompatTaskInfo=CameraCompatTaskInfo { cameraCompatControlState=hidden freeformCameraCompatMode=inactive}}}, pipTask = null, remoteTransition = null, displayChange = null, flags = 0, debugId = 20 }
05-26 06:21:02.914  1002  1002 I TopTaskTracker: onTaskMovedToFront: (moved taskInfo to front) taskId=17, baseIntent=Intent { act=android.intent.action.MAIN cat=[android.intent.category.LAUNCHER] flg=0x10000000 cmp=com.crosshub.idblock/.MainActivity }
05-26 06:21:03.044   580   614 I ActivityManager: Start proc 8039:com.crosshub.idblock/u0a209 for next-top-activity {com.crosshub.idblock/com.crosshub.idblock.MainActivity}
05-26 06:21:03.268   580  1525 D CoreBackPreview: Window{ea09053 u0 Splash Screen com.crosshub.idblock}: Setting back callback OnBackInvokedCallbackInfo{mCallback=android.window.IOnBackInvokedCallback$Stub$Proxy@dabb245, mPriority=0, mIsAnimationCallback=false}
05-26 06:21:03.344  1095  8041 I ProximityAuth: [RecentAppsMediator] Package added: (user=UserHandle{0}) com.crosshub.idblock
05-26 06:21:03.638   580   601 V WindowManager: Sent Transition (#20) createdAt=05-26 06:21:02.308 via request=TransitionRequestInfo { type = OPEN, triggerTask = TaskInfo{userId=0 taskId=17 displayId=0 isRunning=true baseIntent=Intent { act=android.intent.action.MAIN cat=[android.intent.category.LAUNCHER] flg=0x10000000 cmp=com.crosshub.idblock/.MainActivity } baseActivity=ComponentInfo{com.crosshub.idblock/com.crosshub.idblock.MainActivity} topActivity=ComponentInfo{com.crosshub.idblock/com.crosshub.idblock.MainActivity} origActivity=null realActivity=ComponentInfo{com.crosshub.idblock/com.crosshub.idblock.MainActivity} numActivities=1 lastActiveTime=19174069 supportsMultiWindow=true resizeMode=1 isResizeable=true minWidth=-1 minHeight=-1 defaultMinSize=220 token=WCT{RemoteToken{fb5b55f Task{f01ac60 #17 type=standard A=10209:com.crosshub.idblock}}} topActivityType=1 pictureInPictureParams=null shouldDockBigOverlays=false launchIntoPipHostTaskId=-1 lastParentTaskIdBeforePip=-1 displayCutoutSafeInsets=Rect(0, 132 - 0, 0) topActivityInfo=ActivityInfo{41b5bac com.crosshub.idblock.MainActivity} launchCookies=[] positionInParent=Point(0, 0) parentTaskId=-1 isFocused=false isVisible=false isVisibleRequested=false isSleeping=false locusId=null displayAreaFeatureId=1 isTopActivityTransparent=false appCompatTaskInfo=AppCompatTaskInfo { topActivityInSizeCompat=false topActivityEligibleForLetterboxEducation= falseisLetterboxEducationEnabled= true isLetterboxDoubleTapEnabled= false topActivityEligibleForUserAspectRatioButton= false topActivityBoundsLetterboxed= false isFromLetterboxDoubleTap= false topActivityLetterboxVerticalPosition= -1 topActivityLetterboxHorizontalPosition= -1 topActivityLetterboxWidth=1080 topActivityLetterboxHeight=2400 isUserFullscreenOverrideEnabled=false isSystemFullscreenOverrideEnabled=false cameraCompatTaskInfo=CameraCompatTaskInfo { cameraCompatControlState=hidden freeformCameraCompatMode=inactive}}}, pipTask = null, remoteTransition = null, displayChange = null, flags = 0, debugId = 20 }
05-26 06:21:03.696   580   601 V WindowManager:         {WCT{RemoteToken{fb5b55f Task{f01ac60 #17 type=standard A=10209:com.crosshub.idblock}}} m=OPEN f=NONE leash=Surface(name=Task=17)/@0x3c56bd sb=Rect(0, 0 - 1080, 2400) eb=Rect(0, 0 - 1080, 2400) d=0 taskParent=-1},
05-26 06:21:03.966  8039  8039 W ziparchive: Unable to open '/data/app/~~0EMBVzkkH8rCz6NjC2Fl7g==/com.crosshub.idblock-8oPiFKyz3tf1T_rXbY0XZw==/base.dm': No such file or directory
05-26 06:21:03.969  8039  8039 W ziparchive: Unable to open '/data/app/~~0EMBVzkkH8rCz6NjC2Fl7g==/com.crosshub.idblock-8oPiFKyz3tf1T_rXbY0XZw==/base.dm': No such file or directory
05-26 06:21:04.489  1728  8063 W SQLiteLog: (28) double-quoted string literal: "com.crosshub.idblock"
05-26 06:21:05.465  8039  8039 D nativeloader: Configuring clns-7 for other apk /data/app/~~0EMBVzkkH8rCz6NjC2Fl7g==/com.crosshub.idblock-8oPiFKyz3tf1T_rXbY0XZw==/base.apk. target_sdk_version=34, uses_libraries=, library_path=/data/app/~~0EMBVzkkH8rCz6NjC2Fl7g==/com.crosshub.idblock-8oPiFKyz3tf1T_rXbY0XZw==/lib/x86_64:/data/app/~~0EMBVzkkH8rCz6NjC2Fl7g==/com.crosshub.idblock-8oPiFKyz3tf1T_rXbY0XZw==/base.apk!/lib/x86_64, permitted_path=/data:/mnt/expand:/data/user/0/com.crosshub.idblock
05-26 06:21:05.658   580   680 W InputDispatcher: Not sending touch gesture to 3a7b362 ActivityRecordInputSink com.crosshub.idblock/.MainActivity because it has config NO_INPUT_CHANNEL
05-26 06:21:06.113  1728  1741 W gle.android.gms: ApkAssets: Deleting an ApkAssets object '<empty> and /data/app/~~0EMBVzkkH8rCz6NjC2Fl7g==/com.crosshub.idblock-8oPiFKyz3tf1T_rXbY0XZw==/base.apk' with 1 weak references
05-26 06:21:06.183   580  2191 I AppsFilter: interaction: PackageSetting{b6ab3de com.crosshub.idblock/10209} -> PackageSetting{39dc7e7 com.android.cts.priv.ctsshim/10189} BLOCKED
05-26 06:21:06.183   580  2191 I AppsFilter: interaction: PackageSetting{b6ab3de com.crosshub.idblock/10209} -> PackageSetting{c0af94 com.google.android.youtube/10166} BLOCKED
05-26 06:21:06.184   580  2191 I AppsFilter: interaction: PackageSetting{b6ab3de com.crosshub.idblock/10209} -> PackageSetting{8020a3d com.android.internal.display.cutout.emulation.corner/10004} BLOCKED
05-26 06:21:06.184   580  2191 I AppsFilter: interaction: PackageSetting{b6ab3de com.crosshub.idblock/10209} -> PackageSetting{2b2232 com.android.internal.display.cutout.emulation.double/10006} BLOCKED
05-26 06:21:06.184   580  2191 I AppsFilter: interaction: PackageSetting{b6ab3de com.crosshub.idblock/10209} -> PackageSetting{b1ce1a9 com.google.android.googlequicksearchbox/10145} BLOCKED
05-26 06:21:06.184   580  2191 I AppsFilter: interaction: PackageSetting{b6ab3de com.crosshub.idblock/10209} -> PackageSetting{b74fb83 com.google.android.onetimeinitializer/10130} BLOCKED
05-26 06:21:06.184   580  2191 I AppsFilter: interaction: PackageSetting{b6ab3de com.crosshub.idblock/10209} -> PackageSetting{fc33100 com.google.android.ext.shared/10118} BLOCKED
05-26 06:21:06.184   580  2191 I AppsFilter: interaction: PackageSetting{b6ab3de com.crosshub.idblock/10209} -> PackageSetting{50a0d39 com.android.virtualmachine.res/10193} BLOCKED
05-26 06:21:06.184   580  2191 I AppsFilter: interaction: PackageSetting{b6ab3de com.crosshub.idblock/10209} -> PackageSetting{8652f7e com.android.managedprovisioning.auto_generated_rro_product__/10041} BLOCKED
05-26 06:21:06.184   580  2191 I AppsFilter: interaction: PackageSetting{b6ab3de com.crosshub.idblock/10209} -> PackageSetting{101ccdf com.android.carrierconfig.auto_generated_rro_vendor__/10085} BLOCKED
05-26 06:21:06.184   580  2191 I AppsFilter: interaction: PackageSetting{b6ab3de com.crosshub.idblock/10209} -> PackageSetting{daa5d2c com.google.android.server.deviceconfig.resources/10201} BLOCKED
05-26 06:21:06.184   580  2191 I AppsFilter: interaction: PackageSetting{b6ab3de com.crosshub.idblock/10209} -> PackageSetting{5f543f5 com.android.systemui.emulation.pixel_3_xl/10054} BLOCKED
05-26 06:21:06.184   580  2191 I AppsFilter: interaction: PackageSetting{b6ab3de com.crosshub.idblock/10209} -> PackageSetting{8a0c58a com.android.systemui.emulation.pixel_4_xl/10058} BLOCKED
05-26 06:21:06.184   580  2191 I AppsFilter: interaction: PackageSetting{b6ab3de com.crosshub.idblock/10209} -> PackageSetting{b6057fb com.android.systemui.emulation.pixel_fold/10071} BLOCKED
05-26 06:21:06.184   580  2191 I AppsFilter: interaction: PackageSetting{b6ab3de com.crosshub.idblock/10209} -> PackageSetting{9f62018 com.android.providers.telephony.auto_generated_characteristics_rro/10079} BLOCKED
05-26 06:21:06.184   580  2191 I AppsFilter: interaction: PackageSetting{b6ab3de com.crosshub.idblock/10209} -> PackageSetting{6232a71 com.android.simappdialog.auto_generated_rro_product__/10050} BLOCKED
05-26 06:21:06.184   580  2191 I AppsFilter: interaction: PackageSetting{b6ab3de com.crosshub.idblock/10209} -> PackageSetting{84db056 com.android.htmlviewer/10120} BLOCKED
05-26 06:21:06.184   580  2191 I AppsFilter: interaction: PackageSetting{b6ab3de com.crosshub.idblock/10209} -> PackageSetting{d5278d7 com.google.android.health.connect.backuprestore/10207} BLOCKED
05-26 06:21:06.185   580  2191 I AppsFilter: interaction: PackageSetting{b6ab3de com.crosshub.idblock/10209} -> PackageSetting{a3925c4 com.android.systemui.auto_generated_rro_product__/10075} BLOCKED
05-26 06:21:06.185   580  2191 I AppsFilter: interaction: PackageSetting{b6ab3de com.crosshub.idblock/10209} -> PackageSetting{d6efcad com.google.android.apps.messaging/10140} BLOCKED
05-26 06:21:06.185   580  2191 I AppsFilter: interaction: PackageSetting{b6ab3de com.crosshub.idblock/10209} -> PackageSetting{40c7be2 com.google.android.soundpicker/10163} BLOCKED
05-26 06:21:06.185   580  2191 I AppsFilter: interaction: PackageSetting{b6ab3de com.crosshub.idblock/10209} -> PackageSetting{9dbcb73 com.google.android.marvin.talkbackoverlay/10086} BLOCKED
05-26 06:21:06.185   580  2191 I AppsFilter: interaction: PackageSetting{b6ab3de com.crosshub.idblock/10209} -> PackageSetting{884da30 com.google.android.configupdater/10129} BLOCKED
05-26 06:21:06.185   580  2191 I AppsFilter: interaction: PackageSetting{b6ab3de com.crosshub.idblock/10209} -> PackageSetting{c2bb6a9 com.android.internal.emulation.pixel_3a_xl/10018} BLOCKED
05-26 06:21:06.185   580  2191 I AppsFilter: interaction: PackageSetting{b6ab3de com.crosshub.idblock/10209} -> PackageSetting{ffa742e com.android.internal.emulation.pixel_6_pro/10023} BLOCKED
05-26 06:21:06.185   580  2191 I AppsFilter: interaction: PackageSetting{b6ab3de com.crosshub.idblock/10209} -> PackageSetting{69dabcf com.android.internal.emulation.pixel_7_pro/10024} BLOCKED
05-26 06:21:06.185   580  2191 I AppsFilter: interaction: PackageSetting{b6ab3de com.crosshub.idblock/10209} -> PackageSetting{c95695c com.android.internal.emulation.pixel_8_pro/10028} BLOCKED
05-26 06:21:06.185   580  2191 I AppsFilter: interaction: PackageSetting{b6ab3de com.crosshub.idblock/10209} -> PackageSetting{ae01465 com.android.internal.emulation.pixel_9_pro/10029} BLOCKED
05-26 06:21:06.186   580  2191 I AppsFilter: interaction: PackageSetting{b6ab3de com.crosshub.idblock/10209} -> PackageSetting{2bda53a com.android.internal.emulation.pixel_3a/10016} BLOCKED
05-26 06:21:06.186   580  2191 I AppsFilter: interaction: PackageSetting{b6ab3de com.crosshub.idblock/10209} -> PackageSetting{7f335eb com.android.internal.emulation.pixel_4a/10020} BLOCKED
05-26 06:21:06.186   580  2191 I AppsFilter: interaction: PackageSetting{b6ab3de com.crosshub.idblock/10209} -> PackageSetting{bbdbf48 com.android.internal.emulation.pixel_6a/10021} BLOCKED
05-26 06:21:06.186   580  2191 I AppsFilter: interaction: PackageSetting{b6ab3de com.crosshub.idblock/10209} -> PackageSetting{9c291e1 com.android.internal.emulation.pixel_7a/10027} BLOCKED
05-26 06:21:06.186   580  2191 I AppsFilter: interaction: PackageSetting{b6ab3de com.crosshub.idblock/10209} -> PackageSetting{550db06 com.android.internal.emulation.pixel_8a/10030} BLOCKED
05-26 06:21:06.186   580  2191 I AppsFilter: interaction: PackageSetting{b6ab3de com.crosshub.idblock/10209} -> PackageSetting{2cd45c7 com.google.android.overlay.googlewebview/10037} BLOCKED
05-26 06:21:06.186   580  2191 I AppsFilter: interaction: PackageSetting{b6ab3de com.crosshub.idblock/10209} -> PackageSetting{b9387f4 com.google.android.apps.safetyhub/10139} BLOCKED
05-26 06:21:06.186   580  2191 I AppsFilter: interaction: PackageSetting{b6ab3de com.crosshub.idblock/10209} -> PackageSetting{bf56b1d com.google.android.hotspot2.osulogin/10187} BLOCKED
05-26 06:21:06.186   580  2191 I AppsFilter: interaction: PackageSetting{b6ab3de com.crosshub.idblock/10209} -> PackageSetting{38fa192 com.android.simappdialog/10126} BLOCKED
05-26 06:21:06.186   580  2191 I AppsFilter: interaction: PackageSetting{b6ab3de com.crosshub.idblock/10209} -> PackageSetting{4e7763 com.android.internal.display.cutout.emulation.hole/10010} BLOCKED
05-26 06:21:06.186   580  2191 I AppsFilter: interaction: PackageSetting{b6ab3de com.crosshub.idblock/10209} -> PackageSetting{35b2f60 com.android.internal.display.cutout.emulation.tall/10007} BLOCKED
05-26 06:21:06.186   580  2191 I AppsFilter: interaction: PackageSetting{b6ab3de com.crosshub.idblock/10209} -> PackageSetting{a829c19 com.android.internal.systemui.navbar.threebutton/10044} BLOCKED
05-26 06:21:06.192   580  2191 I AppsFilter: interaction: PackageSetting{b6ab3de com.crosshub.idblock/10209} -> PackageSetting{98244de com.android.camera2/10147} BLOCKED
05-26 06:21:06.192   580  2191 I AppsFilter: interaction: PackageSetting{b6ab3de com.crosshub.idblock/10209} -> PackageSetting{f2726bf com.android.internal.ranchu.commonoverlay/10048} BLOCKED
05-26 06:21:06.192   580  2191 I AppsFilter: interaction: PackageSetting{b6ab3de com.crosshub.idblock/10209} -> PackageSetting{833e18c com.android.systemui.auto_generated_rro_vendor__/10089} BLOCKED
05-26 06:21:06.192   580  2191 I AppsFilter: interaction: PackageSetting{b6ab3de com.crosshub.idblock/10209} -> PackageSetting{b17e0d5 com.google.android.deskclock/10160} BLOCKED
05-26 06:21:06.192   580  2191 I AppsFilter: interaction: PackageSetting{b6ab3de com.crosshub.idblock/10209} -> PackageSetting{969d0ea com.android.internal.systemui.navbar.twobutton/10043} BLOCKED
05-26 06:21:06.192   580  2191 I AppsFilter: interaction: PackageSetting{b6ab3de com.crosshub.idblock/10209} -> PackageSetting{eb16fdb com.google.android.as/10137} BLOCKED
05-26 06:21:06.192   580  2191 I AppsFilter: interaction: PackageSetting{b6ab3de com.crosshub.idblock/10209} -> PackageSetting{38a78 com.google.android.gm/10167} BLOCKED
05-26 06:21:06.192   580  2191 I AppsFilter: interaction: PackageSetting{b6ab3de com.crosshub.idblock/10209} -> PackageSetting{682b551 com.android.compos.payload/10200} BLOCKED
05-26 06:21:06.192   580  2191 I AppsFilter: interaction: PackageSetting{b6ab3de com.crosshub.idblock/10209} -> PackageSetting{68c11b6 com.android.systemui.emulation.pixel_3/10053} BLOCKED
05-26 06:21:06.192   580  2191 I AppsFilter: interaction: PackageSetting{b6ab3de com.crosshub.idblock/10209} -> PackageSetting{fcd2eb7 com.android.systemui.emulation.pixel_4/10057} BLOCKED
05-26 06:21:06.192   580  2191 I AppsFilter: interaction: PackageSetting{b6ab3de com.crosshub.idblock/10209} -> PackageSetting{722d624 com.android.systemui.emulation.pixel_5/10060} BLOCKED
05-26 06:21:06.192   580  2191 I AppsFilter: interaction: PackageSetting{b6ab3de com.crosshub.idblock/10209} -> PackageSetting{aec558d com.android.systemui.emulation.pixel_6/10061} BLOCKED
05-26 06:21:06.192   580  2191 I AppsFilter: interaction: PackageSetting{b6ab3de com.crosshub.idblock/10209} -> PackageSetting{bf9342 com.android.systemui.emulation.pixel_7/10064} BLOCKED
05-26 06:21:06.192   580  2191 I AppsFilter: interaction: PackageSetting{b6ab3de com.crosshub.idblock/10209} -> PackageSetting{77bff53 com.android.systemui.emulation.pixel_8/10067} BLOCKED
05-26 06:21:06.192   580  2191 I AppsFilter: interaction: PackageSetting{b6ab3de com.crosshub.idblock/10209} -> PackageSetting{4c93090 com.android.systemui.emulation.pixel_9/10070} BLOCKED
05-26 06:21:06.192   580  2191 I AppsFilter: interaction: PackageSetting{b6ab3de com.crosshub.idblock/10209} -> PackageSetting{5d5bd89 com.android.printspooler/10124} BLOCKED
05-26 06:21:06.192   580  2191 I AppsFilter: interaction: PackageSetting{b6ab3de com.crosshub.idblock/10209} -> PackageSetting{cb7a18e com.google.android.connectivity.resources.goldfish.overlay/10087} BLOCKED
05-26 06:21:06.192   580  2191 I AppsFilter: interaction: PackageSetting{b6ab3de com.crosshub.idblock/10209} -> PackageSetting{f3d3daf com.android.dreams.basic/10112} BLOCKED
05-26 06:21:06.192   580  2191 I AppsFilter: interaction: PackageSetting{b6ab3de com.crosshub.idblock/10209} -> PackageSetting{a38c5bc com.google.android.networkstack.tethering.emulator/10035} BLOCKED
05-26 06:21:06.192   580  2191 I AppsFilter: interaction: PackageSetting{b6ab3de com.crosshub.idblock/10209} -> PackageSetting{1d3a945 com.android.providers.settings.auto_generated_rro_product__/10051} BLOCKED
05-26 06:21:06.192   580  2191 I AppsFilter: interaction: PackageSetting{b6ab3de com.crosshub.idblock/10209} -> PackageSetting{510489a com.google.android.as.oss/10128} BLOCKED
05-26 06:21:06.192   580  2191 I AppsFilter: interaction: PackageSetting{b6ab3de com.crosshub.idblock/10209} -> PackageSetting{f2a05cb com.android.traceur.auto_generated_rro_product__/10081} BLOCKED
05-26 06:21:06.192   580  2191 I AppsFilter: interaction: PackageSetting{b6ab3de com.crosshub.idblock/10209} -> PackageSetting{8aa81a8 com.android.internal.emulation.pixel_9_pro_fold/10031} BLOCKED
05-26 06:21:06.192   580  2191 I AppsFilter: interaction: PackageSetting{b6ab3de com.crosshub.idblock/10209} -> PackageSetting{40a94c1 com.google.android.devicelockcontroller/10195} BLOCKED
05-26 06:21:06.192   580  2191 I AppsFilter: interaction: PackageSetting{b6ab3de com.crosshub.idblock/10209} -> PackageSetting{1a5466 com.google.android.dialer/10138} BLOCKED
05-26 06:21:06.193   580  2191 I AppsFilter: interaction: PackageSetting{b6ab3de com.crosshub.idblock/10209} -> PackageSetting{dd133a7 com.android.internal.emulation.pixel_3/10013} BLOCKED
05-26 06:21:06.193   580  2191 I AppsFilter: interaction: PackageSetting{b6ab3de com.crosshub.idblock/10209} -> PackageSetting{9fa1054 com.android.internal.emulation.pixel_4/10015} BLOCKED
05-26 06:21:06.193   580  2191 I AppsFilter: interaction: PackageSetting{b6ab3de com.crosshub.idblock/10209} -> PackageSetting{56abbfd com.android.internal.emulation.pixel_5/10022} BLOCKED
05-26 06:21:06.193   580  2191 I AppsFilter: interaction: PackageSetting{b6ab3de com.crosshub.idblock/10209} -> PackageSetting{66750f2 com.android.internal.emulation.pixel_6/10019} BLOCKED
05-26 06:21:06.193   580  2191 I AppsFilter: interaction: PackageSetting{b6ab3de com.crosshub.idblock/10209} -> PackageSetting{1d36343 com.android.internal.emulation.pixel_7/10026} BLOCKED
05-26 06:21:06.193   580  2191 I AppsFilter: interaction: PackageSetting{b6ab3de com.crosshub.idblock/10209} -> PackageSetting{811ddc0 com.android.internal.emulation.pixel_8/10025} BLOCKED
05-26 06:21:06.193   580  2191 I AppsFilter: interaction: PackageSetting{b6ab3de com.crosshub.idblock/10209} -> PackageSetting{3ac1af9 com.android.internal.emulation.pixel_9/10034} BLOCKED
05-26 06:21:06.193   580  2191 I AppsFilter: interaction: PackageSetting{b6ab3de com.crosshub.idblock/10209} -> PackageSetting{6158a3e com.google.android.captiveportallogin/10116} BLOCKED
05-26 06:21:06.193   580  2191 I AppsFilter: interaction: PackageSetting{b6ab3de com.crosshub.idblock/10209} -> PackageSetting{13ef09f android.auto_generated_characteristics_rro/10083} BLOCKED
05-26 06:21:06.193   580  2191 I AppsFilter: interaction: PackageSetting{b6ab3de com.crosshub.idblock/10209} -> PackageSetting{f1715ec com.google.android.appsearch.apk/10208} BLOCKED
05-26 06:21:06.194   580  2191 I AppsFilter: interaction: PackageSetting{b6ab3de com.crosshub.idblock/10209} -> PackageSetting{60a6db5 com.android.musicfx/10105} BLOCKED
05-26 06:21:06.194   580  2191 I AppsFilter: interaction: PackageSetting{b6ab3de com.crosshub.idblock/10209} -> PackageSetting{d99caa4 com.google.android.apps.docs/10154} BLOCKED
05-26 06:21:06.194   580  2191 I AppsFilter: interaction: PackageSetting{b6ab3de com.crosshub.idblock/10209} -> PackageSetting{f7c1d95 com.google.android.apps.maps/10157} BLOCKED
05-26 06:21:06.194   580  2191 I AppsFilter: interaction: PackageSetting{b6ab3de com.crosshub.idblock/10209} -> PackageSetting{edc0c4a com.google.android.markup/10151} BLOCKED
05-26 06:21:06.194   580  2191 I AppsFilter: interaction: PackageSetting{b6ab3de com.crosshub.idblock/10209} -> PackageSetting{aabf7bb com.google.android.webview/10162} BLOCKED
05-26 06:21:06.194   580  2191 I AppsFilter: interaction: PackageSetting{b6ab3de com.crosshub.idblock/10209} -> PackageSetting{655a4d8 com.google.android.rkpdapp/10204} BLOCKED
05-26 06:21:06.194   580  2191 I AppsFilter: interaction: PackageSetting{b6ab3de com.crosshub.idblock/10209} -> PackageSetting{1c13031 com.google.android.contacts/10149} BLOCKED
05-26 06:21:06.194   580  2191 I AppsFilter: interaction: PackageSetting{b6ab3de com.crosshub.idblock/10209} -> PackageSetting{2d6a316 com.android.server.telecom.auto_generated_rro_product__/10078} BLOCKED
05-26 06:21:06.194   580  2191 I AppsFilter: interaction: PackageSetting{b6ab3de com.crosshub.idblock/10209} -> PackageSetting{4185497 com.android.phone.auto_generated_characteristics_rro/10077} BLOCKED
05-26 06:21:06.199   580  2191 I AppsFilter: interaction: PackageSetting{b6ab3de com.crosshub.idblock/10209} -> PackageSetting{bec3684 com.google.android.overlay.googleconfig/10039} BLOCKED
05-26 06:21:06.199   580  2191 I AppsFilter: interaction: PackageSetting{b6ab3de com.crosshub.idblock/10209} -> PackageSetting{a479e6d com.android.chrome/10146} BLOCKED
05-26 06:21:06.199   580  2191 I AppsFilter: interaction: PackageSetting{b6ab3de com.crosshub.idblock/10209} -> PackageSetting{811daa2 com.android.bips.auto_generated_rro_product__/10001} BLOCKED
05-26 06:21:06.199   580  2191 I AppsFilter: interaction: PackageSetting{b6ab3de com.crosshub.idblock/10209} -> PackageSetting{b83a333 com.google.android.apps.customization.pixel/10155} BLOCKED
05-26 06:21:06.199   580  2191 I AppsFilter: interaction: PackageSetting{b6ab3de com.crosshub.idblock/10209} -> PackageSetting{f3836f0 com.google.android.tag/10108} BLOCKED
05-26 06:21:06.200   580  2191 I AppsFilter: interaction: PackageSetting{b6ab3de com.crosshub.idblock/10209} -> PackageSetting{94cb469 com.google.android.overlay.permissioncontroller/10036} BLOCKED
05-26 06:21:06.200   580  2191 I AppsFilter: interaction: PackageSetting{b6ab3de com.crosshub.idblock/10209} -> PackageSetting{6d6feee com.google.android.partnersetup/10136} BLOCKED
05-26 06:21:06.200   580  2191 I AppsFilter: interaction: PackageSetting{b6ab3de com.crosshub.idblock/10209} -> PackageSetting{54b3f8f com.google.android.apps.wallpaper.nexus/10153} BLOCKED
05-26 06:21:06.200   580  2191 I AppsFilter: interaction: PackageSetting{b6ab3de com.crosshub.idblock/10209} -> PackageSetting{601d21c com.google.android.apps.nexuslauncher/10176} BLOCKED
05-26 06:21:06.200   580  2191 I AppsFilter: interaction: PackageSetting{b6ab3de com.crosshub.idblock/10209} -> PackageSetting{a732e25 com.android.theme.font.notoserifsource/10038} BLOCKED
05-26 06:21:06.200   580  2191 I AppsFilter: interaction: PackageSetting{b6ab3de com.crosshub.idblock/10209} -> PackageSetting{b81bfa com.google.android.safetycenter.resources/10191} BLOCKED
05-26 06:21:06.200   580  2191 I AppsFilter: interaction: PackageSetting{b6ab3de com.crosshub.idblock/10209} -> PackageSetting{44645ab com.android.internal.display.cutout.emulation.waterfall/10012} BLOCKED
05-26 06:21:06.200   580  2191 I AppsFilter: interaction: PackageSetting{b6ab3de com.crosshub.idblock/10209} -> PackageSetting{867f408 com.android.internal.systemui.navbar.transparent/10082} BLOCKED
05-26 06:21:06.200   580  2191 I AppsFilter: interaction: PackageSetting{b6ab3de com.crosshub.idblock/10209} -> PackageSetting{6cd87a1 com.google.android.connectivity.resources/10199} BLOCKED
05-26 06:21:06.200   580  2191 I AppsFilter: interaction: PackageSetting{b6ab3de com.crosshub.idblock/10209} -> PackageSetting{c5bfdc6 com.android.providers.contacts.auto_generated_rro_product__/10008} BLOCKED
05-26 06:21:06.200   580  2191 I AppsFilter: interaction: PackageSetting{b6ab3de com.crosshub.idblock/10209} -> PackageSetting{7a19187 com.google.android.feedback/10172} BLOCKED
05-26 06:21:06.200   580  2191 I AppsFilter: interaction: PackageSetting{b6ab3de com.crosshub.idblock/10209} -> PackageSetting{f8c48b4 com.google.android.printservice.recommendation/10121} BLOCKED
05-26 06:21:06.200   580  2191 I AppsFilter: interaction: PackageSetting{b6ab3de com.crosshub.idblock/10209} -> PackageSetting{c19fcdd com.google.android.apps.photos/10164} BLOCKED
05-26 06:21:06.200   580  2191 I AppsFilter: interaction: PackageSetting{b6ab3de com.crosshub.idblock/10209} -> PackageSetting{6988cd9 com.google.android.calendar/10150} BLOCKED
05-26 06:21:06.201   580  2191 I AppsFilter: interaction: PackageSetting{b6ab3de com.crosshub.idblock/10209} -> PackageSetting{20a3052 com.google.android.documentsui/10099} BLOCKED
05-26 06:21:06.201   580  2191 I AppsFilter: interaction: PackageSetting{b6ab3de com.crosshub.idblock/10209} -> PackageSetting{a7bbf23 com.android.systemui.emulation.pixel_3a_xl/10056} BLOCKED
05-26 06:21:06.201   580  2191 I AppsFilter: interaction: PackageSetting{b6ab3de com.crosshub.idblock/10209} -> PackageSetting{2ff3c20 com.android.systemui.emulation.pixel_6_pro/10062} BLOCKED
05-26 06:21:06.201   580  2191 I AppsFilter: interaction: PackageSetting{b6ab3de com.crosshub.idblock/10209} -> PackageSetting{bbe89d9 com.android.systemui.emulation.pixel_7_pro/10065} BLOCKED
05-26 06:21:06.201   580  2191 I AppsFilter: interaction: PackageSetting{b6ab3de com.crosshub.idblock/10209} -> PackageSetting{4f6ff9e com.android.systemui.emulation.pixel_8_pro/10068} BLOCKED
05-26 06:21:06.201   580  2191 I AppsFilter: interaction: PackageSetting{b6ab3de com.crosshub.idblock/10209} -> PackageSetting{1412a7f com.android.systemui.emulation.pixel_9_pro/10074} BLOCKED
05-26 06:21:06.201   580  2191 I AppsFilter: interaction: PackageSetting{b6ab3de com.crosshub.idblock/10209} -> PackageSetting{ebfa4c com.android.carrierconfig.auto_generated_rro_product__/10003} BLOCKED
05-26 06:21:06.201   580  2191 I AppsFilter: interaction: PackageSetting{b6ab3de com.crosshub.idblock/10209} -> PackageSetting{d84ea95 com.android.devicediagnostics.auto_generated_rro_product__/10005} BLOCKED
05-26 06:21:06.201   580  2191 I AppsFilter: interaction: PackageSetting{b6ab3de com.crosshub.idblock/10209} -> PackageSetting{54f77aa com.android.providers.partnerbookmarks/10123} BLOCKED
05-26 06:21:06.201   580  2191 I AppsFilter: interaction: PackageSetting{b6ab3de com.crosshub.idblock/10209} -> PackageSetting{c7ef9b com.android.wallpaper.livepicker/10103} BLOCKED
05-26 06:21:06.201   580  2191 I AppsFilter: interaction: PackageSetting{b6ab3de com.crosshub.idblock/10209} -> PackageSetting{d046f38 com.android.providers.telephony.auto_generated_rro_product__/10080} BLOCKED
05-26 06:21:06.201   580  2191 I AppsFilter: interaction: PackageSetting{b6ab3de com.crosshub.idblock/10209} -> PackageSetting{2169b11 com.android.phone.auto_generated_rro_vendor__/10090} BLOCKED
05-26 06:21:06.201   580  2191 I AppsFilter: interaction: PackageSetting{b6ab3de com.crosshub.idblock/10209} -> PackageSetting{7056476 com.android.imsserviceentitlement/10132} BLOCKED
05-26 06:21:06.201   580  2191 I AppsFilter: interaction: PackageSetting{b6ab3de com.crosshub.idblock/10209} -> PackageSetting{b2bea77 com.android.internal.emulation.pixel_9_pro_xl/10033} BLOCKED
05-26 06:21:06.201   580  2191 I AppsFilter: interaction: PackageSetting{b6ab3de com.crosshub.idblock/10209} -> PackageSetting{22d46e4 com.google.android.healthconnect.controller/10206} BLOCKED
05-26 06:21:06.201   580  2191 I AppsFilter: interaction: PackageSetting{b6ab3de com.crosshub.idblock/10209} -> PackageSetting{138d74d com.android.internal.emulation.pixel_2_xl/10011} BLOCKED
05-26 06:21:06.201   580  2191 I AppsFilter: interaction: PackageSetting{b6ab3de com.crosshub.idblock/10209} -> PackageSetting{95b5202 com.android.internal.emulation.pixel_3_xl/10014} BLOCKED
05-26 06:21:06.201   580  2191 I AppsFilter: interaction: PackageSetting{b6ab3de com.crosshub.idblock/10209} -> PackageSetting{e6ab713 com.android.internal.emulation.pixel_4_xl/10017} BLOCKED
05-26 06:21:06.201   580  2191 I AppsFilter: interaction: PackageSetting{b6ab3de com.crosshub.idblock/10209} -> PackageSetting{2e9ed50 com.android.internal.emulation.pixel_fold/10032} BLOCKED
05-26 06:21:06.201   580  2191 I AppsFilter: interaction: PackageSetting{b6ab3de com.crosshub.idblock/10209} -> PackageSetting{fc89b49 com.android.bookmarkprovider/10110} BLOCKED
05-26 06:21:06.201   580  2191 I AppsFilter: interaction: PackageSetting{b6ab3de com.crosshub.idblock/10209} -> PackageSetting{b308c4e com.google.android.overlay.pixelconfigcommon/10047} BLOCKED
05-26 06:21:06.201   580  2191 I AppsFilter: interaction: PackageSetting{b6ab3de com.crosshub.idblock/10209} -> PackageSetting{bfb16f com.android.systemui.accessibility.accessibilitymenu.auto_generated_rro_product__/10000} BLOCKED
05-26 06:21:06.201   580  2191 I AppsFilter: interaction: PackageSetting{b6ab3de com.crosshub.idblock/10209} -> PackageSetting{4888e7c com.android.systemui.emulation.pixel_3a/10055} BLOCKED
05-26 06:21:06.201   580  2191 I AppsFilter: interaction: PackageSetting{b6ab3de com.crosshub.idblock/10209} -> PackageSetting{976a305 com.android.systemui.emulation.pixel_4a/10059} BLOCKED
05-26 06:21:06.201   580  2191 I AppsFilter: interaction: PackageSetting{b6ab3de com.crosshub.idblock/10209} -> PackageSetting{80d1f5a com.android.systemui.emulation.pixel_6a/10063} BLOCKED
05-26 06:21:06.201   580  2191 I AppsFilter: interaction: PackageSetting{b6ab3de com.crosshub.idblock/10209} -> PackageSetting{6bff58b com.android.systemui.emulation.pixel_7a/10066} BLOCKED
05-26 06:21:06.202   580  2191 I AppsFilter: interaction: PackageSetting{b6ab3de com.crosshub.idblock/10209} -> PackageSetting{10e1668 com.android.systemui.emulation.pixel_8a/10069} BLOCKED
05-26 06:21:06.202   580  2191 I AppsFilter: interaction: PackageSetting{b6ab3de com.crosshub.idblock/10209} -> PackageSetting{a436a81 com.google.android.settings.intelligence/10142} BLOCKED
05-26 06:21:06.202   580  2191 I AppsFilter: interaction: PackageSetting{b6ab3de com.crosshub.idblock/10209} -> PackageSetting{4096bb9 com.google.android.projection.gearhead/10131} BLOCKED
05-26 06:21:06.202   580  2191 I AppsFilter: interaction: PackageSetting{b6ab3de com.crosshub.idblock/10209} -> PackageSetting{9edd726 com.google.android.uwb.resources/10185} BLOCKED
05-26 06:21:06.202   580  2191 I AppsFilter: interaction: PackageSetting{b6ab3de com.crosshub.idblock/10209} -> PackageSetting{eb6bfe com.android.cts.ctsshim/10190} BLOCKED
05-26 06:21:06.202   580  2191 I AppsFilter: interaction: PackageSetting{b6ab3de com.crosshub.idblock/10209} -> PackageSetting{f365f67 com.google.android.wifi.resources/10186} BLOCKED
05-26 06:21:06.202   580  2191 I AppsFilter: interaction: PackageSetting{b6ab3de com.crosshub.idblock/10209} -> PackageSetting{be23114 com.google.android.wifi.dialog/10188} BLOCKED
05-26 06:21:06.202   580  2191 I AppsFilter: interaction: PackageSetting{b6ab3de com.crosshub.idblock/10209} -> PackageSetting{3bb2dbd com.android.wallpaper/10179} BLOCKED
05-26 06:21:06.202   580  2191 I AppsFilter: interaction: PackageSetting{b6ab3de com.crosshub.idblock/10209} -> PackageSetting{fad2537 com.android.microdroid.empty_payload/10194} BLOCKED
05-26 06:21:06.202   580  2191 I AppsFilter: interaction: PackageSetting{b6ab3de com.crosshub.idblock/10209} -> PackageSetting{bd03fb2 com.google.android.apps.wallpaper/10180} BLOCKED
05-26 06:21:06.202   580  2191 I AppsFilter: interaction: PackageSetting{b6ab3de com.crosshub.idblock/10209} -> PackageSetting{bf8b03 com.google.android.odad/10134} BLOCKED
05-26 06:21:06.202   580  2191 I AppsFilter: interaction: PackageSetting{b6ab3de com.crosshub.idblock/10209} -> PackageSetting{53b4a80 com.android.settings.auto_generated_rro_product__/10049} BLOCKED
05-26 06:21:06.202   580  2191 I AppsFilter: interaction: PackageSetting{b6ab3de com.crosshub.idblock/10209} -> PackageSetting{9f1e8b9 com.android.systemui.emulation.pixel_9_pro_xl/10073} BLOCKED
05-26 06:21:06.202   580  2191 I AppsFilter: interaction: PackageSetting{b6ab3de com.crosshub.idblock/10209} -> PackageSetting{8fea4fe com.android.companiondevicemanager.auto_generated_characteristics_rro/10002} BLOCKED
05-26 06:21:06.202   580  2191 I AppsFilter: interaction: PackageSetting{b6ab3de com.crosshub.idblock/10209} -> PackageSetting{525d45f com.android.internal.systemui.navbar.gestural/10045} BLOCKED
05-26 06:21:06.202   580  2191 I AppsFilter: interaction: PackageSetting{b6ab3de com.crosshub.idblock/10209} -> PackageSetting{84a8eac com.google.android.apps.youtube.music/10165} BLOCKED
05-26 06:21:06.202   580  2191 I AppsFilter: interaction: PackageSetting{b6ab3de com.crosshub.idblock/10209} -> PackageSetting{43f5775 com.android.bluetoothmidiservice/10111} BLOCKED
05-26 06:21:06.202   580  2191 I AppsFilter: interaction: PackageSetting{b6ab3de com.crosshub.idblock/10209} -> PackageSetting{51c130a com.android.storagemanager.auto_generated_rro_product__/10052} BLOCKED
05-26 06:21:06.202   580  2191 I AppsFilter: interaction: PackageSetting{b6ab3de com.crosshub.idblock/10209} -> PackageSetting{e7d577b com.google.android.cellbroadcastreceiver/10205} BLOCKED
05-26 06:21:06.202   580  2191 I AppsFilter: interaction: PackageSetting{b6ab3de com.crosshub.idblock/10209} -> PackageSetting{27e998 com.android.phone.auto_generated_rro_product__/10076} BLOCKED
05-26 06:21:06.202   580  2191 I AppsFilter: interaction: PackageSetting{b6ab3de com.crosshub.idblock/10209} -> PackageSetting{dbaf5f1 com.android.systemui.emulation.pixel_9_pro_fold/10072} BLOCKED
05-26 06:21:06.202   580  2191 I AppsFilter: interaction: PackageSetting{b6ab3de com.crosshub.idblock/10209} -> PackageSetting{8f055d6 android.auto_generated_rro_product__/10084} BLOCKED
05-26 06:21:06.202   580  2191 I AppsFilter: interaction: PackageSetting{b6ab3de com.crosshub.idblock/10209} -> PackageSetting{1fff057 com.google.android.inputmethod.latin/10156} BLOCKED
05-26 06:21:06.202   580  2191 I AppsFilter: interaction: PackageSetting{b6ab3de com.crosshub.idblock/10209} -> PackageSetting{f7e0744 android.auto_generated_rro_vendor__/10088} BLOCKED
05-26 06:21:06.202   580  2191 I AppsFilter: interaction: PackageSetting{b6ab3de com.crosshub.idblock/10209} -> PackageSetting{178002d com.google.android.apps.restore/10135} BLOCKED
05-26 06:21:06.456  8039  8137 W rosshub.idblock: ClassLoaderContext classpath element checksum mismatch. expected=2903467837, found=1639739374 (DLC[];PCL[base.apk*2903467837]{PCL[/system/framework/org.apache.http.legacy.jar*437079508]#PCL[/system/framework/com.android.media.remotedisplay.jar*2042759013]#PCL[/system/framework/com.android.location.provider.jar*3414091812]#PCL[/system_ext/framework/androidx.window.extensions.jar*1060046784]#PCL[/system_ext/framework/androidx.window.sidecar.jar*2147524027]} | DLC[];PCL[/data/app/~~0EMBVzkkH8rCz6NjC2Fl7g==/com.crosshub.idblock-8oPiFKyz3tf1T_rXbY0XZw==/base.apk*1639739374])
05-26 06:21:06.460   580  2188 I AppsFilter: interaction: PackageSetting{b6ab3de com.crosshub.idblock/10209} -> PackageSetting{39dc7e7 com.android.cts.priv.ctsshim/10189} BLOCKED
05-26 06:21:06.468   580  2188 I AppsFilter: interaction: PackageSetting{b6ab3de com.crosshub.idblock/10209} -> PackageSetting{c0af94 com.google.android.youtube/10166} BLOCKED
05-26 06:21:06.468   580  2188 I AppsFilter: interaction: PackageSetting{b6ab3de com.crosshub.idblock/10209} -> PackageSetting{8020a3d com.android.internal.display.cutout.emulation.corner/10004} BLOCKED
05-26 06:21:06.468   580  2188 I AppsFilter: interaction: PackageSetting{b6ab3de com.crosshub.idblock/10209} -> PackageSetting{2b2232 com.android.internal.display.cutout.emulation.double/10006} BLOCKED
05-26 06:21:06.468   580  2188 I AppsFilter: interaction: PackageSetting{b6ab3de com.crosshub.idblock/10209} -> PackageSetting{b1ce1a9 com.google.android.googlequicksearchbox/10145} BLOCKED
05-26 06:21:06.468   580  2188 I AppsFilter: interaction: PackageSetting{b6ab3de com.crosshub.idblock/10209} -> PackageSetting{b74fb83 com.google.android.onetimeinitializer/10130} BLOCKED
05-26 06:21:06.468   580  2188 I AppsFilter: interaction: PackageSetting{b6ab3de com.crosshub.idblock/10209} -> PackageSetting{fc33100 com.google.android.ext.shared/10118} BLOCKED
05-26 06:21:06.468   580  2188 I AppsFilter: interaction: PackageSetting{b6ab3de com.crosshub.idblock/10209} -> PackageSetting{50a0d39 com.android.virtualmachine.res/10193} BLOCKED
05-26 06:21:06.468   580  2188 I AppsFilter: interaction: PackageSetting{b6ab3de com.crosshub.idblock/10209} -> PackageSetting{8652f7e com.android.managedprovisioning.auto_generated_rro_product__/10041} BLOCKED
05-26 06:21:06.468   580  2188 I AppsFilter: interaction: PackageSetting{b6ab3de com.crosshub.idblock/10209} -> PackageSetting{101ccdf com.android.carrierconfig.auto_generated_rro_vendor__/10085} BLOCKED
05-26 06:21:06.468   580  2188 I AppsFilter: interaction: PackageSetting{b6ab3de com.crosshub.idblock/10209} -> PackageSetting{daa5d2c com.google.android.server.deviceconfig.resources/10201} BLOCKED
05-26 06:21:06.468   580  2188 I AppsFilter: interaction: PackageSetting{b6ab3de com.crosshub.idblock/10209} -> PackageSetting{5f543f5 com.android.systemui.emulation.pixel_3_xl/10054} BLOCKED
05-26 06:21:06.468   580  2188 I AppsFilter: interaction: PackageSetting{b6ab3de com.crosshub.idblock/10209} -> PackageSetting{8a0c58a com.android.systemui.emulation.pixel_4_xl/10058} BLOCKED
05-26 06:21:06.468   580  2188 I AppsFilter: interaction: PackageSetting{b6ab3de com.crosshub.idblock/10209} -> PackageSetting{b6057fb com.android.systemui.emulation.pixel_fold/10071} BLOCKED
05-26 06:21:06.468   580  2188 I AppsFilter: interaction: PackageSetting{b6ab3de com.crosshub.idblock/10209} -> PackageSetting{9f62018 com.android.providers.telephony.auto_generated_characteristics_rro/10079} BLOCKED
05-26 06:21:06.468   580  2188 I AppsFilter: interaction: PackageSetting{b6ab3de com.crosshub.idblock/10209} -> PackageSetting{6232a71 com.android.simappdialog.auto_generated_rro_product__/10050} BLOCKED
05-26 06:21:06.468   580  2188 I AppsFilter: interaction: PackageSetting{b6ab3de com.crosshub.idblock/10209} -> PackageSetting{84db056 com.android.htmlviewer/10120} BLOCKED
05-26 06:21:06.468   580  2188 I AppsFilter: interaction: PackageSetting{b6ab3de com.crosshub.idblock/10209} -> PackageSetting{d5278d7 com.google.android.health.connect.backuprestore/10207} BLOCKED
05-26 06:21:06.468   580  2188 I AppsFilter: interaction: PackageSetting{b6ab3de com.crosshub.idblock/10209} -> PackageSetting{a3925c4 com.android.systemui.auto_generated_rro_product__/10075} BLOCKED
05-26 06:21:06.468   580  2188 I AppsFilter: interaction: PackageSetting{b6ab3de com.crosshub.idblock/10209} -> PackageSetting{d6efcad com.google.android.apps.messaging/10140} BLOCKED
05-26 06:21:06.468   580  2188 I AppsFilter: interaction: PackageSetting{b6ab3de com.crosshub.idblock/10209} -> PackageSetting{40c7be2 com.google.android.soundpicker/10163} BLOCKED
05-26 06:21:06.468   580  2188 I AppsFilter: interaction: PackageSetting{b6ab3de com.crosshub.idblock/10209} -> PackageSetting{9dbcb73 com.google.android.marvin.talkbackoverlay/10086} BLOCKED
05-26 06:21:06.468   580  2188 I AppsFilter: interaction: PackageSetting{b6ab3de com.crosshub.idblock/10209} -> PackageSetting{884da30 com.google.android.configupdater/10129} BLOCKED
05-26 06:21:06.468   580  2188 I AppsFilter: interaction: PackageSetting{b6ab3de com.crosshub.idblock/10209} -> PackageSetting{c2bb6a9 com.android.internal.emulation.pixel_3a_xl/10018} BLOCKED
05-26 06:21:06.468   580  2188 I AppsFilter: interaction: PackageSetting{b6ab3de com.crosshub.idblock/10209} -> PackageSetting{ffa742e com.android.internal.emulation.pixel_6_pro/10023} BLOCKED
05-26 06:21:06.468   580  2188 I AppsFilter: interaction: PackageSetting{b6ab3de com.crosshub.idblock/10209} -> PackageSetting{69dabcf com.android.internal.emulation.pixel_7_pro/10024} BLOCKED
05-26 06:21:06.469   580  2188 I AppsFilter: interaction: PackageSetting{b6ab3de com.crosshub.idblock/10209} -> PackageSetting{c95695c com.android.internal.emulation.pixel_8_pro/10028} BLOCKED
05-26 06:21:06.469   580  2188 I AppsFilter: interaction: PackageSetting{b6ab3de com.crosshub.idblock/10209} -> PackageSetting{ae01465 com.android.internal.emulation.pixel_9_pro/10029} BLOCKED
05-26 06:21:06.469   580  2188 I AppsFilter: interaction: PackageSetting{b6ab3de com.crosshub.idblock/10209} -> PackageSetting{2bda53a com.android.internal.emulation.pixel_3a/10016} BLOCKED
05-26 06:21:06.469   580  2188 I AppsFilter: interaction: PackageSetting{b6ab3de com.crosshub.idblock/10209} -> PackageSetting{7f335eb com.android.internal.emulation.pixel_4a/10020} BLOCKED
05-26 06:21:06.469   580  2188 I AppsFilter: interaction: PackageSetting{b6ab3de com.crosshub.idblock/10209} -> PackageSetting{bbdbf48 com.android.internal.emulation.pixel_6a/10021} BLOCKED
05-26 06:21:06.469   580  2188 I AppsFilter: interaction: PackageSetting{b6ab3de com.crosshub.idblock/10209} -> PackageSetting{9c291e1 com.android.internal.emulation.pixel_7a/10027} BLOCKED
